Archive member included to satisfy reference by file (symbol)

app/libapp.a(main.c.obj)      (--whole-archive)
app/libapp.a(io.c.obj)        (--whole-archive)
app/libapp.a(flash_map_extended.c.obj)
                              (--whole-archive)
app/libapp.a(os.c.obj)        (--whole-archive)
app/libapp.a(keys.c.obj)      (--whole-archive)
app/libapp.a(image_validate.c.obj)
                              (--whole-archive)
app/libapp.a(tlv.c.obj)       (--whole-archive)
app/libapp.a(encrypted.c.obj)
                              (--whole-archive)
app/libapp.a(image_rsa.c.obj)
                              (--whole-archive)
app/libapp.a(image_ecdsa.c.obj)
                              (--whole-archive)
app/libapp.a(image_ed25519.c.obj)
                              (--whole-archive)
app/libapp.a(bootutil_misc.c.obj)
                              (--whole-archive)
app/libapp.a(fault_injection_hardening.c.obj)
                              (--whole-archive)
app/libapp.a(loader.c.obj)    (--whole-archive)
app/libapp.a(swap_misc.c.obj)
                              (--whole-archive)
app/libapp.a(caps.c.obj)      (--whole-archive)
app/libapp.a(swap_move.c.obj)
                              (--whole-archive)
app/libapp.a(asn1parse.c.obj)
                              (--whole-archive)
app/libapp.a(ed25519_psa.c.obj)
                              (--whole-archive)
app/libapp.a(autogen-pubkey.c.obj)
                              (--whole-archive)
app/libapp.a(arm_cleanup.c.obj)
                              (--whole-archive)
app/libapp.a(flash_check.c.obj)
                              (--whole-archive)
app/libapp.a(nrf_cleanup.c.obj)
                              (--whole-archive)
zephyr/libzephyr.a(heap.c.obj)
                              (--whole-archive)
zephyr/libzephyr.a(cbprintf_packaged.c.obj)
                              (--whole-archive)
zephyr/libzephyr.a(printk.c.obj)
                              (--whole-archive)
zephyr/libzephyr.a(sem.c.obj)
                              (--whole-archive)
zephyr/libzephyr.a(thread_entry.c.obj)
                              (--whole-archive)
zephyr/libzephyr.a(cbprintf_complete.c.obj)
                              (--whole-archive)
zephyr/libzephyr.a(cbprintf.c.obj)
                              (--whole-archive)
zephyr/libzephyr.a(assert.c.obj)
                              (--whole-archive)
zephyr/libzephyr.a(poweroff.c.obj)
                              (--whole-archive)
zephyr/libzephyr.a(dec.c.obj)
                              (--whole-archive)
zephyr/libzephyr.a(hex.c.obj)
                              (--whole-archive)
zephyr/libzephyr.a(rb.c.obj)  (--whole-archive)
zephyr/libzephyr.a(timeutil.c.obj)
                              (--whole-archive)
zephyr/libzephyr.a(bitarray.c.obj)
                              (--whole-archive)
zephyr/libzephyr.a(onoff.c.obj)
                              (--whole-archive)
zephyr/libzephyr.a(notify.c.obj)
                              (--whole-archive)
zephyr/libzephyr.a(last_section_id.c.obj)
                              (--whole-archive)
zephyr/libzephyr.a(configs.c.obj)
                              (--whole-archive)
zephyr/libzephyr.a(mem_attr.c.obj)
                              (--whole-archive)
zephyr/libzephyr.a(flash_map.c.obj)
                              (--whole-archive)
zephyr/libzephyr.a(flash_map_layout.c.obj)
                              (--whole-archive)
zephyr/libzephyr.a(tracing_none.c.obj)
                              (--whole-archive)
zephyr/libzephyr.a(flash_util.c.obj)
                              (--whole-archive)
zephyr/libzephyr.a(flash_map_partition_manager.c.obj)
                              (--whole-archive)
zephyr/arch/common/libarch__common.a(sw_isr_common.c.obj)
                              (--whole-archive)
zephyr/arch/arch/arm/core/libarch__arm__core.a(fatal.c.obj)
                              (--whole-archive)
zephyr/arch/arch/arm/core/libarch__arm__core.a(nmi.c.obj)
                              (--whole-archive)
zephyr/arch/arch/arm/core/libarch__arm__core.a(nmi_on_reset.S.obj)
                              (--whole-archive)
zephyr/arch/arch/arm/core/cortex_m/libarch__arm__core__cortex_m.a(exc_exit.c.obj)
                              (--whole-archive)
zephyr/arch/arch/arm/core/cortex_m/libarch__arm__core__cortex_m.a(fault.c.obj)
                              (--whole-archive)
zephyr/arch/arch/arm/core/cortex_m/libarch__arm__core__cortex_m.a(fault_s.S.obj)
                              (--whole-archive)
zephyr/arch/arch/arm/core/cortex_m/libarch__arm__core__cortex_m.a(fpu.c.obj)
                              (--whole-archive)
zephyr/arch/arch/arm/core/cortex_m/libarch__arm__core__cortex_m.a(reset.S.obj)
                              (--whole-archive)
zephyr/arch/arch/arm/core/cortex_m/libarch__arm__core__cortex_m.a(scb.c.obj)
                              (--whole-archive)
zephyr/arch/arch/arm/core/cortex_m/libarch__arm__core__cortex_m.a(thread_abort.c.obj)
[...]
Memory Configuration

Name             Origin             Length             Attributes
FLASH            0x0000000000000000 0x000000000000d800 xr
RAM              0x0000000020000000 0x000000000002f000 xw
IDT_LIST         0x00000000ffff7fff 0x0000000000008000 xw
*default*        0x0000000000000000 0xffffffffffffffff

Linker script and memory map

LOAD zephyr/CMakeFiles/zephyr_final.dir/misc/empty_file.c.obj
LOAD C:\Users\Lenovo\AppData\Local\Temp\cciSRNGv.ltrans0.ltrans.o
LOAD C:\Users\Lenovo\AppData\Local\Temp\cciSRNGv.ltrans1.ltrans.o
LOAD C:\Users\Lenovo\AppData\Local\Temp\cccRPbGc.debug.temp.o
LOAD C:\Users\Lenovo\AppData\Local\Temp\ccuHm72I.debug.temp.o
LOAD C:\Users\Lenovo\AppData\Local\Temp\ccSUByRf.debug.temp.o
LOAD C:\Users\Lenovo\AppData\Local\Temp\ccg8QZFM.debug.temp.o
LOAD C:\Users\Lenovo\AppData\Local\Temp\ccW0Slfj.debug.temp.o
LOAD C:\Users\Lenovo\AppData\Local\Temp\ccQOIGTP.debug.temp.o
LOAD C:\Users\Lenovo\AppData\Local\Temp\ccKCy1xm.debug.temp.o
LOAD C:\Users\Lenovo\AppData\Local\Temp\ccyVbroS.debug.temp.o
LOAD C:\Users\Lenovo\AppData\Local\Temp\ccC8Nhjo.debug.temp.o
LOAD C:\Users\Lenovo\AppData\Local\Temp\ccE64GZT.debug.temp.o
LOAD C:\Users\Lenovo\AppData\Local\Temp\ccqeZJKp.debug.temp.o
LOAD C:\Users\Lenovo\AppData\Local\Temp\ccAAcoSV.debug.temp.o
LOAD C:\Users\Lenovo\AppData\Local\Temp\cc0oYS4r.debug.temp.o
LOAD C:\Users\Lenovo\AppData\Local\Temp\ccqdKnhY.debug.temp.o
LOAD C:\Users\Lenovo\AppData\Local\Temp\cc2HI9fu.debug.temp.o
LOAD C:\Users\Lenovo\AppData\Local\Temp\ccS3iduZ.debug.temp.o
LOAD C:\Users\Lenovo\AppData\Local\Temp\ccIpTgIu.debug.temp.o
LOAD C:\Users\Lenovo\AppData\Local\Temp\ccaJ0W0Z.debug.temp.o
LOAD C:\Users\Lenovo\AppData\Local\Temp\ccWmRv5u.debug.temp.o
LOAD C:\Users\Lenovo\AppData\Local\Temp\ccm1vHe0.debug.temp.o
LOAD C:\Users\Lenovo\AppData\Local\Temp\ccAXqRJv.debug.temp.o
LOAD C:\Users\Lenovo\AppData\Local\Temp\ccOTl1e1.debug.temp.o
LOAD C:\Users\Lenovo\AppData\Local\Temp\ccGO1wOw.debug.temp.o
LOAD C:\Users\Lenovo\AppData\Local\Temp\ccIS9ra2.debug.temp.o
LOAD C:\Users\Lenovo\AppData\Local\Temp\ccKWhnwx.debug.temp.o
LOAD C:\Users\Lenovo\AppData\Local\Temp\ccabBiX2.debug.temp.o
LOAD C:\Users\Lenovo\AppData\Local\Temp\ccqM60zx.debug.temp.o
LOAD C:\Users\Lenovo\AppData\Local\Temp\cck4bSi2.debug.temp.o
LOAD C:\Users\Lenovo\AppData\Local\Temp\ccemhJ1w.debug.temp.o
LOAD C:\Users\Lenovo\AppData\Local\Temp\cccEZYw1.debug.temp.o
LOAD C:\Users\Lenovo\AppData\Local\Temp\cckHRE6v.debug.temp.o
LOAD C:\Users\Lenovo\AppData\Local\Temp\ccsKJkG0.debug.temp.o
LOAD C:\Users\Lenovo\AppData\Local\Temp\cc4Ij2Cv.debug.temp.o
LOAD C:\Users\Lenovo\AppData\Local\Temp\ccWBSaE0.debug.temp.o
LOAD C:\Users\Lenovo\AppData\Local\Temp\ccOurjFv.debug.temp.o
LOAD C:\Users\Lenovo\AppData\Local\Temp\ccQwsRs0.debug.temp.o
LOAD C:\Users\Lenovo\AppData\Local\Temp\cc2fxhkv.debug.temp.o
LOAD C:\Users\Lenovo\AppData\Local\Temp\ccw8ld43.debug.temp.o
LOAD C:\Users\Lenovo\AppData\Local\Temp\cc00a9NC.debug.temp.o
LOAD C:\Users\Lenovo\AppData\Local\Temp\ccQskFCb.debug.temp.o
LOAD C:\Users\Lenovo\AppData\Local\Temp\ccWKk1dK.debug.temp.o
LOAD C:\Users\Lenovo\AppData\Local\Temp\ccOdcKTi.debug.temp.o
LOAD C:\Users\Lenovo\AppData\Local\Temp\ccKsnZAR.debug.temp.o
LOAD C:\Users\Lenovo\AppData\Local\Temp\ccGHyeiq.debug.temp.o
LOAD C:\Users\Lenovo\AppData\Local\Temp\ccwrV0lZ.debug.temp.o
LOAD C:\Users\Lenovo\AppData\Local\Temp\ccKNTnuy.debug.temp.o
LOAD C:\Users\Lenovo\AppData\Local\Temp\ccY9RKC7.debug.temp.o
LOAD C:\Users\Lenovo\AppData\Local\Temp\ccmdSWxG.debug.temp.o
LOAD C:\Users\Lenovo\AppData\Local\Temp\ccYB3qxf.debug.temp.o
LOAD C:\Users\Lenovo\AppData\Local\Temp\ccwiVNGN.debug.temp.o
LOAD C:\Users\Lenovo\AppData\Local\Temp\ccopHVTl.debug.temp.o
LOAD C:\Users\Lenovo\AppData\Local\Temp\ccgwt36T.debug.temp.o
LOAD C:\Users\Lenovo\AppData\Local\Temp\cciMHA6r.debug.temp.o
LOAD C:\Users\Lenovo\AppData\Local\Temp\cck2V75Z.debug.temp.o
LOAD C:\Users\Lenovo\AppData\Local\Temp\ccCc959x.debug.temp.o
LOAD C:\Users\Lenovo\AppData\Local\Temp\ccurT6A6.debug.temp.o
LOAD C:\Users\Lenovo\AppData\Local\Temp\ccmGD71E.debug.temp.o
LOAD C:\Users\Lenovo\AppData\Local\Temp\ccoGxyxd.debug.temp.o
LOAD C:\Users\Lenovo\AppData\Local\Temp\ccGYIpPL.debug.temp.o
LOAD C:\Users\Lenovo\AppData\Local\Temp\ccYgUg7j.debug.temp.o
LOAD C:\Users\Lenovo\AppData\Local\Temp\ccO6PfvS.debug.temp.o
LOAD C:\Users\Lenovo\AppData\Local\Temp\ccQQZ44p.debug.temp.o
LOAD C:\Users\Lenovo\AppData\Local\Temp\ccSA9TEX.debug.temp.o
LOAD C:\Users\Lenovo\AppData\Local\Temp\ccWXsGjv.debug.temp.o
LOAD C:\Users\Lenovo\AppData\Local\Temp\ccaueSK2.debug.temp.o
LOAD C:\Users\Lenovo\AppData\Local\Temp\cc411pgA.debug.temp.o
LOAD C:\Users\Lenovo\AppData\Local\Temp\ccMR5V77.debug.temp.o
LOAD C:\Users\Lenovo\AppData\Local\Temp\ccuH9rZF.debug.temp.o
LOAD C:\Users\Lenovo\AppData\Local\Temp\ccyA1pVd.debug.temp.o
LOAD C:\Users\Lenovo\AppData\Local\Temp\ccMClNDL.debug.temp.o
LOAD C:\Users\Lenovo\AppData\Local\Temp\cc0EFamj.debug.temp.o
LOAD C:\Users\Lenovo\AppData\Local\Temp\ccwIlx9Q.debug.temp.o
LOAD C:\Users\Lenovo\AppData\Local\Temp\ccYh3H8n.debug.temp.o
LOAD C:\Users\Lenovo\AppData\Local\Temp\ccqRKS7U.debug.temp.o
LOAD C:\Users\Lenovo\AppData\Local\Temp\ccu2rE8r.debug.temp.o
LOAD C:\Users\Lenovo\AppData\Local\Temp\ccQGVZdZ.debug.temp.o
LOAD C:\Users\Lenovo\AppData\Local\Temp\ccclpljw.debug.temp.o
LOAD C:\Users\Lenovo\AppData\Local\Temp\ccGzxXa3.debug.temp.o
LOAD C:\Users\Lenovo\AppData\Local\Temp\ccaOFz2z.debug.temp.o
LOAD C:\Users\Lenovo\AppData\Local\Temp\ccUum2Y6.debug.temp.o
LOAD C:\Users\Lenovo\AppData\Local\Temp\ccEb3uVD.debug.temp.o
LOAD C:\Users\Lenovo\AppData\Local\Temp\ccM62yeb.debug.temp.o
LOAD C:\Users\Lenovo\AppData\Local\Temp\cciEEdCI.debug.temp.o
LOAD C:\Users\Lenovo\AppData\Local\Temp\ccObgSZf.debug.temp.o
LOAD C:\Users\Lenovo\AppData\Local\Temp\cceUud9M.debug.temp.o
LOAD C:\Users\Lenovo\AppData\Local\Temp\ccECJyik.debug.temp.o
LOAD C:\Users\Lenovo\AppData\Local\Temp\ccoPYcwR.debug.temp.o
LOAD C:\Users\Lenovo\AppData\Local\Temp\cccqF1Cs.debug.temp.o
LOAD C:\Users\Lenovo\AppData\Local\Temp\cc00lQJ3.debug.temp.o
LOAD C:\Users\Lenovo\AppData\Local\Temp\cc64OeVE.debug.temp.o
LOAD C:\Users\Lenovo\AppData\Local\Temp\cckJWTSf.debug.temp.o
LOAD C:\Users\Lenovo\AppData\Local\Temp\ccyn4yQQ.debug.temp.o
LOAD C:\Users\Lenovo\AppData\Local\Temp\ccIDIgUr.debug.temp.o
LOAD C:\Users\Lenovo\AppData\Local\Temp\ccmN1Ik3.debug.temp.o
LOAD C:\Users\Lenovo\AppData\Local\Temp\cc0WkbLE.debug.temp.o
LOAD C:\Users\Lenovo\AppData\Local\Temp\ccORN3fg.debug.temp.o
LOAD C:\Users\Lenovo\AppData\Local\Temp\ccCMgWKR.debug.temp.o
LOAD C:\Users\Lenovo\AppData\Local\Temp\ccI4kw2s.debug.temp.o
LOAD C:\Users\Lenovo\AppData\Local\Temp\cc6jFxo4.debug.temp.o
LOAD C:\Users\Lenovo\AppData\Local\Temp\ccuzZyKF.debug.temp.o
LOAD C:\Users\Lenovo\AppData\Local\Temp\ccGaiEig.debug.temp.o
LOAD C:\Users\Lenovo\AppData\Local\Temp\cc6ycCUQ.debug.temp.o
LOAD C:\Users\Lenovo\AppData\Local\Temp\ccwX6zwr.debug.temp.o
LOAD C:\Users\Lenovo\AppData\Local\Temp\ccWd3EU1.debug.temp.o
LOAD C:\Users\Lenovo\AppData\Local\Temp\ccmuZJiC.debug.temp.o
LOAD C:\Users\Lenovo\AppData\Local\Temp\ccaV6OLc.debug.temp.o
LOAD C:\Users\Lenovo\AppData\Local\Temp\cc483sBN.debug.temp.o
LOAD C:\Users\Lenovo\AppData\Local\Temp\ccaHYFvo.debug.temp.o
LOAD C:\Users\Lenovo\AppData\Local\Temp\ccKwyj9Y.debug.temp.o
LOAD C:\Users\Lenovo\AppData\Local\Temp\ccOTtTTz.debug.temp.o
LOAD C:\Users\Lenovo\AppData\Local\Temp\ccSgptEa.debug.temp.o
LOAD C:\Users\Lenovo\AppData\Local\Temp\ccS5fjAK.debug.temp.o
LOAD C:\Users\Lenovo\AppData\Local\Temp\ccaSmAAk.debug.temp.o
LOAD C:\Users\Lenovo\AppData\Local\Temp\ccaduisU.debug.temp.o
LOAD C:\Users\Lenovo\AppData\Local\Temp\ccI5nbHu.debug.temp.o
LOAD C:\Users\Lenovo\AppData\Local\Temp\ccwoND04.debug.temp.o
LOAD C:\Users\Lenovo\AppData\Local\Temp\ccQlDh6E.debug.temp.o
LOAD C:\Users\Lenovo\AppData\Local\Temp\ccUmXJff.debug.temp.o
LOAD C:\Users\Lenovo\AppData\Local\Temp\ccYnhcpP.debug.temp.o
LOAD C:\Users\Lenovo\AppData\Local\Temp\ccGtpGOo.debug.temp.o
LOAD C:\Users\Lenovo\AppData\Local\Temp\ccO6bC0X.debug.temp.o
LOAD C:\Users\Lenovo\AppData\Local\Temp\ccM0nVgx.debug.temp.o
LOAD C:\Users\Lenovo\AppData\Local\Temp\cc4wiaL6.debug.temp.o
LOAD C:\Users\Lenovo\AppData\Local\Temp\cc4hZBoK.debug.temp.o
LOAD C:\Users\Lenovo\AppData\Local\Temp\cce6Uxfn.debug.temp.o
LOAD C:\Users\Lenovo\AppData\Local\Temp\ccKXEVa0.debug.temp.o
LOAD C:\Users\Lenovo\AppData\Local\Temp\cc4Yo5SC.debug.temp.o
LOAD C:\Users\Lenovo\AppData\Local\Temp\cc43dSFf.debug.temp.o
LOAD C:\Users\Lenovo\AppData\Local\Temp\ccoLh7OS.debug.temp.o
LOAD C:\Users\Lenovo\AppData\Local\Temp\ccWfXe2v.debug.temp.o
LOAD C:\Users\Lenovo\AppData\Local\Temp\ccqYw308.debug.temp.o
LOAD C:\Users\Lenovo\AppData\Local\Temp\ccqxRK4L.debug.temp.o
LOAD C:\Users\Lenovo\AppData\Local\Temp\ccq6bs8o.debug.temp.o
LOAD C:\Users\Lenovo\AppData\Local\Temp\cciBw5n1.debug.temp.o
LOAD C:\Users\Lenovo\AppData\Local\Temp\ccy2U0tD.debug.temp.o
LOAD C:\Users\Lenovo\AppData\Local\Temp\ccccCV4f.debug.temp.o
LOAD C:\Users\Lenovo\AppData\Local\Temp\cccVDqKS.debug.temp.o
LOAD C:\Users\Lenovo\AppData\Local\Temp\ccsuwLcv.debug.temp.o
LOAD C:\Users\Lenovo\AppData\Local\Temp\ccYrRoJ7.debug.temp.o
LOAD C:\Users\Lenovo\AppData\Local\Temp\cce5ZorJ.debug.temp.o
LOAD C:\Users\Lenovo\AppData\Local\Temp\ccQF1e0k.debug.temp.o
LOAD C:\Users\Lenovo\AppData\Local\Temp\cc6iUYDW.debug.temp.o
LOAD C:\Users\Lenovo\AppData\Local\Temp\ccSSItEy.debug.temp.o
LOAD C:\Users\Lenovo\AppData\Local\Temp\ccmTvG0d.debug.temp.o
LOAD C:\Users\Lenovo\AppData\Local\Temp\ccULlZdW.debug.temp.o
LOAD C:\Users\Lenovo\AppData\Local\Temp\ccubyHgD.debug.temp.o
LOAD C:\Users\Lenovo\AppData\Local\Temp\ccoVpcxj.debug.temp.o
LOAD C:\Users\Lenovo\AppData\Local\Temp\ccAkmba4.debug.temp.o
LOAD C:\Users\Lenovo\AppData\Local\Temp\cc6fWeqN.debug.temp.o
LOAD C:\Users\Lenovo\AppData\Local\Temp\ccEwqcvA.debug.temp.o
LOAD C:\Users\Lenovo\AppData\Local\Temp\ccGKr71l.debug.temp.o
LOAD C:\Users\Lenovo\AppData\Local\Temp\ccc2g176.debug.temp.o
LOAD C:\Users\Lenovo\AppData\Local\Temp\ccm87FFW.debug.temp.o
LOAD C:\Users\Lenovo\AppData\Local\Temp\cc2CpEZK.debug.temp.o
LOAD C:\Users\Lenovo\AppData\Local\Temp\ccory2IC.debug.temp.o
LOAD C:\Users\Lenovo\AppData\Local\Temp\ccoKkcit.debug.temp.o
LOAD C:\Users\Lenovo\AppData\Local\Temp\ccSKDzrj.debug.temp.o
LOAD C:\Users\Lenovo\AppData\Local\Temp\cck27Dm9.debug.temp.o
LOAD C:\Users\Lenovo\AppData\Local\Temp\cc2J7hmZ.debug.temp.o
LOAD C:\Users\Lenovo\AppData\Local\Temp\ccKr7VlP.debug.temp.o
LOAD C:\Users\Lenovo\AppData\Local\Temp\ccohmbeJ.debug.temp.o
LOAD C:\Users\Lenovo\AppData\Local\Temp\ccoIYhbD.debug.temp.o
LOAD C:\Users\Lenovo\AppData\Local\Temp\ccCS4FUw.debug.temp.o
LOAD C:\Users\Lenovo\AppData\Local\Temp\cc2m8CIq.debug.temp.o
LOAD C:\Users\Lenovo\AppData\Local\Temp\cceQMlQk.debug.temp.o
LOAD C:\Users\Lenovo\AppData\Local\Temp\ccEECm2e.debug.temp.o
LOAD C:\Users\Lenovo\AppData\Local\Temp\ccy6EP08.debug.temp.o
LOAD C:\Users\Lenovo\AppData\Local\Temp\ccOFBi42.debug.temp.o
LOAD C:\Users\Lenovo\AppData\Local\Temp\ccic3BjW.debug.temp.o
LOAD C:\Users\Lenovo\AppData\Local\Temp\ccMIuVyP.debug.temp.o
LOAD C:\Users\Lenovo\AppData\Local\Temp\cccv9sEI.debug.temp.o
LOAD C:\Users\Lenovo\AppData\Local\Temp\ccQ8vrOB.debug.temp.o
LOAD C:\Users\Lenovo\AppData\Local\Temp\ccUB2qlv.debug.temp.o
LOAD C:\Users\Lenovo\AppData\Local\Temp\cck8mSWo.debug.temp.o
LOAD C:\Users\Lenovo\AppData\Local\Temp\ccUN9Iki.debug.temp.o
LOAD C:\Users\Lenovo\AppData\Local\Temp\cc66eIOb.debug.temp.o
LOAD C:\Users\Lenovo\AppData\Local\Temp\ccGsXbt4.debug.temp.o
LOAD C:\Users\Lenovo\AppData\Local\Temp\ccgOFF7W.debug.temp.o
LOAD C:\Users\Lenovo\AppData\Local\Temp\ccIFmbSP.debug.temp.o
LOAD C:\Users\Lenovo\AppData\Local\Temp\ccoM36oI.debug.temp.o
LOAD C:\Users\Lenovo\AppData\Local\Temp\cckNJt0A.debug.temp.o
LOAD C:\Users\Lenovo\AppData\Local\Temp\ccgOpQBt.debug.temp.o
LOAD C:\Users\Lenovo\AppData\Local\Temp\ccURDBCm.debug.temp.o
LOAD C:\Users\Lenovo\AppData\Local\Temp\cc2EfHHf.debug.temp.o
LOAD C:\Users\Lenovo\AppData\Local\Temp\cckBjcz8.debug.temp.o
LOAD C:\Users\Lenovo\AppData\Local\Temp\cceL2ft1.debug.temp.o
LOAD C:\Users\Lenovo\AppData\Local\Temp\ccWOjNzT.debug.temp.o
LOAD C:\Users\Lenovo\AppData\Local\Temp\ccSdMCKL.debug.temp.o
LOAD C:\Users\Lenovo\AppData\Local\Temp\cckZtqJD.debug.temp.o
LOAD C:\Users\Lenovo\AppData\Local\Temp\cc4dYNMv.debug.temp.o
LOAD C:\Users\Lenovo\AppData\Local\Temp\cccHLMco.debug.temp.o
LOAD C:\Users\Lenovo\AppData\Local\Temp\cckazLCg.debug.temp.o
LOAD C:\Users\Lenovo\AppData\Local\Temp\ccgVAF78.debug.temp.o
LOAD C:\Users\Lenovo\AppData\Local\Temp\ccUCHMo1.debug.temp.o
LOAD C:\Users\Lenovo\AppData\Local\Temp\cciurxKT.debug.temp.o
LOAD C:\Users\Lenovo\AppData\Local\Temp\ccGlbi6L.debug.temp.o
LOAD zephyr/CMakeFiles/zephyr_final.dir/isr_tables.c.obj
LOAD zephyr/CMakeFiles/offsets.dir/./arch/arm/core/offsets/offsets.c.obj
LOAD app/libapp.a
LOAD zephyr/libzephyr.a
LOAD zephyr/arch/common/libarch__common.a
LOAD zephyr/arch/arch/arm/core/libarch__arm__core.a
LOAD zephyr/arch/arch/arm/core/cortex_m/libarch__arm__core__cortex_m.a
LOAD zephyr/arch/arch/arm/core/cortex_m/cmse/libarch__arm__core__cortex_m__cmse.a
LOAD zephyr/arch/arch/arm/core/mpu/libarch__arm__core__mpu.a
LOAD zephyr/lib/libc/minimal/liblib__libc__minimal.a
LOAD zephyr/lib/libc/common/liblib__libc__common.a
LOAD zephyr/soc/soc/nrf54l15/libsoc__nordic.a
LOAD zephyr/drivers/cache/libdrivers__cache.a
LOAD zephyr/drivers/clock_control/libdrivers__clock_control.a
LOAD zephyr/drivers/flash/libdrivers__flash.a
LOAD zephyr/drivers/gpio/libdrivers__gpio.a
LOAD zephyr/drivers/pinctrl/libdrivers__pinctrl.a
LOAD zephyr/drivers/sensor/nordic/temp/libdrivers__sensor__nordic__temp.a
LOAD zephyr/drivers/spi/libdrivers__spi.a
LOAD zephyr/drivers/timer/libdrivers__timer.a
LOAD modules/nrf/lib/fprotect/lib..__nrf__lib__fprotect.a
LOAD modules/nrf/subsys/nrf_security/src/zephyr/libmbedtls_zephyr.a
LOAD modules/mcuboot/boot/bootutil/zephyr/libmcuboot_util.a
LOAD modules/hal_nordic/modules/hal_nordic/nrfx/libmodules__hal_nordic__nrfx.a
LOAD zephyr/kernel/libkernel.a
LOAD zephyr/arch/common/libisr_tables.a
LOAD modules/nrf/subsys/nrf_security/src/libmbedcrypto.a
LOAD modules/nrf/subsys/nrf_security/src/core/nrf_oberon/liboberon_psa_core.a
LOAD modules/nrf/subsys/nrf_security/src/drivers/cracen/libcracen_psa_driver.a
LOAD modules/nrf/subsys/nrf_security/src/libmbedcrypto_base.a
LOAD modules/nrf/subsys/nrf_security/src/libnrf_security_utils.a
LOAD zephyr/kernel/libkernel.a
LOAD c:/ncs/toolchains/0b393f9e1b/opt/zephyr-sdk/arm-zephyr-eabi/bin/../lib/gcc/arm-zephyr-eabi/12.2.0/thumb/v8-m.main/nofp\libgcc.a
                0x0000000000000020                _region_min_align = 0x20

.rel.plt        0x0000000000000000        0x0
 *(SORT_BY_ALIGNMENT(.rel.plt))
                [!provide]                        PROVIDE (__rel_iplt_start = .)
 *(SORT_BY_ALIGNMENT(.rel.iplt))
 .rel.iplt      0x0000000000000000        0x0 zephyr/arch/arch/arm/core/libarch__arm__core.a(nmi_on_reset.S.obj)
                [!provide]                        PROVIDE (__rel_iplt_end = .)

.rela.plt       0x0000000000000000        0x0
 *(SORT_BY_ALIGNMENT(.rela.plt))
                [!provide]                        PROVIDE (__rela_iplt_start = .)
 *(SORT_BY_ALIGNMENT(.rela.iplt))
                [!provide]                        PROVIDE (__rela_iplt_end = .)

.rel.dyn
 *(SORT_BY_ALIGNMENT(.rel.*))

.rela.dyn
 *(SORT_BY_ALIGNMENT(.rela.*))

/DISCARD/
 *(SORT_BY_ALIGNMENT(.plt))

/DISCARD/
 *(SORT_BY_ALIGNMENT(.iplt))
                0x0000000000000000                __rom_region_start = 0x0

rom_start       0x0000000000000000      0x47c
                0x0000000000000000                __rom_start_address = .
 FILL mask 0x00
                0x0000000000000000                . = (. + (0x0 - (. - __rom_start_address)))
                0x0000000000000000                . = ALIGN (0x4)
                0x0000000000000000                . = ALIGN (0x80)
                0x0000000000000000                . = ALIGN (0x800)
                0x0000000000000000                _vector_start = .
 *(SORT_BY_ALIGNMENT(.exc_vector_table))
 *(SORT_BY_ALIGNMENT(.exc_vector_table.*))
 .exc_vector_table._vector_table_section
                0x0000000000000000       0x40 zephyr/arch/arch/arm/core/cortex_m/libarch__arm__core__cortex_m.a(vector_table.S.obj)
                0x0000000000000000                _vector_table
                0x0000000000000040                _irq_vector_table = .
 *(SORT_BY_ALIGNMENT(.irq_spurious.0x0))
 .irq_spurious.0x0
                0x0000000000000040        0x4 C:\Users\Lenovo\AppData\Local\Temp\cciSRNGv.ltrans0.ltrans.o
 *(SORT_BY_ALIGNMENT(.irq_spurious.0x1))
 .irq_spurious.0x1
                0x0000000000000044        0x4 C:\Users\Lenovo\AppData\Local\Temp\cciSRNGv.ltrans0.ltrans.o
 *(SORT_BY_ALIGNMENT(.irq_spurious.0x2))
 .irq_spurious.0x2
                0x0000000000000048        0x4 C:\Users\Lenovo\AppData\Local\Temp\cciSRNGv.ltrans0.ltrans.o
 *(SORT_BY_ALIGNMENT(.irq_spurious.0x3))
 .irq_spurious.0x3
                0x000000000000004c        0x4 C:\Users\Lenovo\AppData\Local\Temp\cciSRNGv.ltrans0.ltrans.o
 *(SORT_BY_ALIGNMENT(.irq_spurious.0x4))
 .irq_spurious.0x4
                0x0000000000000050        0x4 C:\Users\Lenovo\AppData\Local\Temp\cciSRNGv.ltrans0.ltrans.o
 *(SORT_BY_ALIGNMENT(.irq_spurious.0x5))
 .irq_spurious.0x5
                0x0000000000000054        0x4 C:\Users\Lenovo\AppData\Local\Temp\cciSRNGv.ltrans0.ltrans.o
 *(SORT_BY_ALIGNMENT(.irq_spurious.0x6))
 .irq_spurious.0x6
                0x0000000000000058        0x4 C:\Users\Lenovo\AppData\Local\Temp\cciSRNGv.ltrans0.ltrans.o
 *(SORT_BY_ALIGNMENT(.irq_spurious.0x7))
 .irq_spurious.0x7
                0x000000000000005c        0x4 C:\Users\Lenovo\AppData\Local\Temp\cciSRNGv.ltrans0.ltrans.o
 *(SORT_BY_ALIGNMENT(.irq_spurious.0x8))
 .irq_spurious.0x8
                0x0000000000000060        0x4 C:\Users\Lenovo\AppData\Local\Temp\cciSRNGv.ltrans0.ltrans.o
 *(SORT_BY_ALIGNMENT(.irq_spurious.0x9))
 .irq_spurious.0x9
                0x0000000000000064        0x4 C:\Users\Lenovo\AppData\Local\Temp\cciSRNGv.ltrans0.ltrans.o
 *(SORT_BY_ALIGNMENT(.irq_spurious.0xa))
 .irq_spurious.0xa
                0x0000000000000068        0x4 C:\Users\Lenovo\AppData\Local\Temp\cciSRNGv.ltrans0.ltrans.o
 *(SORT_BY_ALIGNMENT(.irq_spurious.0xb))
 .irq_spurious.0xb
                0x000000000000006c        0x4 C:\Users\Lenovo\AppData\Local\Temp\cciSRNGv.ltrans0.ltrans.o
 *(SORT_BY_ALIGNMENT(.irq_spurious.0xc))
 .irq_spurious.0xc
                0x0000000000000070        0x4 C:\Users\Lenovo\AppData\Local\Temp\cciSRNGv.ltrans0.ltrans.o
 *(SORT_BY_ALIGNMENT(.irq_spurious.0xd))
 .irq_spurious.0xd
                0x0000000000000074        0x4 C:\Users\Lenovo\AppData\Local\Temp\cciSRNGv.ltrans0.ltrans.o
 *(SORT_BY_ALIGNMENT(.irq_spurious.0xe))
 .irq_spurious.0xe
                0x0000000000000078        0x4 C:\Users\Lenovo\AppData\Local\Temp\cciSRNGv.ltrans0.ltrans.o
 *(SORT_BY_ALIGNMENT(.irq_spurious.0xf))
 .irq_spurious.0xf
                0x000000000000007c        0x4 C:\Users\Lenovo\AppData\Local\Temp\cciSRNGv.ltrans0.ltrans.o
 *(SORT_BY_ALIGNMENT(.irq_spurious.0x10))
 .irq_spurious.0x10
                0x0000000000000080        0x4 C:\Users\Lenovo\AppData\Local\Temp\cciSRNGv.ltrans0.ltrans.o
 *(SORT_BY_ALIGNMENT(.irq_spurious.0x11))
 .irq_spurious.0x11
                0x0000000000000084        0x4 C:\Users\Lenovo\AppData\Local\Temp\cciSRNGv.ltrans0.ltrans.o
 *(SORT_BY_ALIGNMENT(.irq_spurious.0x12))
 .irq_spurious.0x12
                0x0000000000000088        0x4 C:\Users\Lenovo\AppData\Local\Temp\cciSRNGv.ltrans0.ltrans.o
 *(SORT_BY_ALIGNMENT(.irq_spurious.0x13))
 .irq_spurious.0x13
                0x000000000000008c        0x4 C:\Users\Lenovo\AppData\Local\Temp\cciSRNGv.ltrans0.ltrans.o
 *(SORT_BY_ALIGNMENT(.irq_spurious.0x14))
 .irq_spurious.0x14
                0x0000000000000090        0x4 C:\Users\Lenovo\AppData\Local\Temp\cciSRNGv.ltrans0.ltrans.o
 *(SORT_BY_ALIGNMENT(.irq_spurious.0x15))
 .irq_spurious.0x15
                0x0000000000000094        0x4 C:\Users\Lenovo\AppData\Local\Temp\cciSRNGv.ltrans0.ltrans.o
 *(SORT_BY_ALIGNMENT(.irq_spurious.0x16))
 .irq_spurious.0x16
                0x0000000000000098        0x4 C:\Users\Lenovo\AppData\Local\Temp\cciSRNGv.ltrans0.ltrans.o
 *(SORT_BY_ALIGNMENT(.irq_spurious.0x17))
 .irq_spurious.0x17
                0x000000000000009c        0x4 C:\Users\Lenovo\AppData\Local\Temp\cciSRNGv.ltrans0.ltrans.o
 *(SORT_BY_ALIGNMENT(.irq_spurious.0x18))
 .irq_spurious.0x18
                0x00000000000000a0        0x4 C:\Users\Lenovo\AppData\Local\Temp\cciSRNGv.ltrans0.ltrans.o
 *(SORT_BY_ALIGNMENT(.irq_spurious.0x19))
 .irq_spurious.0x19
                0x00000000000000a4        0x4 C:\Users\Lenovo\AppData\Local\Temp\cciSRNGv.ltrans0.ltrans.o
 *(SORT_BY_ALIGNMENT(.irq_spurious.0x1a))
 .irq_spurious.0x1a
                0x00000000000000a8        0x4 C:\Users\Lenovo\AppData\Local\Temp\cciSRNGv.ltrans0.ltrans.o
 *(SORT_BY_ALIGNMENT(.irq_spurious.0x1b))
 .irq_spurious.0x1b
                0x00000000000000ac        0x4 C:\Users\Lenovo\AppData\Local\Temp\cciSRNGv.ltrans0.ltrans.o
 *(SORT_BY_ALIGNMENT(.irq_spurious.0x1c))
 .irq_spurious.0x1c
                0x00000000000000b0        0x4 C:\Users\Lenovo\AppData\Local\Temp\cciSRNGv.ltrans0.ltrans.o
 *(SORT_BY_ALIGNMENT(.irq_spurious.0x1d))
 .irq_spurious.0x1d
                0x00000000000000b4        0x4 C:\Users\Lenovo\AppData\Local\Temp\cciSRNGv.ltrans0.ltrans.o
 *(SORT_BY_ALIGNMENT(.irq_spurious.0x1e))
 .irq_spurious.0x1e
                0x00000000000000b8        0x4 C:\Users\Lenovo\AppData\Local\Temp\cciSRNGv.ltrans0.ltrans.o
 *(SORT_BY_ALIGNMENT(.irq_spurious.0x1f))
 .irq_spurious.0x1f
                0x00000000000000bc        0x4 C:\Users\Lenovo\AppData\Local\Temp\cciSRNGv.ltrans0.ltrans.o
 *(SORT_BY_ALIGNMENT(.irq_spurious.0x20))
 .irq_spurious.0x20
                0x00000000000000c0        0x4 C:\Users\Lenovo\AppData\Local\Temp\cciSRNGv.ltrans0.ltrans.o
 *(SORT_BY_ALIGNMENT(.irq_spurious.0x21))
 .irq_spurious.0x21
                0x00000000000000c4        0x4 C:\Users\Lenovo\AppData\Local\Temp\cciSRNGv.ltrans0.ltrans.o
 *(SORT_BY_ALIGNMENT(.irq_spurious.0x22))
 .irq_spurious.0x22
                0x00000000000000c8        0x4 C:\Users\Lenovo\AppData\Local\Temp\cciSRNGv.ltrans0.ltrans.o
 *(SORT_BY_ALIGNMENT(.irq_spurious.0x23))
 .irq_spurious.0x23
                0x00000000000000cc        0x4 C:\Users\Lenovo\AppData\Local\Temp\cciSRNGv.ltrans0.ltrans.o
 *(SORT_BY_ALIGNMENT(.irq_spurious.0x24))
 .irq_spurious.0x24
                0x00000000000000d0        0x4 C:\Users\Lenovo\AppData\Local\Temp\cciSRNGv.ltrans0.ltrans.o
 *(SORT_BY_ALIGNMENT(.irq_spurious.0x25))
 .irq_spurious.0x25
                0x00000000000000d4        0x4 C:\Users\Lenovo\AppData\Local\Temp\cciSRNGv.ltrans0.ltrans.o
 *(SORT_BY_ALIGNMENT(.irq_spurious.0x26))
 .irq_spurious.0x26
                0x00000000000000d8        0x4 C:\Users\Lenovo\AppData\Local\Temp\cciSRNGv.ltrans0.ltrans.o
 *(SORT_BY_ALIGNMENT(.irq_spurious.0x27))
 .irq_spurious.0x27
                0x00000000000000dc        0x4 C:\Users\Lenovo\AppData\Local\Temp\cciSRNGv.ltrans0.ltrans.o
 *(SORT_BY_ALIGNMENT(.irq_spurious.0x28))
 .irq_spurious.0x28
                0x00000000000000e0        0x4 C:\Users\Lenovo\AppData\Local\Temp\cciSRNGv.ltrans0.ltrans.o
 *(SORT_BY_ALIGNMENT(.irq_spurious.0x29))
 .irq_spurious.0x29
                0x00000000000000e4        0x4 C:\Users\Lenovo\AppData\Local\Temp\cciSRNGv.ltrans0.ltrans.o
 *(SORT_BY_ALIGNMENT(.irq_spurious.0x2a))
 .irq_spurious.0x2a
                0x00000000000000e8        0x4 C:\Users\Lenovo\AppData\Local\Temp\cciSRNGv.ltrans0.ltrans.o
 *(SORT_BY_ALIGNMENT(.irq_spurious.0x2b))
 .irq_spurious.0x2b
                0x00000000000000ec        0x4 C:\Users\Lenovo\AppData\Local\Temp\cciSRNGv.ltrans0.ltrans.o
 *(SORT_BY_ALIGNMENT(.irq_spurious.0x2c))
 .irq_spurious.0x2c
                0x00000000000000f0        0x4 C:\Users\Lenovo\AppData\Local\Temp\cciSRNGv.ltrans0.ltrans.o
 *(SORT_BY_ALIGNMENT(.irq_spurious.0x2d))
 .irq_spurious.0x2d
                0x00000000000000f4        0x4 C:\Users\Lenovo\AppData\Local\Temp\cciSRNGv.ltrans0.ltrans.o
 *(SORT_BY_ALIGNMENT(.irq_spurious.0x2e))
 .irq_spurious.0x2e
                0x00000000000000f8        0x4 C:\Users\Lenovo\AppData\Local\Temp\cciSRNGv.ltrans0.ltrans.o
 *(SORT_BY_ALIGNMENT(.irq_spurious.0x2f))
 .irq_spurious.0x2f
                0x00000000000000fc        0x4 C:\Users\Lenovo\AppData\Local\Temp\cciSRNGv.ltrans0.ltrans.o
 *(SORT_BY_ALIGNMENT(.irq_spurious.0x30))
 .irq_spurious.0x30
                0x0000000000000100        0x4 C:\Users\Lenovo\AppData\Local\Temp\cciSRNGv.ltrans0.ltrans.o
 *(SORT_BY_ALIGNMENT(.irq_spurious.0x31))
 .irq_spurious.0x31
                0x0000000000000104        0x4 C:\Users\Lenovo\AppData\Local\Temp\cciSRNGv.ltrans0.ltrans.o
 *(SORT_BY_ALIGNMENT(.irq_spurious.0x32))
 .irq_spurious.0x32
                0x0000000000000108        0x4 C:\Users\Lenovo\AppData\Local\Temp\cciSRNGv.ltrans0.ltrans.o
 *(SORT_BY_ALIGNMENT(.irq_spurious.0x33))
 .irq_spurious.0x33
                0x000000000000010c        0x4 C:\Users\Lenovo\AppData\Local\Temp\cciSRNGv.ltrans0.ltrans.o
 *(SORT_BY_ALIGNMENT(.irq_spurious.0x34))
 .irq_spurious.0x34
                0x0000000000000110        0x4 C:\Users\Lenovo\AppData\Local\Temp\cciSRNGv.ltrans0.ltrans.o
 *(SORT_BY_ALIGNMENT(.irq_spurious.0x35))
 .irq_spurious.0x35
                0x0000000000000114        0x4 C:\Users\Lenovo\AppData\Local\Temp\cciSRNGv.ltrans0.ltrans.o
 *(SORT_BY_ALIGNMENT(.irq_spurious.0x36))
 .irq_spurious.0x36
                0x0000000000000118        0x4 C:\Users\Lenovo\AppData\Local\Temp\cciSRNGv.ltrans0.ltrans.o
 *(SORT_BY_ALIGNMENT(.irq_spurious.0x37))
 .irq_spurious.0x37
                0x000000000000011c        0x4 C:\Users\Lenovo\AppData\Local\Temp\cciSRNGv.ltrans0.ltrans.o
 *(SORT_BY_ALIGNMENT(.irq_spurious.0x38))
 .irq_spurious.0x38
                0x0000000000000120        0x4 C:\Users\Lenovo\AppData\Local\Temp\cciSRNGv.ltrans0.ltrans.o
 *(SORT_BY_ALIGNMENT(.irq_spurious.0x39))
 .irq_spurious.0x39
                0x0000000000000124        0x4 C:\Users\Lenovo\AppData\Local\Temp\cciSRNGv.ltrans0.ltrans.o
 *(SORT_BY_ALIGNMENT(.irq_spurious.0x3a))
 .irq_spurious.0x3a
                0x0000000000000128        0x4 C:\Users\Lenovo\AppData\Local\Temp\cciSRNGv.ltrans0.ltrans.o
 *(SORT_BY_ALIGNMENT(.irq_spurious.0x3b))
 .irq_spurious.0x3b
                0x000000000000012c        0x4 C:\Users\Lenovo\AppData\Local\Temp\cciSRNGv.ltrans0.ltrans.o
 *(SORT_BY_ALIGNMENT(.irq_spurious.0x3c))
 .irq_spurious.0x3c
                0x0000000000000130        0x4 C:\Users\Lenovo\AppData\Local\Temp\cciSRNGv.ltrans0.ltrans.o
 *(SORT_BY_ALIGNMENT(.irq_spurious.0x3d))
 .irq_spurious.0x3d
                0x0000000000000134        0x4 C:\Users\Lenovo\AppData\Local\Temp\cciSRNGv.ltrans0.ltrans.o
 *(SORT_BY_ALIGNMENT(.irq_spurious.0x3e))
 .irq_spurious.0x3e
                0x0000000000000138        0x4 C:\Users\Lenovo\AppData\Local\Temp\cciSRNGv.ltrans0.ltrans.o
 *(SORT_BY_ALIGNMENT(.irq_spurious.0x3f))
 .irq_spurious.0x3f
                0x000000000000013c        0x4 C:\Users\Lenovo\AppData\Local\Temp\cciSRNGv.ltrans0.ltrans.o
 *(SORT_BY_ALIGNMENT(.irq_spurious.0x40))
 .irq_spurious.0x40
                0x0000000000000140        0x4 C:\Users\Lenovo\AppData\Local\Temp\cciSRNGv.ltrans0.ltrans.o
 *(SORT_BY_ALIGNMENT(.irq_spurious.0x41))
 .irq_spurious.0x41
                0x0000000000000144        0x4 C:\Users\Lenovo\AppData\Local\Temp\cciSRNGv.ltrans0.ltrans.o
 *(SORT_BY_ALIGNMENT(.irq_spurious.0x42))
 .irq_spurious.0x42
                0x0000000000000148        0x4 C:\Users\Lenovo\AppData\Local\Temp\cciSRNGv.ltrans0.ltrans.o
 *(SORT_BY_ALIGNMENT(.irq_spurious.0x43))
 .irq_spurious.0x43
                0x000000000000014c        0x4 C:\Users\Lenovo\AppData\Local\Temp\cciSRNGv.ltrans0.ltrans.o
 *(SORT_BY_ALIGNMENT(.irq_spurious.0x44))
 .irq_spurious.0x44
                0x0000000000000150        0x4 C:\Users\Lenovo\AppData\Local\Temp\cciSRNGv.ltrans0.ltrans.o
 *(SORT_BY_ALIGNMENT(.irq_spurious.0x45))
 .irq_spurious.0x45
                0x0000000000000154        0x4 C:\Users\Lenovo\AppData\Local\Temp\cciSRNGv.ltrans0.ltrans.o
 *(SORT_BY_ALIGNMENT(.irq_spurious.0x46))
 .irq_spurious.0x46
                0x0000000000000158        0x4 C:\Users\Lenovo\AppData\Local\Temp\cciSRNGv.ltrans0.ltrans.o
 *(SORT_BY_ALIGNMENT(.irq_spurious.0x47))
 .irq_spurious.0x47
                0x000000000000015c        0x4 C:\Users\Lenovo\AppData\Local\Temp\cciSRNGv.ltrans0.ltrans.o
 *(SORT_BY_ALIGNMENT(.irq_spurious.0x48))
 .irq_spurious.0x48
                0x0000000000000160        0x4 C:\Users\Lenovo\AppData\Local\Temp\cciSRNGv.ltrans0.ltrans.o
 *(SORT_BY_ALIGNMENT(.irq_spurious.0x49))
 .irq_spurious.0x49
                0x0000000000000164        0x4 C:\Users\Lenovo\AppData\Local\Temp\cciSRNGv.ltrans0.ltrans.o
 *(SORT_BY_ALIGNMENT(.irq_spurious.0x4a))
 .irq_spurious.0x4a
                0x0000000000000168        0x4 C:\Users\Lenovo\AppData\Local\Temp\cciSRNGv.ltrans0.ltrans.o
 *(SORT_BY_ALIGNMENT(.irq_spurious.0x4b))
 .irq_spurious.0x4b
                0x000000000000016c        0x4 C:\Users\Lenovo\AppData\Local\Temp\cciSRNGv.ltrans0.ltrans.o
 *(SORT_BY_ALIGNMENT(.irq_spurious.0x4c))
 .irq_spurious.0x4c
                0x0000000000000170        0x4 C:\Users\Lenovo\AppData\Local\Temp\cciSRNGv.ltrans0.ltrans.o
 *(SORT_BY_ALIGNMENT(.irq_spurious.0x4d))
 .irq_spurious.0x4d
                0x0000000000000174        0x4 C:\Users\Lenovo\AppData\Local\Temp\cciSRNGv.ltrans0.ltrans.o
 *(SORT_BY_ALIGNMENT(.irq_spurious.0x4e))
 .irq_spurious.0x4e
                0x0000000000000178        0x4 C:\Users\Lenovo\AppData\Local\Temp\cciSRNGv.ltrans0.ltrans.o
 *(SORT_BY_ALIGNMENT(.irq_spurious.0x4f))
 .irq_spurious.0x4f
                0x000000000000017c        0x4 C:\Users\Lenovo\AppData\Local\Temp\cciSRNGv.ltrans0.ltrans.o
 *(SORT_BY_ALIGNMENT(.irq_spurious.0x50))
 .irq_spurious.0x50
                0x0000000000000180        0x4 C:\Users\Lenovo\AppData\Local\Temp\cciSRNGv.ltrans0.ltrans.o
 *(SORT_BY_ALIGNMENT(.irq_spurious.0x51))
 .irq_spurious.0x51
                0x0000000000000184        0x4 C:\Users\Lenovo\AppData\Local\Temp\cciSRNGv.ltrans0.ltrans.o
 *(SORT_BY_ALIGNMENT(.irq_spurious.0x52))
 .irq_spurious.0x52
                0x0000000000000188        0x4 C:\Users\Lenovo\AppData\Local\Temp\cciSRNGv.ltrans0.ltrans.o
 *(SORT_BY_ALIGNMENT(.irq_spurious.0x53))
 .irq_spurious.0x53
                0x000000000000018c        0x4 C:\Users\Lenovo\AppData\Local\Temp\cciSRNGv.ltrans0.ltrans.o
 *(SORT_BY_ALIGNMENT(.irq_spurious.0x54))
 .irq_spurious.0x54
                0x0000000000000190        0x4 C:\Users\Lenovo\AppData\Local\Temp\cciSRNGv.ltrans0.ltrans.o
 *(SORT_BY_ALIGNMENT(.irq_spurious.0x55))
 .irq_spurious.0x55
                0x0000000000000194        0x4 C:\Users\Lenovo\AppData\Local\Temp\cciSRNGv.ltrans0.ltrans.o
 *(SORT_BY_ALIGNMENT(.irq_spurious.0x56))
 .irq_spurious.0x56
                0x0000000000000198        0x4 C:\Users\Lenovo\AppData\Local\Temp\cciSRNGv.ltrans0.ltrans.o
 *(SORT_BY_ALIGNMENT(.irq_spurious.0x57))
 .irq_spurious.0x57
                0x000000000000019c        0x4 C:\Users\Lenovo\AppData\Local\Temp\cciSRNGv.ltrans0.ltrans.o
 *(SORT_BY_ALIGNMENT(.irq_spurious.0x58))
 .irq_spurious.0x58
                0x00000000000001a0        0x4 C:\Users\Lenovo\AppData\Local\Temp\cciSRNGv.ltrans0.ltrans.o
 *(SORT_BY_ALIGNMENT(.irq_spurious.0x59))
 .irq_spurious.0x59
                0x00000000000001a4        0x4 C:\Users\Lenovo\AppData\Local\Temp\cciSRNGv.ltrans0.ltrans.o
 *(SORT_BY_ALIGNMENT(.irq_spurious.0x5a))
 .irq_spurious.0x5a
                0x00000000000001a8        0x4 C:\Users\Lenovo\AppData\Local\Temp\cciSRNGv.ltrans0.ltrans.o
 *(SORT_BY_ALIGNMENT(.irq_spurious.0x5b))
 .irq_spurious.0x5b
                0x00000000000001ac        0x4 C:\Users\Lenovo\AppData\Local\Temp\cciSRNGv.ltrans0.ltrans.o
 *(SORT_BY_ALIGNMENT(.irq_spurious.0x5c))
 .irq_spurious.0x5c
                0x00000000000001b0        0x4 C:\Users\Lenovo\AppData\Local\Temp\cciSRNGv.ltrans0.ltrans.o
 *(SORT_BY_ALIGNMENT(.irq_spurious.0x5d))
 .irq_spurious.0x5d
                0x00000000000001b4        0x4 C:\Users\Lenovo\AppData\Local\Temp\cciSRNGv.ltrans0.ltrans.o
 *(SORT_BY_ALIGNMENT(.irq_spurious.0x5e))
 .irq_spurious.0x5e
                0x00000000000001b8        0x4 C:\Users\Lenovo\AppData\Local\Temp\cciSRNGv.ltrans0.ltrans.o
 *(SORT_BY_ALIGNMENT(.irq_spurious.0x5f))
 .irq_spurious.0x5f
                0x00000000000001bc        0x4 C:\Users\Lenovo\AppData\Local\Temp\cciSRNGv.ltrans0.ltrans.o
 *(SORT_BY_ALIGNMENT(.irq_spurious.0x60))
 .irq_spurious.0x60
                0x00000000000001c0        0x4 C:\Users\Lenovo\AppData\Local\Temp\cciSRNGv.ltrans0.ltrans.o
 *(SORT_BY_ALIGNMENT(.irq_spurious.0x61))
 .irq_spurious.0x61
                0x00000000000001c4        0x4 C:\Users\Lenovo\AppData\Local\Temp\cciSRNGv.ltrans0.ltrans.o
 *(SORT_BY_ALIGNMENT(.irq_spurious.0x62))
 .irq_spurious.0x62
                0x00000000000001c8        0x4 C:\Users\Lenovo\AppData\Local\Temp\cciSRNGv.ltrans0.ltrans.o
 *(SORT_BY_ALIGNMENT(.irq_spurious.0x63))
 .irq_spurious.0x63
                0x00000000000001cc        0x4 C:\Users\Lenovo\AppData\Local\Temp\cciSRNGv.ltrans0.ltrans.o
 *(SORT_BY_ALIGNMENT(.irq_spurious.0x64))
 .irq_spurious.0x64
                0x00000000000001d0        0x4 C:\Users\Lenovo\AppData\Local\Temp\cciSRNGv.ltrans0.ltrans.o
 *(SORT_BY_ALIGNMENT(.irq_spurious.0x65))
 .irq_spurious.0x65
                0x00000000000001d4        0x4 C:\Users\Lenovo\AppData\Local\Temp\cciSRNGv.ltrans0.ltrans.o
 *(SORT_BY_ALIGNMENT(.irq_spurious.0x66))
 .irq_spurious.0x66
                0x00000000000001d8        0x4 C:\Users\Lenovo\AppData\Local\Temp\cciSRNGv.ltrans0.ltrans.o
 *(SORT_BY_ALIGNMENT(.irq_spurious.0x67))
 .irq_spurious.0x67
                0x00000000000001dc        0x4 C:\Users\Lenovo\AppData\Local\Temp\cciSRNGv.ltrans0.ltrans.o
 *(SORT_BY_ALIGNMENT(.irq_spurious.0x68))
 .irq_spurious.0x68
                0x00000000000001e0        0x4 C:\Users\Lenovo\AppData\Local\Temp\cciSRNGv.ltrans0.ltrans.o
 *(SORT_BY_ALIGNMENT(.irq_spurious.0x69))
 .irq_spurious.0x69
                0x00000000000001e4        0x4 C:\Users\Lenovo\AppData\Local\Temp\cciSRNGv.ltrans0.ltrans.o
 *(SORT_BY_ALIGNMENT(.irq_spurious.0x6a))
 .irq_spurious.0x6a
                0x00000000000001e8        0x4 C:\Users\Lenovo\AppData\Local\Temp\cciSRNGv.ltrans0.ltrans.o
 *(SORT_BY_ALIGNMENT(.irq_spurious.0x6b))
 .irq_spurious.0x6b
                0x00000000000001ec        0x4 C:\Users\Lenovo\AppData\Local\Temp\cciSRNGv.ltrans0.ltrans.o
 *(SORT_BY_ALIGNMENT(.irq_spurious.0x6c))
 .irq_spurious.0x6c
                0x00000000000001f0        0x4 C:\Users\Lenovo\AppData\Local\Temp\cciSRNGv.ltrans0.ltrans.o
 *(SORT_BY_ALIGNMENT(.irq_spurious.0x6d))
 .irq_spurious.0x6d
                0x00000000000001f4        0x4 C:\Users\Lenovo\AppData\Local\Temp\cciSRNGv.ltrans0.ltrans.o
 *(SORT_BY_ALIGNMENT(.irq_spurious.0x6e))
 .irq_spurious.0x6e
                0x00000000000001f8        0x4 C:\Users\Lenovo\AppData\Local\Temp\cciSRNGv.ltrans0.ltrans.o
 *(SORT_BY_ALIGNMENT(.irq_spurious.0x6f))
 .irq_spurious.0x6f
                0x00000000000001fc        0x4 C:\Users\Lenovo\AppData\Local\Temp\cciSRNGv.ltrans0.ltrans.o
 *(SORT_BY_ALIGNMENT(.irq_spurious.0x70))
 .irq_spurious.0x70
                0x0000000000000200        0x4 C:\Users\Lenovo\AppData\Local\Temp\cciSRNGv.ltrans0.ltrans.o
 *(SORT_BY_ALIGNMENT(.irq_spurious.0x71))
 .irq_spurious.0x71
                0x0000000000000204        0x4 C:\Users\Lenovo\AppData\Local\Temp\cciSRNGv.ltrans0.ltrans.o
 *(SORT_BY_ALIGNMENT(.irq_spurious.0x72))
 .irq_spurious.0x72
                0x0000000000000208        0x4 C:\Users\Lenovo\AppData\Local\Temp\cciSRNGv.ltrans0.ltrans.o
 *(SORT_BY_ALIGNMENT(.irq_spurious.0x73))
 .irq_spurious.0x73
                0x000000000000020c        0x4 C:\Users\Lenovo\AppData\Local\Temp\cciSRNGv.ltrans0.ltrans.o
 *(SORT_BY_ALIGNMENT(.irq_spurious.0x74))
 .irq_spurious.0x74
                0x0000000000000210        0x4 C:\Users\Lenovo\AppData\Local\Temp\cciSRNGv.ltrans0.ltrans.o
 *(SORT_BY_ALIGNMENT(.irq_spurious.0x75))
 .irq_spurious.0x75
                0x0000000000000214        0x4 C:\Users\Lenovo\AppData\Local\Temp\cciSRNGv.ltrans0.ltrans.o
 *(SORT_BY_ALIGNMENT(.irq_spurious.0x76))
 .irq_spurious.0x76
                0x0000000000000218        0x4 C:\Users\Lenovo\AppData\Local\Temp\cciSRNGv.ltrans0.ltrans.o
 *(SORT_BY_ALIGNMENT(.irq_spurious.0x77))
 .irq_spurious.0x77
                0x000000000000021c        0x4 C:\Users\Lenovo\AppData\Local\Temp\cciSRNGv.ltrans0.ltrans.o
 *(SORT_BY_ALIGNMENT(.irq_spurious.0x78))
 .irq_spurious.0x78
                0x0000000000000220        0x4 C:\Users\Lenovo\AppData\Local\Temp\cciSRNGv.ltrans0.ltrans.o
 *(SORT_BY_ALIGNMENT(.irq_spurious.0x79))
 .irq_spurious.0x79
                0x0000000000000224        0x4 C:\Users\Lenovo\AppData\Local\Temp\cciSRNGv.ltrans0.ltrans.o
 *(SORT_BY_ALIGNMENT(.irq_spurious.0x7a))
 .irq_spurious.0x7a
                0x0000000000000228        0x4 C:\Users\Lenovo\AppData\Local\Temp\cciSRNGv.ltrans0.ltrans.o
 *(SORT_BY_ALIGNMENT(.irq_spurious.0x7b))
 .irq_spurious.0x7b
                0x000000000000022c        0x4 C:\Users\Lenovo\AppData\Local\Temp\cciSRNGv.ltrans0.ltrans.o
 *(SORT_BY_ALIGNMENT(.irq_spurious.0x7c))
 .irq_spurious.0x7c
                0x0000000000000230        0x4 C:\Users\Lenovo\AppData\Local\Temp\cciSRNGv.ltrans0.ltrans.o
 *(SORT_BY_ALIGNMENT(.irq_spurious.0x7d))
 .irq_spurious.0x7d
                0x0000000000000234        0x4 C:\Users\Lenovo\AppData\Local\Temp\cciSRNGv.ltrans0.ltrans.o
 *(SORT_BY_ALIGNMENT(.irq_spurious.0x7e))
 .irq_spurious.0x7e
                0x0000000000000238        0x4 C:\Users\Lenovo\AppData\Local\Temp\cciSRNGv.ltrans0.ltrans.o
 *(SORT_BY_ALIGNMENT(.irq_spurious.0x7f))
 .irq_spurious.0x7f
                0x000000000000023c        0x4 C:\Users\Lenovo\AppData\Local\Temp\cciSRNGv.ltrans0.ltrans.o
 *(SORT_BY_ALIGNMENT(.irq_spurious.0x80))
 .irq_spurious.0x80
                0x0000000000000240        0x4 C:\Users\Lenovo\AppData\Local\Temp\cciSRNGv.ltrans0.ltrans.o
 *(SORT_BY_ALIGNMENT(.irq_spurious.0x81))
 .irq_spurious.0x81
                0x0000000000000244        0x4 C:\Users\Lenovo\AppData\Local\Temp\cciSRNGv.ltrans0.ltrans.o
 *(SORT_BY_ALIGNMENT(.irq_spurious.0x82))
 .irq_spurious.0x82
                0x0000000000000248        0x4 C:\Users\Lenovo\AppData\Local\Temp\cciSRNGv.ltrans0.ltrans.o
 *(SORT_BY_ALIGNMENT(.irq_spurious.0x83))
 .irq_spurious.0x83
                0x000000000000024c        0x4 C:\Users\Lenovo\AppData\Local\Temp\cciSRNGv.ltrans0.ltrans.o
 *(SORT_BY_ALIGNMENT(.irq_spurious.0x84))
 .irq_spurious.0x84
                0x0000000000000250        0x4 C:\Users\Lenovo\AppData\Local\Temp\cciSRNGv.ltrans0.ltrans.o
 *(SORT_BY_ALIGNMENT(.irq_spurious.0x85))
 .irq_spurious.0x85
                0x0000000000000254        0x4 C:\Users\Lenovo\AppData\Local\Temp\cciSRNGv.ltrans0.ltrans.o
 *(SORT_BY_ALIGNMENT(.irq_spurious.0x86))
 .irq_spurious.0x86
                0x0000000000000258        0x4 C:\Users\Lenovo\AppData\Local\Temp\cciSRNGv.ltrans0.ltrans.o
 *(SORT_BY_ALIGNMENT(.irq_spurious.0x87))
 .irq_spurious.0x87
                0x000000000000025c        0x4 C:\Users\Lenovo\AppData\Local\Temp\cciSRNGv.ltrans0.ltrans.o
 *(SORT_BY_ALIGNMENT(.irq_spurious.0x88))
 .irq_spurious.0x88
                0x0000000000000260        0x4 C:\Users\Lenovo\AppData\Local\Temp\cciSRNGv.ltrans0.ltrans.o
 *(SORT_BY_ALIGNMENT(.irq_spurious.0x89))
 .irq_spurious.0x89
                0x0000000000000264        0x4 C:\Users\Lenovo\AppData\Local\Temp\cciSRNGv.ltrans0.ltrans.o
 *(SORT_BY_ALIGNMENT(.irq_spurious.0x8a))
 .irq_spurious.0x8a
                0x0000000000000268        0x4 C:\Users\Lenovo\AppData\Local\Temp\cciSRNGv.ltrans0.ltrans.o
 *(SORT_BY_ALIGNMENT(.irq_spurious.0x8b))
 .irq_spurious.0x8b
                0x000000000000026c        0x4 C:\Users\Lenovo\AppData\Local\Temp\cciSRNGv.ltrans0.ltrans.o
 *(SORT_BY_ALIGNMENT(.irq_spurious.0x8c))
 .irq_spurious.0x8c
                0x0000000000000270        0x4 C:\Users\Lenovo\AppData\Local\Temp\cciSRNGv.ltrans0.ltrans.o
 *(SORT_BY_ALIGNMENT(.irq_spurious.0x8d))
 .irq_spurious.0x8d
                0x0000000000000274        0x4 C:\Users\Lenovo\AppData\Local\Temp\cciSRNGv.ltrans0.ltrans.o
 *(SORT_BY_ALIGNMENT(.irq_spurious.0x8e))
 .irq_spurious.0x8e
                0x0000000000000278        0x4 C:\Users\Lenovo\AppData\Local\Temp\cciSRNGv.ltrans0.ltrans.o
 *(SORT_BY_ALIGNMENT(.irq_spurious.0x8f))
 .irq_spurious.0x8f
                0x000000000000027c        0x4 C:\Users\Lenovo\AppData\Local\Temp\cciSRNGv.ltrans0.ltrans.o
 *(SORT_BY_ALIGNMENT(.irq_spurious.0x90))
 .irq_spurious.0x90
                0x0000000000000280        0x4 C:\Users\Lenovo\AppData\Local\Temp\cciSRNGv.ltrans0.ltrans.o
 *(SORT_BY_ALIGNMENT(.irq_spurious.0x91))
 .irq_spurious.0x91
                0x0000000000000284        0x4 C:\Users\Lenovo\AppData\Local\Temp\cciSRNGv.ltrans0.ltrans.o
 *(SORT_BY_ALIGNMENT(.irq_spurious.0x92))
 .irq_spurious.0x92
                0x0000000000000288        0x4 C:\Users\Lenovo\AppData\Local\Temp\cciSRNGv.ltrans0.ltrans.o
 *(SORT_BY_ALIGNMENT(.irq_spurious.0x93))
 .irq_spurious.0x93
                0x000000000000028c        0x4 C:\Users\Lenovo\AppData\Local\Temp\cciSRNGv.ltrans0.ltrans.o
 *(SORT_BY_ALIGNMENT(.irq_spurious.0x94))
 .irq_spurious.0x94
                0x0000000000000290        0x4 C:\Users\Lenovo\AppData\Local\Temp\cciSRNGv.ltrans0.ltrans.o
 *(SORT_BY_ALIGNMENT(.irq_spurious.0x95))
 .irq_spurious.0x95
                0x0000000000000294        0x4 C:\Users\Lenovo\AppData\Local\Temp\cciSRNGv.ltrans0.ltrans.o
 *(SORT_BY_ALIGNMENT(.irq_spurious.0x96))
 .irq_spurious.0x96
                0x0000000000000298        0x4 C:\Users\Lenovo\AppData\Local\Temp\cciSRNGv.ltrans0.ltrans.o
 *(SORT_BY_ALIGNMENT(.irq_spurious.0x97))
 .irq_spurious.0x97
                0x000000000000029c        0x4 C:\Users\Lenovo\AppData\Local\Temp\cciSRNGv.ltrans0.ltrans.o
 *(SORT_BY_ALIGNMENT(.irq_spurious.0x98))
 .irq_spurious.0x98
                0x00000000000002a0        0x4 C:\Users\Lenovo\AppData\Local\Temp\cciSRNGv.ltrans0.ltrans.o
 *(SORT_BY_ALIGNMENT(.irq_spurious.0x99))
 .irq_spurious.0x99
                0x00000000000002a4        0x4 C:\Users\Lenovo\AppData\Local\Temp\cciSRNGv.ltrans0.ltrans.o
 *(SORT_BY_ALIGNMENT(.irq_spurious.0x9a))
 .irq_spurious.0x9a
                0x00000000000002a8        0x4 C:\Users\Lenovo\AppData\Local\Temp\cciSRNGv.ltrans0.ltrans.o
 *(SORT_BY_ALIGNMENT(.irq_spurious.0x9b))
 .irq_spurious.0x9b
                0x00000000000002ac        0x4 C:\Users\Lenovo\AppData\Local\Temp\cciSRNGv.ltrans0.ltrans.o
 *(SORT_BY_ALIGNMENT(.irq_spurious.0x9c))
 .irq_spurious.0x9c
                0x00000000000002b0        0x4 C:\Users\Lenovo\AppData\Local\Temp\cciSRNGv.ltrans0.ltrans.o
 *(SORT_BY_ALIGNMENT(.irq_spurious.0x9d))
 .irq_spurious.0x9d
                0x00000000000002b4        0x4 C:\Users\Lenovo\AppData\Local\Temp\cciSRNGv.ltrans0.ltrans.o
 *(SORT_BY_ALIGNMENT(.irq_spurious.0x9e))
 .irq_spurious.0x9e
                0x00000000000002b8        0x4 C:\Users\Lenovo\AppData\Local\Temp\cciSRNGv.ltrans0.ltrans.o
 *(SORT_BY_ALIGNMENT(.irq_spurious.0x9f))
 .irq_spurious.0x9f
                0x00000000000002bc        0x4 C:\Users\Lenovo\AppData\Local\Temp\cciSRNGv.ltrans0.ltrans.o
 *(SORT_BY_ALIGNMENT(.irq_spurious.0xa0))
 .irq_spurious.0xa0
                0x00000000000002c0        0x4 C:\Users\Lenovo\AppData\Local\Temp\cciSRNGv.ltrans0.ltrans.o
 *(SORT_BY_ALIGNMENT(.irq_spurious.0xa1))
 .irq_spurious.0xa1
                0x00000000000002c4        0x4 C:\Users\Lenovo\AppData\Local\Temp\cciSRNGv.ltrans0.ltrans.o
 *(SORT_BY_ALIGNMENT(.irq_spurious.0xa2))
 .irq_spurious.0xa2
                0x00000000000002c8        0x4 C:\Users\Lenovo\AppData\Local\Temp\cciSRNGv.ltrans0.ltrans.o
 *(SORT_BY_ALIGNMENT(.irq_spurious.0xa3))
 .irq_spurious.0xa3
                0x00000000000002cc        0x4 C:\Users\Lenovo\AppData\Local\Temp\cciSRNGv.ltrans0.ltrans.o
 *(SORT_BY_ALIGNMENT(.irq_spurious.0xa4))
 .irq_spurious.0xa4
                0x00000000000002d0        0x4 C:\Users\Lenovo\AppData\Local\Temp\cciSRNGv.ltrans0.ltrans.o
 *(SORT_BY_ALIGNMENT(.irq_spurious.0xa5))
 .irq_spurious.0xa5
                0x00000000000002d4        0x4 C:\Users\Lenovo\AppData\Local\Temp\cciSRNGv.ltrans0.ltrans.o
 *(SORT_BY_ALIGNMENT(.irq_spurious.0xa6))
 .irq_spurious.0xa6
                0x00000000000002d8        0x4 C:\Users\Lenovo\AppData\Local\Temp\cciSRNGv.ltrans0.ltrans.o
 *(SORT_BY_ALIGNMENT(.irq_spurious.0xa7))
 .irq_spurious.0xa7
                0x00000000000002dc        0x4 C:\Users\Lenovo\AppData\Local\Temp\cciSRNGv.ltrans0.ltrans.o
 *(SORT_BY_ALIGNMENT(.irq_spurious.0xa8))
 .irq_spurious.0xa8
                0x00000000000002e0        0x4 C:\Users\Lenovo\AppData\Local\Temp\cciSRNGv.ltrans0.ltrans.o
 *(SORT_BY_ALIGNMENT(.irq_spurious.0xa9))
 .irq_spurious.0xa9
                0x00000000000002e4        0x4 C:\Users\Lenovo\AppData\Local\Temp\cciSRNGv.ltrans0.ltrans.o
 *(SORT_BY_ALIGNMENT(.irq_spurious.0xaa))
 .irq_spurious.0xaa
                0x00000000000002e8        0x4 C:\Users\Lenovo\AppData\Local\Temp\cciSRNGv.ltrans0.ltrans.o
 *(SORT_BY_ALIGNMENT(.irq_spurious.0xab))
 .irq_spurious.0xab
                0x00000000000002ec        0x4 C:\Users\Lenovo\AppData\Local\Temp\cciSRNGv.ltrans0.ltrans.o
 *(SORT_BY_ALIGNMENT(.irq_spurious.0xac))
 .irq_spurious.0xac
                0x00000000000002f0        0x4 C:\Users\Lenovo\AppData\Local\Temp\cciSRNGv.ltrans0.ltrans.o
 *(SORT_BY_ALIGNMENT(.irq_spurious.0xad))
 .irq_spurious.0xad
                0x00000000000002f4        0x4 C:\Users\Lenovo\AppData\Local\Temp\cciSRNGv.ltrans0.ltrans.o
 *(SORT_BY_ALIGNMENT(.irq_spurious.0xae))
 .irq_spurious.0xae
                0x00000000000002f8        0x4 C:\Users\Lenovo\AppData\Local\Temp\cciSRNGv.ltrans0.ltrans.o
 *(SORT_BY_ALIGNMENT(.irq_spurious.0xaf))
 .irq_spurious.0xaf
                0x00000000000002fc        0x4 C:\Users\Lenovo\AppData\Local\Temp\cciSRNGv.ltrans0.ltrans.o
 *(SORT_BY_ALIGNMENT(.irq_spurious.0xb0))
 .irq_spurious.0xb0
                0x0000000000000300        0x4 C:\Users\Lenovo\AppData\Local\Temp\cciSRNGv.ltrans0.ltrans.o
 *(SORT_BY_ALIGNMENT(.irq_spurious.0xb1))
 .irq_spurious.0xb1
                0x0000000000000304        0x4 C:\Users\Lenovo\AppData\Local\Temp\cciSRNGv.ltrans0.ltrans.o
 *(SORT_BY_ALIGNMENT(.irq_spurious.0xb2))
 .irq_spurious.0xb2
                0x0000000000000308        0x4 C:\Users\Lenovo\AppData\Local\Temp\cciSRNGv.ltrans0.ltrans.o
 *(SORT_BY_ALIGNMENT(.irq_spurious.0xb3))
 .irq_spurious.0xb3
                0x000000000000030c        0x4 C:\Users\Lenovo\AppData\Local\Temp\cciSRNGv.ltrans0.ltrans.o
 *(SORT_BY_ALIGNMENT(.irq_spurious.0xb4))
 .irq_spurious.0xb4
                0x0000000000000310        0x4 C:\Users\Lenovo\AppData\Local\Temp\cciSRNGv.ltrans0.ltrans.o
 *(SORT_BY_ALIGNMENT(.irq_spurious.0xb5))
 .irq_spurious.0xb5
                0x0000000000000314        0x4 C:\Users\Lenovo\AppData\Local\Temp\cciSRNGv.ltrans0.ltrans.o
 *(SORT_BY_ALIGNMENT(.irq_spurious.0xb6))
 .irq_spurious.0xb6
                0x0000000000000318        0x4 C:\Users\Lenovo\AppData\Local\Temp\cciSRNGv.ltrans0.ltrans.o
 *(SORT_BY_ALIGNMENT(.irq_spurious.0xb7))
 .irq_spurious.0xb7
                0x000000000000031c        0x4 C:\Users\Lenovo\AppData\Local\Temp\cciSRNGv.ltrans0.ltrans.o
 *(SORT_BY_ALIGNMENT(.irq_spurious.0xb8))
 .irq_spurious.0xb8
                0x0000000000000320        0x4 C:\Users\Lenovo\AppData\Local\Temp\cciSRNGv.ltrans0.ltrans.o
 *(SORT_BY_ALIGNMENT(.irq_spurious.0xb9))
 .irq_spurious.0xb9
                0x0000000000000324        0x4 C:\Users\Lenovo\AppData\Local\Temp\cciSRNGv.ltrans0.ltrans.o
 *(SORT_BY_ALIGNMENT(.irq_spurious.0xba))
 .irq_spurious.0xba
                0x0000000000000328        0x4 C:\Users\Lenovo\AppData\Local\Temp\cciSRNGv.ltrans0.ltrans.o
 *(SORT_BY_ALIGNMENT(.irq_spurious.0xbb))
 .irq_spurious.0xbb
                0x000000000000032c        0x4 C:\Users\Lenovo\AppData\Local\Temp\cciSRNGv.ltrans0.ltrans.o
 *(SORT_BY_ALIGNMENT(.irq_spurious.0xbc))
 .irq_spurious.0xbc
                0x0000000000000330        0x4 C:\Users\Lenovo\AppData\Local\Temp\cciSRNGv.ltrans0.ltrans.o
 *(SORT_BY_ALIGNMENT(.irq_spurious.0xbd))
 .irq_spurious.0xbd
                0x0000000000000334        0x4 C:\Users\Lenovo\AppData\Local\Temp\cciSRNGv.ltrans0.ltrans.o
 *(SORT_BY_ALIGNMENT(.irq_spurious.0xbe))
 .irq_spurious.0xbe
                0x0000000000000338        0x4 C:\Users\Lenovo\AppData\Local\Temp\cciSRNGv.ltrans0.ltrans.o
 *(SORT_BY_ALIGNMENT(.irq_spurious.0xbf))
 .irq_spurious.0xbf
                0x000000000000033c        0x4 C:\Users\Lenovo\AppData\Local\Temp\cciSRNGv.ltrans0.ltrans.o
 *(SORT_BY_ALIGNMENT(.irq_spurious.0xc0))
 .irq_spurious.0xc0
                0x0000000000000340        0x4 C:\Users\Lenovo\AppData\Local\Temp\cciSRNGv.ltrans0.ltrans.o
 *(SORT_BY_ALIGNMENT(.irq_spurious.0xc1))
 .irq_spurious.0xc1
                0x0000000000000344        0x4 C:\Users\Lenovo\AppData\Local\Temp\cciSRNGv.ltrans0.ltrans.o
 *(SORT_BY_ALIGNMENT(.irq_spurious.0xc2))
 .irq_spurious.0xc2
                0x0000000000000348        0x4 C:\Users\Lenovo\AppData\Local\Temp\cciSRNGv.ltrans0.ltrans.o
 *(SORT_BY_ALIGNMENT(.irq_spurious.0xc3))
 .irq_spurious.0xc3
                0x000000000000034c        0x4 C:\Users\Lenovo\AppData\Local\Temp\cciSRNGv.ltrans0.ltrans.o
 *(SORT_BY_ALIGNMENT(.irq_spurious.0xc4))
 .irq_spurious.0xc4
                0x0000000000000350        0x4 C:\Users\Lenovo\AppData\Local\Temp\cciSRNGv.ltrans0.ltrans.o
 *(SORT_BY_ALIGNMENT(.irq_spurious.0xc5))
 .irq_spurious.0xc5
                0x0000000000000354        0x4 C:\Users\Lenovo\AppData\Local\Temp\cciSRNGv.ltrans0.ltrans.o
 *(SORT_BY_ALIGNMENT(.irq_spurious.0xc6))
 .irq_spurious.0xc6
                0x0000000000000358        0x4 C:\Users\Lenovo\AppData\Local\Temp\cciSRNGv.ltrans0.ltrans.o
 *(SORT_BY_ALIGNMENT(.irq_spurious.0xc7))
 .irq_spurious.0xc7
                0x000000000000035c        0x4 C:\Users\Lenovo\AppData\Local\Temp\cciSRNGv.ltrans0.ltrans.o
 *(SORT_BY_ALIGNMENT(.irq_spurious.0xc8))
 .irq_spurious.0xc8
                0x0000000000000360        0x4 C:\Users\Lenovo\AppData\Local\Temp\cciSRNGv.ltrans0.ltrans.o
 *(SORT_BY_ALIGNMENT(.irq_spurious.0xc9))
 .irq_spurious.0xc9
                0x0000000000000364        0x4 C:\Users\Lenovo\AppData\Local\Temp\cciSRNGv.ltrans0.ltrans.o
 *(SORT_BY_ALIGNMENT(.irq_spurious.0xca))
 .irq_spurious.0xca
                0x0000000000000368        0x4 C:\Users\Lenovo\AppData\Local\Temp\cciSRNGv.ltrans0.ltrans.o
 *(SORT_BY_ALIGNMENT(.irq_spurious.0xcb))
 .irq_spurious.0xcb
                0x000000000000036c        0x4 C:\Users\Lenovo\AppData\Local\Temp\cciSRNGv.ltrans0.ltrans.o
 *(SORT_BY_ALIGNMENT(.irq_spurious.0xcc))
 .irq_spurious.0xcc
                0x0000000000000370        0x4 C:\Users\Lenovo\AppData\Local\Temp\cciSRNGv.ltrans0.ltrans.o
 *(SORT_BY_ALIGNMENT(.irq_spurious.0xcd))
 .irq_spurious.0xcd
                0x0000000000000374        0x4 C:\Users\Lenovo\AppData\Local\Temp\cciSRNGv.ltrans0.ltrans.o
 *(SORT_BY_ALIGNMENT(.irq_spurious.0xce))
 .irq_spurious.0xce
                0x0000000000000378        0x4 C:\Users\Lenovo\AppData\Local\Temp\cciSRNGv.ltrans0.ltrans.o
 *(SORT_BY_ALIGNMENT(.irq_spurious.0xcf))
 .irq_spurious.0xcf
                0x000000000000037c        0x4 C:\Users\Lenovo\AppData\Local\Temp\cciSRNGv.ltrans0.ltrans.o
 *(SORT_BY_ALIGNMENT(.irq_spurious.0xd0))
 .irq_spurious.0xd0
                0x0000000000000380        0x4 C:\Users\Lenovo\AppData\Local\Temp\cciSRNGv.ltrans0.ltrans.o
 *(SORT_BY_ALIGNMENT(.irq_spurious.0xd1))
 .irq_spurious.0xd1
                0x0000000000000384        0x4 C:\Users\Lenovo\AppData\Local\Temp\cciSRNGv.ltrans0.ltrans.o
 *(SORT_BY_ALIGNMENT(.irq_spurious.0xd2))
 .irq_spurious.0xd2
                0x0000000000000388        0x4 C:\Users\Lenovo\AppData\Local\Temp\cciSRNGv.ltrans0.ltrans.o
 *(SORT_BY_ALIGNMENT(.irq_spurious.0xd3))
 .irq_spurious.0xd3
                0x000000000000038c        0x4 C:\Users\Lenovo\AppData\Local\Temp\cciSRNGv.ltrans0.ltrans.o
 *(SORT_BY_ALIGNMENT(.irq_spurious.0xd4))
 .irq_spurious.0xd4
                0x0000000000000390        0x4 C:\Users\Lenovo\AppData\Local\Temp\cciSRNGv.ltrans0.ltrans.o
 *(SORT_BY_ALIGNMENT(.irq_spurious.0xd5))
 .irq_spurious.0xd5
                0x0000000000000394        0x4 C:\Users\Lenovo\AppData\Local\Temp\cciSRNGv.ltrans0.ltrans.o
 *(SORT_BY_ALIGNMENT(.irq_spurious.0xd6))
 .irq_spurious.0xd6
                0x0000000000000398        0x4 C:\Users\Lenovo\AppData\Local\Temp\cciSRNGv.ltrans0.ltrans.o
 *(SORT_BY_ALIGNMENT(.irq_spurious.0xd7))
 .irq_spurious.0xd7
                0x000000000000039c        0x4 C:\Users\Lenovo\AppData\Local\Temp\cciSRNGv.ltrans0.ltrans.o
 *(SORT_BY_ALIGNMENT(.irq_spurious.0xd8))
 .irq_spurious.0xd8
                0x00000000000003a0        0x4 C:\Users\Lenovo\AppData\Local\Temp\cciSRNGv.ltrans0.ltrans.o
 *(SORT_BY_ALIGNMENT(.irq_spurious.0xd9))
 .irq_spurious.0xd9
                0x00000000000003a4        0x4 C:\Users\Lenovo\AppData\Local\Temp\cciSRNGv.ltrans0.ltrans.o
 *(SORT_BY_ALIGNMENT(.irq_spurious.0xda))
 .irq_spurious.0xda
                0x00000000000003a8        0x4 C:\Users\Lenovo\AppData\Local\Temp\cciSRNGv.ltrans0.ltrans.o
 *(SORT_BY_ALIGNMENT(.irq_spurious.0xdb))
 .irq_spurious.0xdb
                0x00000000000003ac        0x4 C:\Users\Lenovo\AppData\Local\Temp\cciSRNGv.ltrans0.ltrans.o
 *(SORT_BY_ALIGNMENT(.irq_spurious.0xdc))
 .irq_spurious.0xdc
                0x00000000000003b0        0x4 C:\Users\Lenovo\AppData\Local\Temp\cciSRNGv.ltrans0.ltrans.o
 *(SORT_BY_ALIGNMENT(.irq_spurious.0xdd))
 .irq_spurious.0xdd
                0x00000000000003b4        0x4 C:\Users\Lenovo\AppData\Local\Temp\cciSRNGv.ltrans0.ltrans.o
 *(SORT_BY_ALIGNMENT(.irq_spurious.0xde))
 .irq_spurious.0xde
                0x00000000000003b8        0x4 C:\Users\Lenovo\AppData\Local\Temp\cciSRNGv.ltrans0.ltrans.o
 *(SORT_BY_ALIGNMENT(.irq_spurious.0xdf))
 .irq_spurious.0xdf
                0x00000000000003bc        0x4 C:\Users\Lenovo\AppData\Local\Temp\cciSRNGv.ltrans0.ltrans.o
 *(SORT_BY_ALIGNMENT(.irq_spurious.0xe0))
 .irq_spurious.0xe0
                0x00000000000003c0        0x4 C:\Users\Lenovo\AppData\Local\Temp\cciSRNGv.ltrans0.ltrans.o
 *(SORT_BY_ALIGNMENT(.irq_spurious.0xe1))
 .irq_spurious.0xe1
                0x00000000000003c4        0x4 C:\Users\Lenovo\AppData\Local\Temp\cciSRNGv.ltrans0.ltrans.o
 *(SORT_BY_ALIGNMENT(.irq_spurious.0xe2))
 .irq_spurious.0xe2
                0x00000000000003c8        0x4 C:\Users\Lenovo\AppData\Local\Temp\cciSRNGv.ltrans0.ltrans.o
 *(SORT_BY_ALIGNMENT(.irq_spurious.0xe3))
 .irq_spurious.0xe3
                0x00000000000003cc        0x4 C:\Users\Lenovo\AppData\Local\Temp\cciSRNGv.ltrans0.ltrans.o
 *(SORT_BY_ALIGNMENT(.irq_spurious.0xe4))
 .irq_spurious.0xe4
                0x00000000000003d0        0x4 C:\Users\Lenovo\AppData\Local\Temp\cciSRNGv.ltrans0.ltrans.o
 *(SORT_BY_ALIGNMENT(.irq_spurious.0xe5))
 .irq_spurious.0xe5
                0x00000000000003d4        0x4 C:\Users\Lenovo\AppData\Local\Temp\cciSRNGv.ltrans0.ltrans.o
 *(SORT_BY_ALIGNMENT(.irq_spurious.0xe6))
 .irq_spurious.0xe6
                0x00000000000003d8        0x4 C:\Users\Lenovo\AppData\Local\Temp\cciSRNGv.ltrans0.ltrans.o
 *(SORT_BY_ALIGNMENT(.irq_spurious.0xe7))
 .irq_spurious.0xe7
                0x00000000000003dc        0x4 C:\Users\Lenovo\AppData\Local\Temp\cciSRNGv.ltrans0.ltrans.o
 *(SORT_BY_ALIGNMENT(.irq_spurious.0xe8))
 .irq_spurious.0xe8
                0x00000000000003e0        0x4 C:\Users\Lenovo\AppData\Local\Temp\cciSRNGv.ltrans0.ltrans.o
 *(SORT_BY_ALIGNMENT(.irq_spurious.0xe9))
 .irq_spurious.0xe9
                0x00000000000003e4        0x4 C:\Users\Lenovo\AppData\Local\Temp\cciSRNGv.ltrans0.ltrans.o
 *(SORT_BY_ALIGNMENT(.irq_spurious.0xea))
 .irq_spurious.0xea
                0x00000000000003e8        0x4 C:\Users\Lenovo\AppData\Local\Temp\cciSRNGv.ltrans0.ltrans.o
 *(SORT_BY_ALIGNMENT(.irq_spurious.0xeb))
 .irq_spurious.0xeb
                0x00000000000003ec        0x4 C:\Users\Lenovo\AppData\Local\Temp\cciSRNGv.ltrans0.ltrans.o
 *(SORT_BY_ALIGNMENT(.irq_spurious.0xec))
 .irq_spurious.0xec
                0x00000000000003f0        0x4 C:\Users\Lenovo\AppData\Local\Temp\cciSRNGv.ltrans0.ltrans.o
 *(SORT_BY_ALIGNMENT(.irq_spurious.0xed))
 .irq_spurious.0xed
                0x00000000000003f4        0x4 C:\Users\Lenovo\AppData\Local\Temp\cciSRNGv.ltrans0.ltrans.o
 *(SORT_BY_ALIGNMENT(.irq_spurious.0xee))
 .irq_spurious.0xee
                0x00000000000003f8        0x4 C:\Users\Lenovo\AppData\Local\Temp\cciSRNGv.ltrans0.ltrans.o
 *(SORT_BY_ALIGNMENT(.irq_spurious.0xef))
 .irq_spurious.0xef
                0x00000000000003fc        0x4 C:\Users\Lenovo\AppData\Local\Temp\cciSRNGv.ltrans0.ltrans.o
 *(SORT_BY_ALIGNMENT(.irq_spurious.0xf0))
 .irq_spurious.0xf0
                0x0000000000000400        0x4 C:\Users\Lenovo\AppData\Local\Temp\cciSRNGv.ltrans0.ltrans.o
 *(SORT_BY_ALIGNMENT(.irq_spurious.0xf1))
 .irq_spurious.0xf1
                0x0000000000000404        0x4 C:\Users\Lenovo\AppData\Local\Temp\cciSRNGv.ltrans0.ltrans.o
 *(SORT_BY_ALIGNMENT(.irq_spurious.0xf2))
 .irq_spurious.0xf2
                0x0000000000000408        0x4 C:\Users\Lenovo\AppData\Local\Temp\cciSRNGv.ltrans0.ltrans.o
 *(SORT_BY_ALIGNMENT(.irq_spurious.0xf3))
 .irq_spurious.0xf3
                0x000000000000040c        0x4 C:\Users\Lenovo\AppData\Local\Temp\cciSRNGv.ltrans0.ltrans.o
 *(SORT_BY_ALIGNMENT(.irq_spurious.0xf4))
 .irq_spurious.0xf4
                0x0000000000000410        0x4 C:\Users\Lenovo\AppData\Local\Temp\cciSRNGv.ltrans0.ltrans.o
 *(SORT_BY_ALIGNMENT(.irq_spurious.0xf5))
 .irq_spurious.0xf5
                0x0000000000000414        0x4 C:\Users\Lenovo\AppData\Local\Temp\cciSRNGv.ltrans0.ltrans.o
 *(SORT_BY_ALIGNMENT(.irq_spurious.0xf6))
 .irq_spurious.0xf6
                0x0000000000000418        0x4 C:\Users\Lenovo\AppData\Local\Temp\cciSRNGv.ltrans0.ltrans.o
 *(SORT_BY_ALIGNMENT(.irq_spurious.0xf7))
 .irq_spurious.0xf7
                0x000000000000041c        0x4 C:\Users\Lenovo\AppData\Local\Temp\cciSRNGv.ltrans0.ltrans.o
 *(SORT_BY_ALIGNMENT(.irq_spurious.0xf8))
 .irq_spurious.0xf8
                0x0000000000000420        0x4 C:\Users\Lenovo\AppData\Local\Temp\cciSRNGv.ltrans0.ltrans.o
 *(SORT_BY_ALIGNMENT(.irq_spurious.0xf9))
 .irq_spurious.0xf9
                0x0000000000000424        0x4 C:\Users\Lenovo\AppData\Local\Temp\cciSRNGv.ltrans0.ltrans.o
 *(SORT_BY_ALIGNMENT(.irq_spurious.0xfa))
 .irq_spurious.0xfa
                0x0000000000000428        0x4 C:\Users\Lenovo\AppData\Local\Temp\cciSRNGv.ltrans0.ltrans.o
 *(SORT_BY_ALIGNMENT(.irq_spurious.0xfb))
 .irq_spurious.0xfb
                0x000000000000042c        0x4 C:\Users\Lenovo\AppData\Local\Temp\cciSRNGv.ltrans0.ltrans.o
 *(SORT_BY_ALIGNMENT(.irq_spurious.0xfc))
 .irq_spurious.0xfc
                0x0000000000000430        0x4 C:\Users\Lenovo\AppData\Local\Temp\cciSRNGv.ltrans0.ltrans.o
 *(SORT_BY_ALIGNMENT(.irq_spurious.0xfd))
 .irq_spurious.0xfd
                0x0000000000000434        0x4 C:\Users\Lenovo\AppData\Local\Temp\cciSRNGv.ltrans0.ltrans.o
 *(SORT_BY_ALIGNMENT(.irq_spurious.0xfe))
 .irq_spurious.0xfe
                0x0000000000000438        0x4 C:\Users\Lenovo\AppData\Local\Temp\cciSRNGv.ltrans0.ltrans.o
 *(SORT_BY_ALIGNMENT(.irq_spurious.0xff))
 .irq_spurious.0xff
                0x000000000000043c        0x4 C:\Users\Lenovo\AppData\Local\Temp\cciSRNGv.ltrans0.ltrans.o
 *(SORT_BY_ALIGNMENT(.irq_spurious.0x100))
 .irq_spurious.0x100
                0x0000000000000440        0x4 C:\Users\Lenovo\AppData\Local\Temp\cciSRNGv.ltrans0.ltrans.o
 *(SORT_BY_ALIGNMENT(.irq_spurious.0x101))
 .irq_spurious.0x101
                0x0000000000000444        0x4 C:\Users\Lenovo\AppData\Local\Temp\cciSRNGv.ltrans0.ltrans.o
 *(SORT_BY_ALIGNMENT(.irq_spurious.0x102))
 .irq_spurious.0x102
                0x0000000000000448        0x4 C:\Users\Lenovo\AppData\Local\Temp\cciSRNGv.ltrans0.ltrans.o
 *(SORT_BY_ALIGNMENT(.irq_spurious.0x103))
 .irq_spurious.0x103
                0x000000000000044c        0x4 C:\Users\Lenovo\AppData\Local\Temp\cciSRNGv.ltrans0.ltrans.o
 *(SORT_BY_ALIGNMENT(.irq_spurious.0x104))
 .irq_spurious.0x104
                0x0000000000000450        0x4 C:\Users\Lenovo\AppData\Local\Temp\cciSRNGv.ltrans0.ltrans.o
 *(SORT_BY_ALIGNMENT(.irq_spurious.0x105))
 .irq_spurious.0x105
                0x0000000000000454        0x4 C:\Users\Lenovo\AppData\Local\Temp\cciSRNGv.ltrans0.ltrans.o
 *(SORT_BY_ALIGNMENT(.irq_spurious.0x106))
 .irq_spurious.0x106
                0x0000000000000458        0x4 C:\Users\Lenovo\AppData\Local\Temp\cciSRNGv.ltrans0.ltrans.o
 *(SORT_BY_ALIGNMENT(.irq_spurious.0x107))
 .irq_spurious.0x107
                0x000000000000045c        0x4 C:\Users\Lenovo\AppData\Local\Temp\cciSRNGv.ltrans0.ltrans.o
 *(SORT_BY_ALIGNMENT(.irq_spurious.0x108))
 .irq_spurious.0x108
                0x0000000000000460        0x4 C:\Users\Lenovo\AppData\Local\Temp\cciSRNGv.ltrans0.ltrans.o
 *(SORT_BY_ALIGNMENT(.irq_spurious.0x109))
 .irq_spurious.0x109
                0x0000000000000464        0x4 C:\Users\Lenovo\AppData\Local\Temp\cciSRNGv.ltrans0.ltrans.o
 *(SORT_BY_ALIGNMENT(.irq_spurious.0x10a))
 .irq_spurious.0x10a
                0x0000000000000468        0x4 C:\Users\Lenovo\AppData\Local\Temp\cciSRNGv.ltrans0.ltrans.o
 *(SORT_BY_ALIGNMENT(.irq_spurious.0x10b))
 .irq_spurious.0x10b
                0x000000000000046c        0x4 C:\Users\Lenovo\AppData\Local\Temp\cciSRNGv.ltrans0.ltrans.o
 *(SORT_BY_ALIGNMENT(.irq_spurious.0x10c))
 .irq_spurious.0x10c
                0x0000000000000470        0x4 C:\Users\Lenovo\AppData\Local\Temp\cciSRNGv.ltrans0.ltrans.o
 *(SORT_BY_ALIGNMENT(.irq_spurious.0x10d))
 .irq_spurious.0x10d
                0x0000000000000474        0x4 C:\Users\Lenovo\AppData\Local\Temp\cciSRNGv.ltrans0.ltrans.o
 *(SORT_BY_ALIGNMENT(.irq_spurious.0x10e))
 .irq_spurious.0x10e
                0x0000000000000478        0x4 C:\Users\Lenovo\AppData\Local\Temp\cciSRNGv.ltrans0.ltrans.o
                0x000000000000047c                _vector_end = .
                0x000000000000047c                _vector_end = .

text            0x000000000000047c     0x9c4c
                0x000000000000047c                __text_region_start = .
 *(SORT_BY_ALIGNMENT(.text))
 .text          0x000000000000047c       0x30 c:/ncs/toolchains/0b393f9e1b/opt/zephyr-sdk/arm-zephyr-eabi/bin/../lib/gcc/arm-zephyr-eabi/12.2.0/thumb/v8-m.main/nofp\libgcc.a(_aeabi_uldivmod.o)
                0x000000000000047c                __aeabi_uldivmod
 .text          0x00000000000004ac        0x4 c:/ncs/toolchains/0b393f9e1b/opt/zephyr-sdk/arm-zephyr-eabi/bin/../lib/gcc/arm-zephyr-eabi/12.2.0/thumb/v8-m.main/nofp\libgcc.a(_dvmd_tls.o)
                0x00000000000004ac                __aeabi_idiv0
                0x00000000000004ac                __aeabi_ldiv0
 .text          0x00000000000004b0      0x29c c:/ncs/toolchains/0b393f9e1b/opt/zephyr-sdk/arm-zephyr-eabi/bin/../lib/gcc/arm-zephyr-eabi/12.2.0/thumb/v8-m.main/nofp\libgcc.a(_udivmoddi4.o)
                0x00000000000004b0                __udivmoddi4
 *(SORT_BY_ALIGNMENT(.text.*))
 .text.process_event
                0x000000000000074c      0x21c C:\Users\Lenovo\AppData\Local\Temp\cciSRNGv.ltrans0.ltrans.o
 .text.z_arm_clear_arm_mpu_config
                0x0000000000000968       0x24 C:\Users\Lenovo\AppData\Local\Temp\cciSRNGv.ltrans0.ltrans.o
 .text.region_allocate_and_init
                0x000000000000098c       0x48 C:\Users\Lenovo\AppData\Local\Temp\cciSRNGv.ltrans0.ltrans.o
 .text.nrf54l_errata_31.lto_priv.0
                0x00000000000009d4       0x20 C:\Users\Lenovo\AppData\Local\Temp\cciSRNGv.ltrans0.ltrans.o
 .text.nordicsemi_nrf54l_init
                0x00000000000009f4       0xb0 C:\Users\Lenovo\AppData\Local\Temp\cciSRNGv.ltrans0.ltrans.o
 .text.onoff_stop
                0x0000000000000aa4       0x30 C:\Users\Lenovo\AppData\Local\Temp\cciSRNGv.ltrans0.ltrans.o
 .text.onoff_start
                0x0000000000000ad4       0x44 C:\Users\Lenovo\AppData\Local\Temp\cciSRNGv.ltrans0.ltrans.o
 .text.hf_request
                0x0000000000000b18       0x24 C:\Users\Lenovo\AppData\Local\Temp\cciSRNGv.ltrans0.ltrans.o
 .text.timeout_handler
                0x0000000000000b3c       0x20 C:\Users\Lenovo\AppData\Local\Temp\cciSRNGv.ltrans0.ltrans.o
 .text.nrf_rram_get_size
                0x0000000000000b5c       0x10 C:\Users\Lenovo\AppData\Local\Temp\cciSRNGv.ltrans0.ltrans.o
 .text.nrf_rram_get_parameters
                0x0000000000000b6c        0x8 C:\Users\Lenovo\AppData\Local\Temp\cciSRNGv.ltrans0.ltrans.o
 .text.nrf_rram_page_layout
                0x0000000000000b74       0x10 C:\Users\Lenovo\AppData\Local\Temp\cciSRNGv.ltrans0.ltrans.o
 .text.nrf_rram_init
                0x0000000000000b84       0x24 C:\Users\Lenovo\AppData\Local\Temp\cciSRNGv.ltrans0.ltrans.o
 .text.spi_nor_init
                0x0000000000000ba8       0x1c C:\Users\Lenovo\AppData\Local\Temp\cciSRNGv.ltrans0.ltrans.o
 .text.flash_nor_get_parameters
                0x0000000000000bc4        0x8 C:\Users\Lenovo\AppData\Local\Temp\cciSRNGv.ltrans0.ltrans.o
 .text.nrfx_gpio_handler
                0x0000000000000bcc       0x58 C:\Users\Lenovo\AppData\Local\Temp\cciSRNGv.ltrans0.ltrans.o
 .text.hfclk_on_callback
                0x0000000000000c24        0xc C:\Users\Lenovo\AppData\Local\Temp\cciSRNGv.ltrans0.ltrans.o
 .text.temp_nrf5_channel_get
                0x0000000000000c30       0x2c C:\Users\Lenovo\AppData\Local\Temp\cciSRNGv.ltrans0.ltrans.o
 .text.k_busy_wait.lto_priv.0
                0x0000000000000c5c       0x24 C:\Users\Lenovo\AppData\Local\Temp\cciSRNGv.ltrans0.ltrans.o
 .text.mbedtls_heap_init
                0x0000000000000c80       0x80 C:\Users\Lenovo\AppData\Local\Temp\cciSRNGv.ltrans0.ltrans.o
 .text.nrf54l_handle_approtect_signal
                0x0000000000000d00       0x34 C:\Users\Lenovo\AppData\Local\Temp\cciSRNGv.ltrans0.ltrans.o
 .text.nrfx_flag32_free
                0x0000000000000d34       0x38 C:\Users\Lenovo\AppData\Local\Temp\cciSRNGv.ltrans0.ltrans.o
 .text.clock_stop
                0x0000000000000d6c       0xd8 C:\Users\Lenovo\AppData\Local\Temp\cciSRNGv.ltrans0.ltrans.o
 .text.generic_hfclk_stop.lto_priv.0
                0x0000000000000e44       0x34 C:\Users\Lenovo\AppData\Local\Temp\cciSRNGv.ltrans0.ltrans.o
                0x0000000000000e44                generic_hfclk_stop.lto_priv.0
 .text.nrfx_clock_start
                0x0000000000000e78       0xd0 C:\Users\Lenovo\AppData\Local\Temp\cciSRNGv.ltrans0.ltrans.o
 .text.nrfx_clock_calibration_start
                0x0000000000000f48       0x68 C:\Users\Lenovo\AppData\Local\Temp\cciSRNGv.ltrans0.ltrans.o
 .text.get_pin_idx
                0x0000000000000fb0       0x14 C:\Users\Lenovo\AppData\Local\Temp\cciSRNGv.ltrans0.ltrans.o
 .text.pin_in_use_by_te
                0x0000000000000fc4       0x24 C:\Users\Lenovo\AppData\Local\Temp\cciSRNGv.ltrans0.ltrans.o
 .text.pin_is_output
                0x0000000000000fe8       0x24 C:\Users\Lenovo\AppData\Local\Temp\cciSRNGv.ltrans0.ltrans.o
 .text.pin_te_get
                0x000000000000100c       0x24 C:\Users\Lenovo\AppData\Local\Temp\cciSRNGv.ltrans0.ltrans.o
 .text.release_handler
                0x0000000000001030       0x70 C:\Users\Lenovo\AppData\Local\Temp\cciSRNGv.ltrans0.ltrans.o
 .text.latch_pending_read_and_check
                0x00000000000010a0       0x58 C:\Users\Lenovo\AppData\Local\Temp\cciSRNGv.ltrans0.ltrans.o
 .text.z_sys_init_run_level
                0x00000000000010f8       0x48 C:\Users\Lenovo\AppData\Local\Temp\cciSRNGv.ltrans0.ltrans.o
 .text.adjust_owner_prio
                0x0000000000001140       0x9c C:\Users\Lenovo\AppData\Local\Temp\cciSRNGv.ltrans0.ltrans.o
 .text.remove_timeout
                0x00000000000011dc       0x20 C:\Users\Lenovo\AppData\Local\Temp\cciSRNGv.ltrans0.ltrans.o
 .text.verify_header
                0x00000000000011fc       0x40 C:\Users\Lenovo\AppData\Local\Temp\cciSRNGv.ltrans0.ltrans.o
 .text.verify_chain
                0x000000000000123c       0x3c C:\Users\Lenovo\AppData\Local\Temp\cciSRNGv.ltrans0.ltrans.o
 .text.api_blocking_start.lto_priv.0
                0x0000000000001278       0x34 C:\Users\Lenovo\AppData\Local\Temp\cciSRNGv.ltrans0.ltrans.o
                0x0000000000001278                api_blocking_start.lto_priv.0
 .text.generic_hfclk_start.lto_priv.0
                0x00000000000012ac       0x78 C:\Users\Lenovo\AppData\Local\Temp\cciSRNGv.ltrans0.ltrans.o
                0x00000000000012ac                generic_hfclk_start.lto_priv.0
 .text.nrfx_grtc_irq_handler
                0x0000000000001324       0x94 C:\Users\Lenovo\AppData\Local\Temp\cciSRNGv.ltrans0.ltrans.o
 .text.nrfx_flag32_alloc
                0x00000000000013b8       0x40 C:\Users\Lenovo\AppData\Local\Temp\cciSRNGv.ltrans0.ltrans.o
 .text.nrfx_power_clock_irq_handler
                0x00000000000013f8       0x70 C:\Users\Lenovo\AppData\Local\Temp\cciSRNGv.ltrans0.ltrans.o
 .text.buffer_alloc_calloc_mutexed
                0x0000000000001468      0x138 C:\Users\Lenovo\AppData\Local\Temp\cciSRNGv.ltrans0.ltrans.o
 .text.buffer_alloc_free_mutexed
                0x00000000000015a0      0x138 C:\Users\Lenovo\AppData\Local\Temp\cciSRNGv.ltrans0.ltrans.o
 .text.bootutil_sha_init.lto_priv.0
                0x00000000000016d8       0x40 C:\Users\Lenovo\AppData\Local\Temp\cciSRNGv.ltrans0.ltrans.o
                0x00000000000016d8                bootutil_sha_init.lto_priv.0
 .text.flash_area_open
                0x0000000000001718       0x38 C:\Users\Lenovo\AppData\Local\Temp\cciSRNGv.ltrans0.ltrans.o
                0x0000000000001718                flash_area_open
 .text._HandlerModeExit
                0x0000000000001750       0x28 C:\Users\Lenovo\AppData\Local\Temp\cciSRNGv.ltrans0.ltrans.o
                0x0000000000001750                z_arm_int_exit
                0x0000000000001750                z_arm_exc_exit
 .text._isr_wrapper
                0x0000000000001778       0x24 C:\Users\Lenovo\AppData\Local\Temp\cciSRNGv.ltrans0.ltrans.o
                0x0000000000001778                _isr_wrapper
 .text.z_arm_init_arch_hw_at_boot
                0x000000000000179c       0x4c C:\Users\Lenovo\AppData\Local\Temp\cciSRNGv.ltrans0.ltrans.o
                0x000000000000179c                z_arm_init_arch_hw_at_boot
 .text.__NVIC_EnableIRQ.lto_priv.0
                0x00000000000017e8       0x1c C:\Users\Lenovo\AppData\Local\Temp\cciSRNGv.ltrans0.ltrans.o
                0x00000000000017e8                __NVIC_EnableIRQ.lto_priv.0
 .text.__NVIC_DisableIRQ.lto_priv.0
                0x0000000000001804       0x24 C:\Users\Lenovo\AppData\Local\Temp\cciSRNGv.ltrans0.ltrans.o
                0x0000000000001804                __NVIC_DisableIRQ.lto_priv.0
 .text.nrfx_spim_uninit
                0x0000000000001828       0x8c C:\Users\Lenovo\AppData\Local\Temp\cciSRNGv.ltrans0.ltrans.o
 .text.__NVIC_SetPriority.lto_priv.0.lto_priv.0
                0x00000000000018b4       0x28 C:\Users\Lenovo\AppData\Local\Temp\cciSRNGv.ltrans0.ltrans.o
                0x00000000000018b4                __NVIC_SetPriority.lto_priv.0.lto_priv.0
 .text.clk_init
                0x00000000000018dc       0x9c C:\Users\Lenovo\AppData\Local\Temp\cciSRNGv.ltrans0.ltrans.o
 .text.gpio_nrfx_init
                0x0000000000001978       0x9c C:\Users\Lenovo\AppData\Local\Temp\cciSRNGv.ltrans0.ltrans.o
 .text.temp_nrf5_init
                0x0000000000001a14       0x44 C:\Users\Lenovo\AppData\Local\Temp\cciSRNGv.ltrans0.ltrans.o
 .text.nrf_rram_read
                0x0000000000001a58       0x2c C:\Users\Lenovo\AppData\Local\Temp\cciSRNGv.ltrans0.ltrans.o
 .text.nrf_gpio_pin_port_decode.lto_priv.0.lto_priv.0
                0x0000000000001a84       0x20 C:\Users\Lenovo\AppData\Local\Temp\cciSRNGv.ltrans0.ltrans.o
                0x0000000000001a84                nrf_gpio_pin_port_decode.lto_priv.1.lto_priv.0
                0x0000000000001a84                nrf_gpio_pin_port_decode.lto_priv.0.lto_priv.0
 .text.pin_trigger_enable
                0x0000000000001aa4       0xb0 C:\Users\Lenovo\AppData\Local\Temp\cciSRNGv.ltrans0.ltrans.o
 .text.irq_handler.lto_priv.0
                0x0000000000001b54      0x1a8 C:\Users\Lenovo\AppData\Local\Temp\cciSRNGv.ltrans0.ltrans.o
 .text.nrfx_gpiote_20_irq_handler
                0x0000000000001cfc       0x10 C:\Users\Lenovo\AppData\Local\Temp\cciSRNGv.ltrans0.ltrans.o
 .text.nrfx_gpiote_30_irq_handler
                0x0000000000001d0c       0x10 C:\Users\Lenovo\AppData\Local\Temp\cciSRNGv.ltrans0.ltrans.o
 .text.gpiote_input_configure
                0x0000000000001d1c      0x1e8 C:\Users\Lenovo\AppData\Local\Temp\cciSRNGv.ltrans0.ltrans.o
 .text.gpio_nrfx_pin_configure
                0x0000000000001f04      0x27c C:\Users\Lenovo\AppData\Local\Temp\cciSRNGv.ltrans0.ltrans.o
 .text.gpio_nrfx_pin_interrupt_configure
                0x0000000000002180      0x100 C:\Users\Lenovo\AppData\Local\Temp\cciSRNGv.ltrans0.ltrans.o
 .text.nrfx_spim_00_irq_handler
                0x0000000000002280       0x90 C:\Users\Lenovo\AppData\Local\Temp\cciSRNGv.ltrans0.ltrans.o
 .text.counter.lto_priv.0
                0x0000000000002310       0x50 C:\Users\Lenovo\AppData\Local\Temp\cciSRNGv.ltrans0.ltrans.o
                0x0000000000002310                counter.lto_priv.0
 .text.elapsed  0x0000000000002360       0x2c C:\Users\Lenovo\AppData\Local\Temp\cciSRNGv.ltrans0.ltrans.o
 .text.next_timeout
                0x000000000000238c       0x2c C:\Users\Lenovo\AppData\Local\Temp\cciSRNGv.ltrans0.ltrans.o
 .text.sys_clock_timeout_handler
                0x00000000000023b8       0xe0 C:\Users\Lenovo\AppData\Local\Temp\cciSRNGv.ltrans0.ltrans.o
 .text.sys_clock_tick_get
                0x0000000000002498       0x30 C:\Users\Lenovo\AppData\Local\Temp\cciSRNGv.ltrans0.ltrans.o
 .text.boot_read_swap_state
                0x00000000000024c8       0xb4 C:\Users\Lenovo\AppData\Local\Temp\cciSRNGv.ltrans0.ltrans.o
                0x00000000000024c8                boot_read_swap_state
 .text.boot_write_magic
                0x000000000000257c       0x40 C:\Users\Lenovo\AppData\Local\Temp\cciSRNGv.ltrans0.ltrans.o
                0x000000000000257c                boot_write_magic
 .text.SystemInit
                0x00000000000025bc       0xf8 C:\Users\Lenovo\AppData\Local\Temp\cciSRNGv.ltrans0.ltrans.o
                0x00000000000025bc                SystemInit
 .text.z_impl_k_mutex_lock
                0x00000000000026b4       0xdc C:\Users\Lenovo\AppData\Local\Temp\cciSRNGv.ltrans0.ltrans.o
                0x00000000000026b4                z_impl_k_mutex_lock
 .text.z_swap_irqlock.lto_priv.0
                0x0000000000002790       0x34 C:\Users\Lenovo\AppData\Local\Temp\cciSRNGv.ltrans0.ltrans.o
                0x0000000000002790                z_swap_irqlock.lto_priv.0
 .text.z_reschedule_unlocked.lto_priv.0
                0x00000000000027c4       0x34 C:\Users\Lenovo\AppData\Local\Temp\cciSRNGv.ltrans0.ltrans.o
 .text.cal_hf_callback
                0x00000000000027f8       0xc8 C:\Users\Lenovo\AppData\Local\Temp\cciSRNGv.ltrans0.ltrans.o
 .text.z_impl_k_yield
                0x00000000000028c0       0x78 C:\Users\Lenovo\AppData\Local\Temp\cciSRNGv.ltrans0.ltrans.o
 .text.ready_thread.lto_priv.0
                0x0000000000002938       0x84 C:\Users\Lenovo\AppData\Local\Temp\cciSRNGv.ltrans0.ltrans.o
                0x0000000000002938                ready_thread.lto_priv.0
 .text.z_prep_c
                0x00000000000029bc      0x418 C:\Users\Lenovo\AppData\Local\Temp\cciSRNGv.ltrans0.ltrans.o
                0x00000000000029bc                z_prep_c
 .text.unready_thread.lto_priv.0
                0x0000000000002dd4       0x4c C:\Users\Lenovo\AppData\Local\Temp\cciSRNGv.ltrans0.ltrans.o
                0x0000000000002dd4                unready_thread.lto_priv.0
 .text.z_add_timeout
                0x0000000000002e20       0x88 C:\Users\Lenovo\AppData\Local\Temp\cciSRNGv.ltrans0.ltrans.o
                0x0000000000002e20                z_add_timeout
 .text.k_sleep.lto_priv.0
                0x0000000000002ea8       0x84 C:\Users\Lenovo\AppData\Local\Temp\cciSRNGv.ltrans0.ltrans.o
 .text.sys_clock_driver_init
                0x0000000000002f2c      0x290 C:\Users\Lenovo\AppData\Local\Temp\cciSRNGv.ltrans0.ltrans.o
 .text.z_timer_expiration_handler
                0x00000000000031bc       0xa0 C:\Users\Lenovo\AppData\Local\Temp\cciSRNGv.ltrans0.ltrans.o
 .text.z_abort_timeout
                0x000000000000325c       0x48 C:\Users\Lenovo\AppData\Local\Temp\cciSRNGv.ltrans0.ltrans.o
                0x000000000000325c                z_abort_timeout
 .text.lfclk_stop.lto_priv.0
                0x00000000000032a4       0x60 C:\Users\Lenovo\AppData\Local\Temp\cciSRNGv.ltrans0.ltrans.o
                0x00000000000032a4                lfclk_stop.lto_priv.0
 .text.start_cycle
                0x0000000000003304       0x54 C:\Users\Lenovo\AppData\Local\Temp\cciSRNGv.ltrans0.ltrans.o
 .text.clock_event_handler
                0x0000000000003358       0x5c C:\Users\Lenovo\AppData\Local\Temp\cciSRNGv.ltrans0.ltrans.o
 .text.measure_temperature
                0x00000000000033b4       0x80 C:\Users\Lenovo\AppData\Local\Temp\cciSRNGv.ltrans0.ltrans.o
 .text.z_impl_k_thread_abort
                0x0000000000003434      0x124 C:\Users\Lenovo\AppData\Local\Temp\cciSRNGv.ltrans0.ltrans.o
 .text.z_arm_fault
                0x0000000000003558       0xf8 C:\Users\Lenovo\AppData\Local\Temp\cciSRNGv.ltrans0.ltrans.o
                0x0000000000003558                z_arm_fault
 .text.z_thread_entry
                0x0000000000003650       0x18 C:\Users\Lenovo\AppData\Local\Temp\cciSRNGv.ltrans0.ltrans.o
 .text.k_sys_work_q_init
                0x0000000000003668       0x9c C:\Users\Lenovo\AppData\Local\Temp\cciSRNGv.ltrans0.ltrans.o
 .text.bg_thread_main
                0x0000000000003704      0x5d4 C:\Users\Lenovo\AppData\Local\Temp\cciSRNGv.ltrans0.ltrans.o
 .text.work_queue_main
                0x0000000000003cd8      0x134 C:\Users\Lenovo\AppData\Local\Temp\cciSRNGv.ltrans0.ltrans.o
 .text.spi_nrfx_init
                0x0000000000003e0c      0x128 C:\Users\Lenovo\AppData\Local\Temp\cciSRNGv.ltrans0.ltrans.o
 .text.transfer_next_chunk
                0x0000000000003f34      0x214 C:\Users\Lenovo\AppData\Local\Temp\cciSRNGv.ltrans0.ltrans.o
 .text.temp_nrf5_isr
                0x0000000000004148       0x18 C:\Users\Lenovo\AppData\Local\Temp\cciSRNGv.ltrans0.ltrans.o
 .text.nrf_write
                0x0000000000004160       0x84 C:\Users\Lenovo\AppData\Local\Temp\cciSRNGv.ltrans0.ltrans.o
 .text.spi_nrfx_transceive
                0x00000000000041e4      0x5e8 C:\Users\Lenovo\AppData\Local\Temp\cciSRNGv.ltrans0.ltrans.o
 .text.z_impl_k_mutex_unlock
                0x00000000000047cc       0x84 C:\Users\Lenovo\AppData\Local\Temp\cciSRNGv.ltrans0.ltrans.o
                0x00000000000047cc                z_impl_k_mutex_unlock
 .text.temp_nrf5_sample_fetch
                0x0000000000004850       0x70 C:\Users\Lenovo\AppData\Local\Temp\cciSRNGv.ltrans0.ltrans.o
 .text.mbedtls_platform_zeroize.part.0
                0x00000000000048c0       0x14 C:\Users\Lenovo\AppData\Local\Temp\cciSRNGv.ltrans1.ltrans.o
 .text.mbedtls_zeroize_and_free
                0x00000000000048d4       0x1c C:\Users\Lenovo\AppData\Local\Temp\cciSRNGv.ltrans1.ltrans.o
 .text.psa_allocate_buffer_to_slot
                0x00000000000048f0       0x2c C:\Users\Lenovo\AppData\Local\Temp\cciSRNGv.ltrans1.ltrans.o
 .text.psa_get_key_slots_initialized
                0x000000000000491c       0x24 C:\Users\Lenovo\AppData\Local\Temp\cciSRNGv.ltrans1.ltrans.o
 .text.cracen_ecc_get_ecurve_from_psa
                0x0000000000004940       0xa4 C:\Users\Lenovo\AppData\Local\Temp\cciSRNGv.ltrans1.ltrans.o
 .text.cracen_get_opaque_size
                0x00000000000049e4       0x88 C:\Users\Lenovo\AppData\Local\Temp\cciSRNGv.ltrans1.ltrans.o
 .text.lib_kmu_clear_all_events
                0x0000000000004a6c       0x24 C:\Users\Lenovo\AppData\Local\Temp\cciSRNGv.ltrans1.ltrans.o
 .text.trigger_task_and_wait_for_event_or_error
                0x0000000000004a90       0x54 C:\Users\Lenovo\AppData\Local\Temp\cciSRNGv.ltrans1.ltrans.o
 .text.lib_kmu_read_metadata
                0x0000000000004ae4       0x28 C:\Users\Lenovo\AppData\Local\Temp\cciSRNGv.ltrans1.ltrans.o
 .text.sx_ba413_digest
                0x0000000000004b0c      0x12c C:\Users\Lenovo\AppData\Local\Temp\cciSRNGv.ltrans1.ltrans.o
 .text.sx_pk_fetch_capabilities
                0x0000000000004c38       0x60 C:\Users\Lenovo\AppData\Local\Temp\cciSRNGv.ltrans1.ltrans.o
 .text.convert_ba414_status
                0x0000000000004c98       0x98 C:\Users\Lenovo\AppData\Local\Temp\cciSRNGv.ltrans1.ltrans.o
 .text.run_ecdsa_ik_hash
                0x0000000000004d30       0x3c C:\Users\Lenovo\AppData\Local\Temp\cciSRNGv.ltrans1.ltrans.o
 .text.create_sign
                0x0000000000004d6c       0x80 C:\Users\Lenovo\AppData\Local\Temp\cciSRNGv.ltrans1.ltrans.o
 .text.create_sign_digest
                0x0000000000004dec       0x40 C:\Users\Lenovo\AppData\Local\Temp\cciSRNGv.ltrans1.ltrans.o
 .text.create_pubkey
                0x0000000000004e2c       0x3c C:\Users\Lenovo\AppData\Local\Temp\cciSRNGv.ltrans1.ltrans.o
 .text.check_ecc_key_attributes.constprop.0
                0x0000000000004e68       0x9c C:\Users\Lenovo\AppData\Local\Temp\cciSRNGv.ltrans1.ltrans.o
 .text.psa_key_algorithm_permits.constprop.0
                0x0000000000004f04       0x10 C:\Users\Lenovo\AppData\Local\Temp\cciSRNGv.ltrans1.ltrans.o
 .text.nrfx_rramc_write_enable_set.constprop.0
                0x0000000000004f14       0x14 C:\Users\Lenovo\AppData\Local\Temp\cciSRNGv.ltrans1.ltrans.o
 .text.lib_kmu_revoke_slot
                0x0000000000004f28       0x30 C:\Users\Lenovo\AppData\Local\Temp\cciSRNGv.ltrans1.ltrans.o
 .text.set_provisioning_in_progress
                0x0000000000004f58       0x54 C:\Users\Lenovo\AppData\Local\Temp\cciSRNGv.ltrans1.ltrans.o
 .text.psa_reserve_free_key_slot
                0x0000000000004fac       0x84 C:\Users\Lenovo\AppData\Local\Temp\cciSRNGv.ltrans1.ltrans.o
 .text.psa_unregister_read_under_mutex
                0x0000000000005030       0x30 C:\Users\Lenovo\AppData\Local\Temp\cciSRNGv.ltrans1.ltrans.o
 .text.ik_sign_consume_digest
                0x0000000000005060       0x3c C:\Users\Lenovo\AppData\Local\Temp\cciSRNGv.ltrans1.ltrans.o
 .text.cracen_acquire
                0x000000000000509c       0x3c C:\Users\Lenovo\AppData\Local\Temp\cciSRNGv.ltrans1.ltrans.o
 .text.sx_hash_create_ba413.lto_priv.0
                0x00000000000050d8       0xa4 C:\Users\Lenovo\AppData\Local\Temp\cciSRNGv.ltrans1.ltrans.o
                0x00000000000050d8                sx_hash_create_ba413.lto_priv.0
 .text.cracen_release
                0x000000000000517c       0x68 C:\Users\Lenovo\AppData\Local\Temp\cciSRNGv.ltrans1.ltrans.o
 .text.sx_cmdma_release_hw
                0x00000000000051e4       0x1c C:\Users\Lenovo\AppData\Local\Temp\cciSRNGv.ltrans1.ltrans.o
 .text.sx_pk_release_req
                0x0000000000005200       0x28 C:\Users\Lenovo\AppData\Local\Temp\cciSRNGv.ltrans1.ltrans.o
 .text.sx_pk_list_ik_inslots
                0x0000000000005228      0x130 C:\Users\Lenovo\AppData\Local\Temp\cciSRNGv.ltrans1.ltrans.o
 .text.sx_pk_list_ecc_inslots
                0x0000000000005358      0x18c C:\Users\Lenovo\AppData\Local\Temp\cciSRNGv.ltrans1.ltrans.o
 .text.swap_erase_trailer_sectors.constprop.0
                0x00000000000054e4       0x64 C:\Users\Lenovo\AppData\Local\Temp\cciSRNGv.ltrans1.ltrans.o
 .text.boot_read_image_size.constprop.0
                0x0000000000005548       0x98 C:\Users\Lenovo\AppData\Local\Temp\cciSRNGv.ltrans1.ltrans.o
 .text.boot_find_status.constprop.0
                0x00000000000055e0       0x24 C:\Users\Lenovo\AppData\Local\Temp\cciSRNGv.ltrans1.ltrans.o
 .text.boot_copy_region.constprop.0
                0x0000000000005604       0x5c C:\Users\Lenovo\AppData\Local\Temp\cciSRNGv.ltrans1.ltrans.o
 .text.psa_crypto_init
                0x0000000000005660      0x230 C:\Users\Lenovo\AppData\Local\Temp\cciSRNGv.ltrans1.ltrans.o
                0x0000000000005660                psa_crypto_init
 .text.push_kmu_key_to_ram
                0x0000000000005890       0x94 C:\Users\Lenovo\AppData\Local\Temp\cciSRNGv.ltrans1.ltrans.o
 .text.cracen_kmu_get_builtin_key
                0x0000000000005924      0x1b8 C:\Users\Lenovo\AppData\Local\Temp\cciSRNGv.ltrans1.ltrans.o
 .text.psa_driver_wrapper_get_builtin_key
                0x0000000000005adc       0xdc C:\Users\Lenovo\AppData\Local\Temp\cciSRNGv.ltrans1.ltrans.o
 .text.psa_get_and_lock_key_slot
                0x0000000000005bb8      0x24c C:\Users\Lenovo\AppData\Local\Temp\cciSRNGv.ltrans1.ltrans.o
 .text.clkstarted_handle.constprop.0
                0x0000000000005e04       0x4c C:\Users\Lenovo\AppData\Local\Temp\cciSRNGv.ltrans1.ltrans.o
                0x0000000000005e04                clkstarted_handle.constprop.0
 .text.usage_fault.constprop.0
                0x0000000000005e50       0x5c C:\Users\Lenovo\AppData\Local\Temp\cciSRNGv.ltrans1.ltrans.o
                0x0000000000005e50                usage_fault.constprop.0
 .text.bus_fault.constprop.0
                0x0000000000005eac       0x6c C:\Users\Lenovo\AppData\Local\Temp\cciSRNGv.ltrans1.ltrans.o
                0x0000000000005eac                bus_fault.constprop.0
 .text.mem_manage_fault.constprop.0
                0x0000000000005f18       0x78 C:\Users\Lenovo\AppData\Local\Temp\cciSRNGv.ltrans1.ltrans.o
                0x0000000000005f18                mem_manage_fault.constprop.0
 .text.printk.constprop.0
                0x0000000000005f90      0x7a0 C:\Users\Lenovo\AppData\Local\Temp\cciSRNGv.ltrans1.ltrans.o
                0x0000000000005f90                printk.constprop.0
 .text.boot_read_image_headers.constprop.0
                0x0000000000006730       0xdc C:\Users\Lenovo\AppData\Local\Temp\cciSRNGv.ltrans1.ltrans.o
                0x0000000000006730                boot_read_image_headers.constprop.0
 .text.boot_swap_type_multi.constprop.0
                0x000000000000680c       0xbc C:\Users\Lenovo\AppData\Local\Temp\cciSRNGv.ltrans1.ltrans.o
                0x000000000000680c                boot_swap_type_multi.constprop.0
 .text.z_pend_curr.constprop.0
                0x00000000000068c8       0x84 C:\Users\Lenovo\AppData\Local\Temp\cciSRNGv.ltrans1.ltrans.o
                0x00000000000068c8                z_pend_curr.constprop.0
 .text.sys_clock_set_timeout.constprop.0
                0x000000000000694c      0x108 C:\Users\Lenovo\AppData\Local\Temp\cciSRNGv.ltrans1.ltrans.o
                0x000000000000694c                sys_clock_set_timeout.constprop.0
 .text.z_reschedule.constprop.0
                0x0000000000006a54       0x28 C:\Users\Lenovo\AppData\Local\Temp\cciSRNGv.ltrans1.ltrans.o
                0x0000000000006a54                z_reschedule.constprop.0
 .text.cracen_isr_handler
                0x0000000000006a7c       0x74 C:\Users\Lenovo\AppData\Local\Temp\cciSRNGv.ltrans1.ltrans.o
 .text.cracen_wait_for_interrupt
                0x0000000000006af0       0x48 C:\Users\Lenovo\AppData\Local\Temp\cciSRNGv.ltrans1.ltrans.o
 .text.sx_hash_status
                0x0000000000006b38       0xb4 C:\Users\Lenovo\AppData\Local\Temp\cciSRNGv.ltrans1.ltrans.o
                0x0000000000006b38                sx_hash_status
 .text.sx_pk_wait
                0x0000000000006bec       0x58 C:\Users\Lenovo\AppData\Local\Temp\cciSRNGv.ltrans1.ltrans.o
 .text.sx_pk_acquire_req
                0x0000000000006c44       0x54 C:\Users\Lenovo\AppData\Local\Temp\cciSRNGv.ltrans1.ltrans.o
 .text.exit_ikg
                0x0000000000006c98       0x60 C:\Users\Lenovo\AppData\Local\Temp\cciSRNGv.ltrans1.ltrans.o
 .text.finish_ecdsa_ik_sign
                0x0000000000006cf8       0x78 C:\Users\Lenovo\AppData\Local\Temp\cciSRNGv.ltrans1.ltrans.o
 .text.start_ecdsa_ik_sign
                0x0000000000006d70       0xa8 C:\Users\Lenovo\AppData\Local\Temp\cciSRNGv.ltrans1.ltrans.o
 .text.run_ik_genpubkey
                0x0000000000006e18       0x74 C:\Users\Lenovo\AppData\Local\Temp\cciSRNGv.ltrans1.ltrans.o
 .text.cracen_import_key.constprop.0
                0x0000000000006e8c      0x378 C:\Users\Lenovo\AppData\Local\Temp\cciSRNGv.ltrans1.ltrans.o
 .text.bootutil_img_validate.constprop.0
                0x0000000000007204      0xa40 C:\Users\Lenovo\AppData\Local\Temp\cciSRNGv.ltrans1.ltrans.o
 .text.boot_validate_slot.constprop.0
                0x0000000000007c44       0xa4 C:\Users\Lenovo\AppData\Local\Temp\cciSRNGv.ltrans1.ltrans.o
                0x0000000000007c44                boot_validate_slot.constprop.0
 .text.nrf_gpio_cfg.constprop.0
                0x0000000000007ce8       0x44 C:\Users\Lenovo\AppData\Local\Temp\cciSRNGv.ltrans1.ltrans.o
                0x0000000000007ce8                nrf_gpio_cfg.constprop.0
 .text.pinctrl_apply_state.constprop.0
                0x0000000000007d2c      0x128 C:\Users\Lenovo\AppData\Local\Temp\cciSRNGv.ltrans1.ltrans.o
                0x0000000000007d2c                pinctrl_apply_state.constprop.0
 .text.boot_write_status.constprop.0
                0x0000000000007e54       0x80 C:\Users\Lenovo\AppData\Local\Temp\cciSRNGv.ltrans1.ltrans.o
 .text.boot_swap_image.constprop.0
                0x0000000000007ed4      0x28c C:\Users\Lenovo\AppData\Local\Temp\cciSRNGv.ltrans1.ltrans.o
                0x0000000000007ed4                boot_swap_image.constprop.0
 .text.z_SysNmiOnReset
                0x0000000000008160        0x8 zephyr/arch/arch/arm/core/libarch__arm__core.a(nmi_on_reset.S.obj)
                0x0000000000008160                z_SysNmiOnReset
 .text.__fault  0x0000000000008168       0x14 zephyr/arch/arch/arm/core/cortex_m/libarch__arm__core__cortex_m.a(fault_s.S.obj)
                0x0000000000008168                z_arm_usage_fault
                0x0000000000008168                z_arm_mpu_fault
                0x0000000000008168                z_arm_exc_spurious
                0x0000000000008168                z_arm_debug_monitor
                0x0000000000008168                z_arm_hard_fault
                0x0000000000008168                z_arm_bus_fault
 .text._reset_section
                0x000000000000817c       0x60 zephyr/arch/arch/arm/core/cortex_m/libarch__arm__core__cortex_m.a(reset.S.obj)
                0x000000000000817c                __start
                0x000000000000817c                z_arm_reset
 .text.z_arm_pendsv
                0x00000000000081dc       0x48 zephyr/arch/arch/arm/core/cortex_m/libarch__arm__core__cortex_m.a(swap_helper.S.obj)
                0x00000000000081dc                z_arm_pendsv
 .text.z_arm_svc
                0x0000000000008224       0x24 zephyr/arch/arch/arm/core/cortex_m/libarch__arm__core__cortex_m.a(swap_helper.S.obj)
                0x0000000000008224                z_arm_svc
 .text.psa_hash_operation_init
                0x0000000000008248       0x12 C:\Users\Lenovo\AppData\Local\Temp\cciSRNGv.ltrans0.ltrans.o
 .text.arch_printk_char_out
                0x000000000000825a        0x4 C:\Users\Lenovo\AppData\Local\Temp\cciSRNGv.ltrans0.ltrans.o
 .text.char_out.lto_priv.0
                0x000000000000825e        0x4 C:\Users\Lenovo\AppData\Local\Temp\cciSRNGv.ltrans0.ltrans.o
                0x000000000000825e                char_out.lto_priv.0
 .text.notify_one
                0x0000000000008262       0x24 C:\Users\Lenovo\AppData\Local\Temp\cciSRNGv.ltrans0.ltrans.o
 .text.process_recheck
                0x0000000000008286       0x38 C:\Users\Lenovo\AppData\Local\Temp\cciSRNGv.ltrans0.ltrans.o
 .text.transition_complete
                0x00000000000082be       0x1a C:\Users\Lenovo\AppData\Local\Temp\cciSRNGv.ltrans0.ltrans.o
 .text.onoff_request
                0x00000000000082d8       0xc0 C:\Users\Lenovo\AppData\Local\Temp\cciSRNGv.ltrans0.ltrans.o
 .text.onoff_release
                0x0000000000008398       0x48 C:\Users\Lenovo\AppData\Local\Temp\cciSRNGv.ltrans0.ltrans.o
 .text.device_is_ready.lto_priv.0
                0x00000000000083e0       0x16 C:\Users\Lenovo\AppData\Local\Temp\cciSRNGv.ltrans0.ltrans.o
 .text.flash_area_close
                0x00000000000083f6        0x2 C:\Users\Lenovo\AppData\Local\Temp\cciSRNGv.ltrans0.ltrans.o
                0x00000000000083f6                flash_area_close
 .text.arm_cmse_mpu_region_get
                0x00000000000083f8       0x12 C:\Users\Lenovo\AppData\Local\Temp\cciSRNGv.ltrans0.ltrans.o
 .text.mpu_configure_region
                0x000000000000840a       0x32 C:\Users\Lenovo\AppData\Local\Temp\cciSRNGv.ltrans0.ltrans.o
 .text.memset   0x000000000000843c       0x12 C:\Users\Lenovo\AppData\Local\Temp\cciSRNGv.ltrans0.ltrans.o
                0x000000000000843c                memset
 .text.get_status.lto_priv.0
                0x000000000000844e       0x12 C:\Users\Lenovo\AppData\Local\Temp\cciSRNGv.ltrans0.ltrans.o
                0x000000000000844e                get_status.lto_priv.0
 .text.stop     0x0000000000008460       0x52 C:\Users\Lenovo\AppData\Local\Temp\cciSRNGv.ltrans0.ltrans.o
 .text.api_stop.lto_priv.0
                0x00000000000084b2        0x6 C:\Users\Lenovo\AppData\Local\Temp\cciSRNGv.ltrans0.ltrans.o
                0x00000000000084b2                api_stop.lto_priv.0
 .text.async_start
                0x00000000000084b8       0x5c C:\Users\Lenovo\AppData\Local\Temp\cciSRNGv.ltrans0.ltrans.o
 .text.api_start.lto_priv.0
                0x0000000000008514        0xe C:\Users\Lenovo\AppData\Local\Temp\cciSRNGv.ltrans0.ltrans.o
                0x0000000000008514                api_start.lto_priv.0
 .text.onoff_started_callback
                0x0000000000008522       0x12 C:\Users\Lenovo\AppData\Local\Temp\cciSRNGv.ltrans0.ltrans.o
 .text.pm_device_driver_init.lto_priv.0
                0x0000000000008534       0x20 C:\Users\Lenovo\AppData\Local\Temp\cciSRNGv.ltrans0.ltrans.o
 .text.spi_nor_pages_layout
                0x0000000000008554        0xc C:\Users\Lenovo\AppData\Local\Temp\cciSRNGv.ltrans0.ltrans.o
 .text.flash_nor_get_size
                0x0000000000008560        0xc C:\Users\Lenovo\AppData\Local\Temp\cciSRNGv.ltrans0.ltrans.o
 .text.gpio_nrfx_port_get_raw
                0x000000000000856c        0xc C:\Users\Lenovo\AppData\Local\Temp\cciSRNGv.ltrans0.ltrans.o
 .text.gpio_nrfx_port_set_masked_raw
                0x0000000000008578       0x14 C:\Users\Lenovo\AppData\Local\Temp\cciSRNGv.ltrans0.ltrans.o
 .text.gpio_nrfx_port_set_bits_raw