Archive member included to satisfy reference by file (symbol)

app/libapp.a(main.c.obj)      (--whole-archive)
app/libapp.a(io.c.obj)        (--whole-archive)
app/libapp.a(flash_map_extended.c.obj)
                              (--whole-archive)
app/libapp.a(os.c.obj)        (--whole-archive)
app/libapp.a(keys.c.obj)      (--whole-archive)
app/libapp.a(image_validate.c.obj)
                              (--whole-archive)
app/libapp.a(tlv.c.obj)       (--whole-archive)
app/libapp.a(encrypted.c.obj)
                              (--whole-archive)
app/libapp.a(image_rsa.c.obj)
                              (--whole-archive)
app/libapp.a(image_ecdsa.c.obj)
                              (--whole-archive)
app/libapp.a(image_ed25519.c.obj)
                              (--whole-archive)
app/libapp.a(bootutil_misc.c.obj)
                              (--whole-archive)
app/libapp.a(fault_injection_hardening.c.obj)
                              (--whole-archive)
app/libapp.a(loader.c.obj)    (--whole-archive)
app/libapp.a(swap_misc.c.obj)
                              (--whole-archive)
app/libapp.a(caps.c.obj)      (--whole-archive)
app/libapp.a(swap_move.c.obj)
                              (--whole-archive)
app/libapp.a(asn1parse.c.obj)
                              (--whole-archive)
app/libapp.a(ed25519_psa.c.obj)
                              (--whole-archive)
app/libapp.a(autogen-pubkey.c.obj)
                              (--whole-archive)
app/libapp.a(arm_cleanup.c.obj)
                              (--whole-archive)
app/libapp.a(flash_check.c.obj)
                              (--whole-archive)
app/libapp.a(nrf_cleanup.c.obj)
                              (--whole-archive)
zephyr/libzephyr.a(heap.c.obj)
                              (--whole-archive)
zephyr/libzephyr.a(cbprintf_packaged.c.obj)
                              (--whole-archive)
zephyr/libzephyr.a(printk.c.obj)
                              (--whole-archive)
zephyr/libzephyr.a(sem.c.obj)
                              (--whole-archive)
zephyr/libzephyr.a(thread_entry.c.obj)
                              (--whole-archive)
zephyr/libzephyr.a(cbprintf_nano.c.obj)
                              (--whole-archive)
zephyr/libzephyr.a(cbprintf.c.obj)
                              (--whole-archive)
zephyr/libzephyr.a(assert.c.obj)
                              (--whole-archive)
zephyr/libzephyr.a(dec.c.obj)
                              (--whole-archive)
zephyr/libzephyr.a(hex.c.obj)
                              (--whole-archive)
zephyr/libzephyr.a(rb.c.obj)  (--whole-archive)
zephyr/libzephyr.a(timeutil.c.obj)
                              (--whole-archive)
zephyr/libzephyr.a(bitarray.c.obj)
                              (--whole-archive)
zephyr/libzephyr.a(onoff.c.obj)
                              (--whole-archive)
zephyr/libzephyr.a(notify.c.obj)
                              (--whole-archive)
zephyr/libzephyr.a(last_section_id.c.obj)
                              (--whole-archive)
zephyr/libzephyr.a(configs.c.obj)
                              (--whole-archive)
zephyr/libzephyr.a(log_minimal.c.obj)
                              (--whole-archive)
zephyr/libzephyr.a(mem_attr.c.obj)
                              (--whole-archive)
zephyr/libzephyr.a(flash_map.c.obj)
                              (--whole-archive)
zephyr/libzephyr.a(flash_map_layout.c.obj)
                              (--whole-archive)
zephyr/libzephyr.a(tracing_none.c.obj)
                              (--whole-archive)
zephyr/libzephyr.a(flash_util.c.obj)
                              (--whole-archive)
zephyr/libzephyr.a(banner.c.obj)
                              (--whole-archive)
zephyr/libzephyr.a(flash_map_partition_manager.c.obj)
                              (--whole-archive)
zephyr/arch/common/libarch__common.a(sw_isr_common.c.obj)
                              (--whole-archive)
zephyr/arch/arch/arm/core/libarch__arm__core.a(fatal.c.obj)
                              (--whole-archive)
zephyr/arch/arch/arm/core/libarch__arm__core.a(nmi.c.obj)
                              (--whole-archive)
zephyr/arch/arch/arm/core/libarch__arm__core.a(nmi_on_reset.S.obj)
                              (--whole-archive)
zephyr/arch/arch/arm/core/cortex_m/libarch__arm__core__cortex_m.a(exc_exit.c.obj)
                              (--whole-archive)
zephyr/arch/arch/arm/core/cortex_m/libarch__arm__core__cortex_m.a(fault.c.obj)
                              (--whole-archive)
zephyr/arch/arch/arm/core/cortex_m/libarch__arm__core__cortex_m.a(fault_s.S.obj)
                              (--whole-archive)
zephyr/arch/arch/arm/core/cortex_m/libarch__arm__core__cortex_m.a(fpu.c.obj)
                              (--whole-archive)
zephyr/arch/arch/arm/core/cortex_m/libarch__arm__core__cortex_m.a(reset.S.obj)
                              (--whole-archive)
zephyr/arch/arch/arm/core/cortex_m/libarch__arm__core__cortex_m.a(scb.c.obj)
                              (--whole-archive)
[...]
Memory Configuration

Name             Origin             Length             Attributes
FLASH            0x0000000000000000 0x000000000000d800 xr
RAM              0x0000000020000000 0x000000000002f000 xw
IDT_LIST         0x00000000ffff7fff 0x0000000000008000 xw
*default*        0x0000000000000000 0xffffffffffffffff

Linker script and memory map

LOAD zephyr/CMakeFiles/zephyr_final.dir/misc/empty_file.c.obj
LOAD zephyr/CMakeFiles/zephyr_final.dir/isr_tables.c.obj
LOAD zephyr/CMakeFiles/offsets.dir/./arch/arm/core/offsets/offsets.c.obj
LOAD app/libapp.a
LOAD zephyr/libzephyr.a
LOAD zephyr/arch/common/libarch__common.a
LOAD zephyr/arch/arch/arm/core/libarch__arm__core.a
LOAD zephyr/arch/arch/arm/core/cortex_m/libarch__arm__core__cortex_m.a
LOAD zephyr/arch/arch/arm/core/cortex_m/cmse/libarch__arm__core__cortex_m__cmse.a
LOAD zephyr/arch/arch/arm/core/mpu/libarch__arm__core__mpu.a
LOAD zephyr/lib/libc/minimal/liblib__libc__minimal.a
LOAD zephyr/lib/libc/common/liblib__libc__common.a
LOAD zephyr/soc/soc/nrf54l15/libsoc__nordic.a
LOAD zephyr/drivers/cache/libdrivers__cache.a
LOAD zephyr/drivers/clock_control/libdrivers__clock_control.a
LOAD zephyr/drivers/console/libdrivers__console.a
LOAD zephyr/drivers/flash/libdrivers__flash.a
LOAD zephyr/drivers/gpio/libdrivers__gpio.a
LOAD zephyr/drivers/pinctrl/libdrivers__pinctrl.a
LOAD zephyr/drivers/serial/libdrivers__serial.a
LOAD zephyr/drivers/timer/libdrivers__timer.a
LOAD modules/nrf/subsys/nrf_security/src/zephyr/libmbedtls_zephyr.a
LOAD modules/mcuboot/boot/bootutil/zephyr/libmcuboot_util.a
LOAD modules/hal_nordic/modules/hal_nordic/nrfx/libmodules__hal_nordic__nrfx.a
LOAD zephyr/kernel/libkernel.a
LOAD zephyr/arch/common/libisr_tables.a
LOAD modules/nrf/subsys/nrf_security/src/libmbedcrypto.a
LOAD modules/nrf/subsys/nrf_security/src/core/nrf_oberon/liboberon_psa_core.a
LOAD modules/nrf/subsys/nrf_security/src/drivers/cracen/libcracen_psa_driver.a
LOAD modules/nrf/subsys/nrf_security/src/libmbedcrypto_base.a
LOAD modules/nrf/subsys/nrf_security/src/libnrf_security_utils.a
LOAD zephyr/kernel/libkernel.a
LOAD c:/ncs/toolchains/0b393f9e1b/opt/zephyr-sdk/arm-zephyr-eabi/bin/../lib/gcc/arm-zephyr-eabi/12.2.0/thumb/v8-m.main/nofp\libgcc.a
                0x0000000000000020                _region_min_align = 0x20

.rel.plt        0x0000000000000000        0x0
 *(SORT_BY_ALIGNMENT(.rel.plt))
                [!provide]                        PROVIDE (__rel_iplt_start = .)
 *(SORT_BY_ALIGNMENT(.rel.iplt))
 .rel.iplt      0x0000000000000000        0x0 zephyr/CMakeFiles/zephyr_final.dir/isr_tables.c.obj
                [!provide]                        PROVIDE (__rel_iplt_end = .)

.rela.plt       0x0000000000000000        0x0
 *(SORT_BY_ALIGNMENT(.rela.plt))
                [!provide]                        PROVIDE (__rela_iplt_start = .)
 *(SORT_BY_ALIGNMENT(.rela.iplt))
                [!provide]                        PROVIDE (__rela_iplt_end = .)

.rel.dyn
 *(SORT_BY_ALIGNMENT(.rel.*))

.rela.dyn
 *(SORT_BY_ALIGNMENT(.rela.*))

/DISCARD/
 *(SORT_BY_ALIGNMENT(.plt))

/DISCARD/
 *(SORT_BY_ALIGNMENT(.iplt))
                0x0000000000000000                __rom_region_start = 0x0

rom_start       0x0000000000000000      0x47c
                0x0000000000000000                __rom_start_address = .
 FILL mask 0x00
                0x0000000000000000                . = (. + (0x0 - (. - __rom_start_address)))
                0x0000000000000000                . = ALIGN (0x4)
                0x0000000000000000                . = ALIGN (0x80)
                0x0000000000000000                . = ALIGN (0x800)
                0x0000000000000000                _vector_start = .
 *(SORT_BY_ALIGNMENT(.exc_vector_table))
 *(SORT_BY_ALIGNMENT(.exc_vector_table.*))
 .exc_vector_table._vector_table_section
                0x0000000000000000       0x40 zephyr/arch/arch/arm/core/cortex_m/libarch__arm__core__cortex_m.a(vector_table.S.obj)
                0x0000000000000000                _vector_table
 *(SORT_BY_ALIGNMENT(.vectors))
                0x000000000000047c                _vector_end = .
                0x0000000000000040                . = ALIGN (0x4)
 *(SORT_BY_ALIGNMENT(.gnu.linkonce.irq_vector_table*))
 .gnu.linkonce.irq_vector_table
                0x0000000000000040      0x43c zephyr/CMakeFiles/zephyr_final.dir/isr_tables.c.obj
                0x0000000000000040                _irq_vector_table
                0x000000000000047c                _vector_end = .

text            0x000000000000047c     0x93a8
                0x000000000000047c                __text_region_start = .
 *(SORT_BY_ALIGNMENT(.text))
 .text          0x000000000000047c       0x30 c:/ncs/toolchains/0b393f9e1b/opt/zephyr-sdk/arm-zephyr-eabi/bin/../lib/gcc/arm-zephyr-eabi/12.2.0/thumb/v8-m.main/nofp\libgcc.a(_aeabi_uldivmod.o)
                0x000000000000047c                __aeabi_uldivmod
 .text          0x00000000000004ac        0x4 c:/ncs/toolchains/0b393f9e1b/opt/zephyr-sdk/arm-zephyr-eabi/bin/../lib/gcc/arm-zephyr-eabi/12.2.0/thumb/v8-m.main/nofp\libgcc.a(_dvmd_tls.o)
                0x00000000000004ac                __aeabi_idiv0
                0x00000000000004ac                __aeabi_ldiv0
 .text          0x00000000000004b0      0x29c c:/ncs/toolchains/0b393f9e1b/opt/zephyr-sdk/arm-zephyr-eabi/bin/../lib/gcc/arm-zephyr-eabi/12.2.0/thumb/v8-m.main/nofp\libgcc.a(_udivmoddi4.o)
                0x00000000000004b0                __udivmoddi4
 *(SORT_BY_ALIGNMENT(.text.*))
 .text.main     0x000000000000074c       0xbc app/libapp.a(main.c.obj)
                0x000000000000074c                main
 .text.flash_device_base
                0x0000000000000808       0x20 app/libapp.a(flash_map_extended.c.obj)
                0x0000000000000808                flash_device_base
 .text.flash_area_id_from_multi_image_slot
                0x0000000000000828       0x24 app/libapp.a(flash_map_extended.c.obj)
                0x0000000000000828                flash_area_id_from_multi_image_slot
 .text.bootutil_sha_init.isra.0
                0x000000000000084c       0x18 app/libapp.a(image_validate.c.obj)
 .text.bootutil_img_validate
                0x0000000000000864      0x21c app/libapp.a(image_validate.c.obj)
                0x0000000000000864                bootutil_img_validate
 .text.bootutil_verify.part.0
                0x0000000000000a80       0x98 app/libapp.a(image_ed25519.c.obj)
 .text.bootutil_verify_sig
                0x0000000000000b18       0x20 app/libapp.a(image_ed25519.c.obj)
                0x0000000000000b18                bootutil_verify_sig
 .text.boot_status_entries
                0x0000000000000b38       0x2c app/libapp.a(bootutil_misc.c.obj)
                0x0000000000000b38                boot_status_entries
 .text.boot_find_status
                0x0000000000000b64       0x44 app/libapp.a(bootutil_misc.c.obj)
                0x0000000000000b64                boot_find_status
 .text.bootutil_max_image_size
                0x0000000000000ba8       0x2c app/libapp.a(bootutil_misc.c.obj)
                0x0000000000000ba8                bootutil_max_image_size
 .text.boot_validate_slot.constprop.0
                0x0000000000000bd4       0xf8 app/libapp.a(loader.c.obj)
 .text.boot_swap_image.isra.0
                0x0000000000000ccc       0x8c app/libapp.a(loader.c.obj)
 .text.boot_copy_region
                0x0000000000000d58       0x58 app/libapp.a(loader.c.obj)
                0x0000000000000d58                boot_copy_region
 .text.context_boot_go
                0x0000000000000db0      0x298 app/libapp.a(loader.c.obj)
                0x0000000000000db0                context_boot_go
 .text.boot_go  0x0000000000001048       0x20 app/libapp.a(loader.c.obj)
                0x0000000000001048                boot_go
 .text.swap_set_copy_done
                0x0000000000001068       0x2c app/libapp.a(swap_misc.c.obj)
                0x0000000000001068                swap_set_copy_done
 .text.swap_set_image_ok
                0x0000000000001094       0x44 app/libapp.a(swap_misc.c.obj)
                0x0000000000001094                swap_set_image_ok
 .text.boot_read_image_header
                0x00000000000010d8       0xac app/libapp.a(swap_move.c.obj)
                0x00000000000010d8                boot_read_image_header
 .text.swap_read_status_bytes
                0x0000000000001184       0xc8 app/libapp.a(swap_move.c.obj)
                0x0000000000001184                swap_read_status_bytes
 .text.boot_slots_compatible
                0x000000000000124c       0x8c app/libapp.a(swap_move.c.obj)
                0x000000000000124c                boot_slots_compatible
 .text.swap_status_source
                0x00000000000012d8       0xcc app/libapp.a(swap_move.c.obj)
                0x00000000000012d8                swap_status_source
 .text.fixup_revert
                0x00000000000013a4       0x98 app/libapp.a(swap_move.c.obj)
                0x00000000000013a4                fixup_revert
 .text.swap_run
                0x000000000000143c      0x1f0 app/libapp.a(swap_move.c.obj)
                0x000000000000143c                swap_run
 .text.ED25519_verify
                0x000000000000162c       0xac app/libapp.a(ed25519_psa.c.obj)
                0x000000000000162c                ED25519_verify
 .text.cleanup_arm_nvic
                0x00000000000016d8       0x38 app/libapp.a(arm_cleanup.c.obj)
                0x00000000000016d8                cleanup_arm_nvic
 .text.nrf_cleanup_peripheral
                0x0000000000001710       0x74 app/libapp.a(nrf_cleanup.c.obj)
                0x0000000000001710                nrf_cleanup_peripheral
 .text.char_out
                0x0000000000001784        0xc zephyr/libzephyr.a(printk.c.obj)
 .text.__printk_hook_install
                0x0000000000001790        0xc zephyr/libzephyr.a(printk.c.obj)
                0x0000000000001790                __printk_hook_install
 .text.vprintk  0x000000000000179c       0x1c zephyr/libzephyr.a(printk.c.obj)
                0x000000000000179c                vprintk
 .text.z_cbvprintf_impl
                0x00000000000017b8      0x444 zephyr/libzephyr.a(cbprintf_nano.c.obj)
                0x00000000000017b8                z_cbvprintf_impl
 .text.process_event
                0x0000000000001bfc      0x21c zephyr/libzephyr.a(onoff.c.obj)
 .text.mem_attr_get_regions
                0x0000000000001e18        0xc zephyr/libzephyr.a(mem_attr.c.obj)
                0x0000000000001e18                mem_attr_get_regions
 .text.flash_area_open
                0x0000000000001e24       0x4c zephyr/libzephyr.a(flash_map.c.obj)
                0x0000000000001e24                flash_area_open
 .text.flash_area_sectors
                0x0000000000001e70       0x34 zephyr/libzephyr.a(flash_map_layout.c.obj)
                0x0000000000001e70                flash_area_sectors
 .text.boot_banner
                0x0000000000001ea4       0x24 zephyr/libzephyr.a(banner.c.obj)
                0x0000000000001ea4                boot_banner
 .text.z_SysNmiOnReset
                0x0000000000001ec8        0x8 zephyr/arch/arch/arm/core/libarch__arm__core.a(nmi_on_reset.S.obj)
                0x0000000000001ec8                z_SysNmiOnReset
 .text.usage_fault.constprop.0
                0x0000000000001ed0       0x5c zephyr/arch/arch/arm/core/cortex_m/libarch__arm__core__cortex_m.a(fault.c.obj)
 .text.bus_fault.constprop.0
                0x0000000000001f2c       0x6c zephyr/arch/arch/arm/core/cortex_m/libarch__arm__core__cortex_m.a(fault.c.obj)
 .text.mem_manage_fault.constprop.0
                0x0000000000001f98       0x78 zephyr/arch/arch/arm/core/cortex_m/libarch__arm__core__cortex_m.a(fault.c.obj)
 .text.z_arm_fault
                0x0000000000002010      0x118 zephyr/arch/arch/arm/core/cortex_m/libarch__arm__core__cortex_m.a(fault.c.obj)
                0x0000000000002010                z_arm_fault
 .text.z_arm_fault_init
                0x0000000000002128       0x20 zephyr/arch/arch/arm/core/cortex_m/libarch__arm__core__cortex_m.a(fault.c.obj)
                0x0000000000002128                z_arm_fault_init
 .text.__fault  0x0000000000002148       0x14 zephyr/arch/arch/arm/core/cortex_m/libarch__arm__core__cortex_m.a(fault_s.S.obj)
                0x0000000000002148                z_arm_usage_fault
                0x0000000000002148                z_arm_mpu_fault
                0x0000000000002148                z_arm_exc_spurious
                0x0000000000002148                z_arm_debug_monitor
                0x0000000000002148                z_arm_hard_fault
                0x0000000000002148                z_arm_bus_fault
 .text._reset_section
                0x000000000000215c       0x60 zephyr/arch/arch/arm/core/cortex_m/libarch__arm__core__cortex_m.a(reset.S.obj)
                0x000000000000215c                __start
                0x000000000000215c                z_arm_reset
 .text.z_arm_clear_arm_mpu_config
                0x00000000000021bc       0x24 zephyr/arch/arch/arm/core/cortex_m/libarch__arm__core__cortex_m.a(scb.c.obj)
                0x00000000000021bc                z_arm_clear_arm_mpu_config
 .text.z_arm_init_arch_hw_at_boot
                0x00000000000021e0       0x4c zephyr/arch/arch/arm/core/cortex_m/libarch__arm__core__cortex_m.a(scb.c.obj)
                0x00000000000021e0                z_arm_init_arch_hw_at_boot
 .text.z_arm_svc
                0x000000000000222c       0x24 zephyr/arch/arch/arm/core/cortex_m/libarch__arm__core__cortex_m.a(swap_helper.S.obj)
                0x000000000000222c                z_arm_svc
 .text.arch_irq_enable
                0x0000000000002250       0x1c zephyr/arch/arch/arm/core/cortex_m/libarch__arm__core__cortex_m.a(irq_manage.c.obj)
                0x0000000000002250                arch_irq_enable
 .text.arch_irq_disable
                0x000000000000226c       0x28 zephyr/arch/arch/arm/core/cortex_m/libarch__arm__core__cortex_m.a(irq_manage.c.obj)
                0x000000000000226c                arch_irq_disable
 .text.arch_irq_is_enabled
                0x0000000000002294       0x1c zephyr/arch/arch/arm/core/cortex_m/libarch__arm__core__cortex_m.a(irq_manage.c.obj)
                0x0000000000002294                arch_irq_is_enabled
 .text.z_arm_irq_priority_set
                0x00000000000022b0       0x2c zephyr/arch/arch/arm/core/cortex_m/libarch__arm__core__cortex_m.a(irq_manage.c.obj)
                0x00000000000022b0                z_arm_irq_priority_set
 .text.z_prep_c
                0x00000000000022dc       0x38 zephyr/arch/arch/arm/core/cortex_m/libarch__arm__core__cortex_m.a(prep_c.c.obj)
                0x00000000000022dc                z_prep_c
 .text.z_arm_switch_to_main_no_multithreading
                0x0000000000002314       0x40 zephyr/arch/arch/arm/core/cortex_m/libarch__arm__core__cortex_m.a(thread.c.obj)
                0x0000000000002314                z_arm_switch_to_main_no_multithreading
 .text.z_arm_cpu_idle_init
                0x0000000000002354        0xc zephyr/arch/arch/arm/core/cortex_m/libarch__arm__core__cortex_m.a(cpu_idle.c.obj)
                0x0000000000002354                z_arm_cpu_idle_init
 .text.z_arm_interrupt_init
                0x0000000000002360       0x20 zephyr/arch/arch/arm/core/cortex_m/libarch__arm__core__cortex_m.a(irq_init.c.obj)
                0x0000000000002360                z_arm_interrupt_init
 .text._isr_wrapper
                0x0000000000002380       0x24 zephyr/arch/arch/arm/core/cortex_m/libarch__arm__core__cortex_m.a(isr_wrapper.c.obj)
                0x0000000000002380                _isr_wrapper
 .text.z_arm_configure_static_mpu_regions
                0x00000000000023a4       0x18 zephyr/arch/arch/arm/core/mpu/libarch__arm__core__mpu.a(arm_core_mpu.c.obj)
                0x00000000000023a4                z_arm_configure_static_mpu_regions
 .text.region_init
                0x00000000000023bc       0x34 zephyr/arch/arch/arm/core/mpu/libarch__arm__core__mpu.a(arm_mpu.c.obj)
 .text.region_allocate_and_init
                0x00000000000023f0       0x24 zephyr/arch/arch/arm/core/mpu/libarch__arm__core__mpu.a(arm_mpu.c.obj)
 .text.mpu_configure_regions_and_partition.constprop.0
                0x0000000000002414      0x148 zephyr/arch/arch/arm/core/mpu/libarch__arm__core__mpu.a(arm_mpu.c.obj)
 .text.arm_core_mpu_enable
                0x000000000000255c       0x18 zephyr/arch/arch/arm/core/mpu/libarch__arm__core__mpu.a(arm_mpu.c.obj)
                0x000000000000255c                arm_core_mpu_enable
 .text.arm_core_mpu_disable
                0x0000000000002574       0x14 zephyr/arch/arch/arm/core/mpu/libarch__arm__core__mpu.a(arm_mpu.c.obj)
                0x0000000000002574                arm_core_mpu_disable
 .text.arm_core_mpu_configure_static_mpu_regions
                0x0000000000002588       0x14 zephyr/arch/arch/arm/core/mpu/libarch__arm__core__mpu.a(arm_mpu.c.obj)
                0x0000000000002588                arm_core_mpu_configure_static_mpu_regions
 .text.z_arm_mpu_init
                0x000000000000259c      0x11c zephyr/arch/arch/arm/core/mpu/libarch__arm__core__mpu.a(arm_mpu.c.obj)
                0x000000000000259c                z_arm_mpu_init
 .text._exit    0x00000000000026b8       0x10 zephyr/lib/libc/minimal/liblib__libc__minimal.a(exit.c.obj)
                0x00000000000026b8                _exit
 .text.__stdout_hook_install
                0x00000000000026c8        0xc zephyr/lib/libc/minimal/liblib__libc__minimal.a(stdout_console.c.obj)
                0x00000000000026c8                __stdout_hook_install
 .text.nordicsemi_nrf54l_init
                0x00000000000026d4       0xb4 zephyr/soc/soc/nrf54l15/libsoc__nordic.a(soc.c.obj)
                0x00000000000026d4                nordicsemi_nrf54l_init
 .text.arch_busy_wait
                0x0000000000002788       0x24 zephyr/soc/soc/nrf54l15/libsoc__nordic.a(soc.c.obj)
                0x0000000000002788                arch_busy_wait
 .text.cache_instr_enable
                0x00000000000027ac       0x10 zephyr/drivers/cache/libdrivers__cache.a(cache_nrf.c.obj)
                0x00000000000027ac                cache_instr_enable
 .text.cache_instr_disable
                0x00000000000027bc       0x10 zephyr/drivers/cache/libdrivers__cache.a(cache_nrf.c.obj)
                0x00000000000027bc                cache_instr_disable
 .text.onoff_stop
                0x00000000000027cc       0x30 zephyr/drivers/clock_control/libdrivers__clock_control.a(clock_control_nrf.c.obj)
 .text.onoff_start
                0x00000000000027fc       0x44 zephyr/drivers/clock_control/libdrivers__clock_control.a(clock_control_nrf.c.obj)
 .text.generic_hfclk_stop
                0x0000000000002840       0x34 zephyr/drivers/clock_control/libdrivers__clock_control.a(clock_control_nrf.c.obj)
 .text.clk_init
                0x0000000000002874       0x5c zephyr/drivers/clock_control/libdrivers__clock_control.a(clock_control_nrf.c.obj)
 .text.clkstarted_handle.constprop.0
                0x00000000000028d0       0x4c zephyr/drivers/clock_control/libdrivers__clock_control.a(clock_control_nrf.c.obj)
 .text.generic_hfclk_start
                0x000000000000291c       0x78 zephyr/drivers/clock_control/libdrivers__clock_control.a(clock_control_nrf.c.obj)
 .text.z_nrf_clock_control_lf_on
                0x0000000000002994       0x9c zephyr/drivers/clock_control/libdrivers__clock_control.a(clock_control_nrf.c.obj)
                0x0000000000002994                z_nrf_clock_control_lf_on
 .text.uart_console_init
                0x0000000000002a30       0x28 zephyr/drivers/console/libdrivers__console.a(uart_console.c.obj)
 .text.console_out
                0x0000000000002a58       0x28 zephyr/drivers/console/libdrivers__console.a(uart_console.c.obj)
 .text.nrf_rram_get_size
                0x0000000000002a80       0x10 zephyr/drivers/flash/libdrivers__flash.a(soc_flash_nrf_rram.c.obj)
                0x0000000000002a80                nrf_rram_get_size
 .text.nrf_rram_get_parameters
                0x0000000000002a90        0x8 zephyr/drivers/flash/libdrivers__flash.a(soc_flash_nrf_rram.c.obj)
 .text.nrf_rram_page_layout
                0x0000000000002a98       0x10 zephyr/drivers/flash/libdrivers__flash.a(soc_flash_nrf_rram.c.obj)
 .text.nrf_rram_init
                0x0000000000002aa8       0x14 zephyr/drivers/flash/libdrivers__flash.a(soc_flash_nrf_rram.c.obj)
 .text.nrf_write
                0x0000000000002abc       0x68 zephyr/drivers/flash/libdrivers__flash.a(soc_flash_nrf_rram.c.obj)
 .text.nrf_rram_read
                0x0000000000002b24       0x2c zephyr/drivers/flash/libdrivers__flash.a(soc_flash_nrf_rram.c.obj)
 .text.gpio_nrfx_init
                0x0000000000002b50       0x54 zephyr/drivers/gpio/libdrivers__gpio.a(gpio_nrfx.c.obj)
 .text.gpio_nrfx_pin_configure
                0x0000000000002ba4      0x184 zephyr/drivers/gpio/libdrivers__gpio.a(gpio_nrfx.c.obj)
 .text.nrfx_gpio_handler
                0x0000000000002d28       0x58 zephyr/drivers/gpio/libdrivers__gpio.a(gpio_nrfx.c.obj)
 .text.gpio_nrfx_pin_interrupt_configure
                0x0000000000002d80       0xfc zephyr/drivers/gpio/libdrivers__gpio.a(gpio_nrfx.c.obj)
 .text.nrf_gpio_pin_port_decode
                0x0000000000002e7c       0x20 zephyr/drivers/pinctrl/libdrivers__pinctrl.a(pinctrl_nrf.c.obj)
 .text.pinctrl_configure_pins
                0x0000000000002e9c      0x154 zephyr/drivers/pinctrl/libdrivers__pinctrl.a(pinctrl_nrf.c.obj)
                0x0000000000002e9c                pinctrl_configure_pins
 .text.uarte_nrfx_poll_out
                0x0000000000002ff0       0xac zephyr/drivers/serial/libdrivers__serial.a(uart_nrfx_uarte.c.obj)
 .text.sys_clock_timeout_handler
                0x000000000000309c       0x48 zephyr/drivers/timer/libdrivers__timer.a(nrf_grtc_timer.c.obj)
 .text.sys_clock_driver_init
                0x00000000000030e4       0x70 zephyr/drivers/timer/libdrivers__timer.a(nrf_grtc_timer.c.obj)
 .text.sys_clock_elapsed
                0x0000000000003154       0x2c zephyr/drivers/timer/libdrivers__timer.a(nrf_grtc_timer.c.obj)
                0x0000000000003154                sys_clock_elapsed
 .text.sys_clock_set_timeout
                0x0000000000003180       0x5c zephyr/drivers/timer/libdrivers__timer.a(nrf_grtc_timer.c.obj)
                0x0000000000003180                sys_clock_set_timeout
 .text._heap_init
                0x00000000000031dc       0x10 modules/nrf/subsys/nrf_security/src/zephyr/libmbedtls_zephyr.a(mbedtls_heap.c.obj)
                0x00000000000031dc                _heap_init
 .text.boot_write_magic
                0x00000000000031ec       0x40 modules/mcuboot/boot/bootutil/zephyr/libmcuboot_util.a(bootutil_public.c.obj)
                0x00000000000031ec                boot_write_magic
 .text.boot_read_swap_state
                0x000000000000322c       0xac modules/mcuboot/boot/bootutil/zephyr/libmcuboot_util.a(bootutil_public.c.obj)
                0x000000000000322c                boot_read_swap_state
 .text.boot_swap_type_multi
                0x00000000000032d8      0x100 modules/mcuboot/boot/bootutil/zephyr/libmcuboot_util.a(bootutil_public.c.obj)
                0x00000000000032d8                boot_swap_type_multi
 .text.nrf54l_errata_31
                0x00000000000033d8       0x20 modules/hal_nordic/modules/hal_nordic/nrfx/libmodules__hal_nordic__nrfx.a(system_nrf54l.c.obj)
 .text.nrf54l_handle_approtect_signal
                0x00000000000033f8       0x34 modules/hal_nordic/modules/hal_nordic/nrfx/libmodules__hal_nordic__nrfx.a(system_nrf54l.c.obj)
 .text.SystemInit
                0x000000000000342c       0xf8 modules/hal_nordic/modules/hal_nordic/nrfx/libmodules__hal_nordic__nrfx.a(system_nrf54l.c.obj)
                0x000000000000342c                SystemInit
 .text.nrfx_flag32_alloc
                0x0000000000003524       0x40 modules/hal_nordic/modules/hal_nordic/nrfx/libmodules__hal_nordic__nrfx.a(nrfx_flag32_allocator.c.obj)
                0x0000000000003524                nrfx_flag32_alloc
 .text.nrfx_flag32_free
                0x0000000000003564       0x38 modules/hal_nordic/modules/hal_nordic/nrfx/libmodules__hal_nordic__nrfx.a(nrfx_flag32_allocator.c.obj)
                0x0000000000003564                nrfx_flag32_free
 .text.clock_stop
                0x000000000000359c       0xd8 modules/hal_nordic/modules/hal_nordic/nrfx/libmodules__hal_nordic__nrfx.a(nrfx_clock.c.obj)
 .text.nrfx_clock_init
                0x0000000000003674       0x24 modules/hal_nordic/modules/hal_nordic/nrfx/libmodules__hal_nordic__nrfx.a(nrfx_clock.c.obj)
                0x0000000000003674                nrfx_clock_init
 .text.nrfx_clock_enable
                0x0000000000003698       0x2c modules/hal_nordic/modules/hal_nordic/nrfx/libmodules__hal_nordic__nrfx.a(nrfx_clock.c.obj)
                0x0000000000003698                nrfx_clock_enable
 .text.nrfx_clock_start
                0x00000000000036c4       0xdc modules/hal_nordic/modules/hal_nordic/nrfx/libmodules__hal_nordic__nrfx.a(nrfx_clock.c.obj)
                0x00000000000036c4                nrfx_clock_start
 .text.nrfx_power_clock_irq_handler
                0x00000000000037a0       0x70 modules/hal_nordic/modules/hal_nordic/nrfx/libmodules__hal_nordic__nrfx.a(nrfx_clock.c.obj)
                0x00000000000037a0                nrfx_power_clock_irq_handler
 .text.nrf_gpio_pin_port_decode
                0x0000000000003810       0x20 modules/hal_nordic/modules/hal_nordic/nrfx/libmodules__hal_nordic__nrfx.a(nrfx_gpiote.c.obj)
 .text.get_pin_idx
                0x0000000000003830       0x14 modules/hal_nordic/modules/hal_nordic/nrfx/libmodules__hal_nordic__nrfx.a(nrfx_gpiote.c.obj)
 .text.release_handler
                0x0000000000003844       0x70 modules/hal_nordic/modules/hal_nordic/nrfx/libmodules__hal_nordic__nrfx.a(nrfx_gpiote.c.obj)
 .text.latch_pending_read_and_check
                0x00000000000038b4       0x58 modules/hal_nordic/modules/hal_nordic/nrfx/libmodules__hal_nordic__nrfx.a(nrfx_gpiote.c.obj)
 .text.pin_te_get.isra.0
                0x000000000000390c       0x20 modules/hal_nordic/modules/hal_nordic/nrfx/libmodules__hal_nordic__nrfx.a(nrfx_gpiote.c.obj)
 .text.pin_is_output.isra.0
                0x000000000000392c       0x24 modules/hal_nordic/modules/hal_nordic/nrfx/libmodules__hal_nordic__nrfx.a(nrfx_gpiote.c.obj)
 .text.pin_in_use_by_te.isra.0
                0x0000000000003950       0x24 modules/hal_nordic/modules/hal_nordic/nrfx/libmodules__hal_nordic__nrfx.a(nrfx_gpiote.c.obj)
 .text.irq_handler
                0x0000000000003974      0x1a8 modules/hal_nordic/modules/hal_nordic/nrfx/libmodules__hal_nordic__nrfx.a(nrfx_gpiote.c.obj)
 .text.pin_uninit
                0x0000000000003b1c       0xa4 modules/hal_nordic/modules/hal_nordic/nrfx/libmodules__hal_nordic__nrfx.a(nrfx_gpiote.c.obj)
 .text.nrfx_gpiote_input_configure
                0x0000000000003bc0      0x1ec modules/hal_nordic/modules/hal_nordic/nrfx/libmodules__hal_nordic__nrfx.a(nrfx_gpiote.c.obj)
                0x0000000000003bc0                nrfx_gpiote_input_configure
 .text.nrfx_gpiote_output_configure
                0x0000000000003dac      0x128 modules/hal_nordic/modules/hal_nordic/nrfx/libmodules__hal_nordic__nrfx.a(nrfx_gpiote.c.obj)
                0x0000000000003dac                nrfx_gpiote_output_configure
 .text.nrfx_gpiote_global_callback_set
                0x0000000000003ed4       0x1c modules/hal_nordic/modules/hal_nordic/nrfx/libmodules__hal_nordic__nrfx.a(nrfx_gpiote.c.obj)
                0x0000000000003ed4                nrfx_gpiote_global_callback_set
 .text.nrfx_gpiote_channel_get
                0x0000000000003ef0       0x3c modules/hal_nordic/modules/hal_nordic/nrfx/libmodules__hal_nordic__nrfx.a(nrfx_gpiote.c.obj)
                0x0000000000003ef0                nrfx_gpiote_channel_get
 .text.nrfx_gpiote_init
                0x0000000000003f2c       0x7c modules/hal_nordic/modules/hal_nordic/nrfx/libmodules__hal_nordic__nrfx.a(nrfx_gpiote.c.obj)
                0x0000000000003f2c                nrfx_gpiote_init
 .text.nrfx_gpiote_init_check
                0x0000000000003fa8       0x1c modules/hal_nordic/modules/hal_nordic/nrfx/libmodules__hal_nordic__nrfx.a(nrfx_gpiote.c.obj)
                0x0000000000003fa8                nrfx_gpiote_init_check
 .text.nrfx_gpiote_channel_free
                0x0000000000003fc4       0x18 modules/hal_nordic/modules/hal_nordic/nrfx/libmodules__hal_nordic__nrfx.a(nrfx_gpiote.c.obj)
                0x0000000000003fc4                nrfx_gpiote_channel_free
 .text.nrfx_gpiote_channel_alloc
                0x0000000000003fdc       0x18 modules/hal_nordic/modules/hal_nordic/nrfx/libmodules__hal_nordic__nrfx.a(nrfx_gpiote.c.obj)
                0x0000000000003fdc                nrfx_gpiote_channel_alloc
 .text.nrfx_gpiote_trigger_enable
                0x0000000000003ff4       0xb8 modules/hal_nordic/modules/hal_nordic/nrfx/libmodules__hal_nordic__nrfx.a(nrfx_gpiote.c.obj)
                0x0000000000003ff4                nrfx_gpiote_trigger_enable
 .text.nrfx_gpiote_20_irq_handler
                0x00000000000040ac       0x10 modules/hal_nordic/modules/hal_nordic/nrfx/libmodules__hal_nordic__nrfx.a(nrfx_gpiote.c.obj)
                0x00000000000040ac                nrfx_gpiote_20_irq_handler
 .text.nrfx_gpiote_30_irq_handler
                0x00000000000040bc       0x10 modules/hal_nordic/modules/hal_nordic/nrfx/libmodules__hal_nordic__nrfx.a(nrfx_gpiote.c.obj)
                0x00000000000040bc                nrfx_gpiote_30_irq_handler
 .text.cc_channel_prepare
                0x00000000000040cc       0x5c modules/hal_nordic/modules/hal_nordic/nrfx/libmodules__hal_nordic__nrfx.a(nrfx_grtc.c.obj)
 .text.sleep_configure
                0x0000000000004128       0x24 modules/hal_nordic/modules/hal_nordic/nrfx/libmodules__hal_nordic__nrfx.a(nrfx_grtc.c.obj)
 .text.syscounter_check
                0x000000000000414c       0x38 modules/hal_nordic/modules/hal_nordic/nrfx/libmodules__hal_nordic__nrfx.a(nrfx_grtc.c.obj)
 .text.nrfx_grtc_syscounter_get
                0x0000000000004184       0x64 modules/hal_nordic/modules/hal_nordic/nrfx/libmodules__hal_nordic__nrfx.a(nrfx_grtc.c.obj)
                0x0000000000004184                nrfx_grtc_syscounter_get
 .text.nrfx_grtc_init
                0x00000000000041e8      0x11c modules/hal_nordic/modules/hal_nordic/nrfx/libmodules__hal_nordic__nrfx.a(nrfx_grtc.c.obj)
                0x00000000000041e8                nrfx_grtc_init
 .text.nrfx_grtc_syscounter_start
                0x0000000000004304       0xc8 modules/hal_nordic/modules/hal_nordic/nrfx/libmodules__hal_nordic__nrfx.a(nrfx_grtc.c.obj)
                0x0000000000004304                nrfx_grtc_syscounter_start
 .text.nrfx_grtc_syscounter_cc_absolute_set
                0x00000000000043cc       0x84 modules/hal_nordic/modules/hal_nordic/nrfx/libmodules__hal_nordic__nrfx.a(nrfx_grtc.c.obj)
                0x00000000000043cc                nrfx_grtc_syscounter_cc_absolute_set
 .text.nrfx_grtc_irq_handler
                0x0000000000004450       0xa0 modules/hal_nordic/modules/hal_nordic/nrfx/libmodules__hal_nordic__nrfx.a(nrfx_grtc.c.obj)
                0x0000000000004450                nrfx_grtc_irq_handler
 .text.__nrfy_internal_rramc_config_set.constprop.0.isra.0
                0x00000000000044f0       0x18 modules/hal_nordic/modules/hal_nordic/nrfx/libmodules__hal_nordic__nrfx.a(nrfx_rramc.c.obj)
 .text.z_sys_init_run_level
                0x0000000000004508       0x2c zephyr/kernel/libkernel.a(init.c.obj)
 .text.bg_thread_main
                0x0000000000004534       0x34 zephyr/kernel/libkernel.a(init.c.obj)
 .text.z_bss_zero
                0x0000000000004568       0x18 zephyr/kernel/libkernel.a(init.c.obj)
                0x0000000000004568                z_bss_zero
 .text.z_cstart
                0x0000000000004580       0x74 zephyr/kernel/libkernel.a(init.c.obj)
                0x0000000000004580                z_cstart
 .text.z_data_copy
                0x00000000000045f4       0x38 zephyr/kernel/libkernel.a(xip.c.obj)
                0x00000000000045f4                z_data_copy
 .text.first    0x000000000000462c       0x10 zephyr/kernel/libkernel.a(timeout.c.obj)
 .text.elapsed  0x000000000000463c       0x14 zephyr/kernel/libkernel.a(timeout.c.obj)
 .text.remove_timeout
                0x0000000000004650       0x38 zephyr/kernel/libkernel.a(timeout.c.obj)
 .text.sys_clock_announce
                0x0000000000004688       0xb8 zephyr/kernel/libkernel.a(timeout.c.obj)
                0x0000000000004688                sys_clock_announce
 .text.verify_header
                0x0000000000004740       0x40 modules/nrf/subsys/nrf_security/src/libmbedcrypto.a(memory_buffer_alloc.c.obj)
 .text.verify_chain
                0x0000000000004780       0x3c modules/nrf/subsys/nrf_security/src/libmbedcrypto.a(memory_buffer_alloc.c.obj)
 .text.buffer_alloc_calloc
                0x00000000000047bc       0xec modules/nrf/subsys/nrf_security/src/libmbedcrypto.a(memory_buffer_alloc.c.obj)
 .text.buffer_alloc_free
                0x00000000000048a8       0xfc modules/nrf/subsys/nrf_security/src/libmbedcrypto.a(memory_buffer_alloc.c.obj)
 .text.mbedtls_memory_buffer_alloc_init
                0x00000000000049a4       0x68 modules/nrf/subsys/nrf_security/src/libmbedcrypto.a(memory_buffer_alloc.c.obj)
                0x00000000000049a4                mbedtls_memory_buffer_alloc_init
 .text.mbedtls_calloc
                0x0000000000004a0c        0xc modules/nrf/subsys/nrf_security/src/core/nrf_oberon/liboberon_psa_core.a(platform.c.obj)
                0x0000000000004a0c                mbedtls_calloc
 .text.mbedtls_free
                0x0000000000004a18        0xc modules/nrf/subsys/nrf_security/src/core/nrf_oberon/liboberon_psa_core.a(platform.c.obj)
                0x0000000000004a18                mbedtls_free
 .text.mbedtls_platform_set_calloc_free
                0x0000000000004a24       0x14 modules/nrf/subsys/nrf_security/src/core/nrf_oberon/liboberon_psa_core.a(platform.c.obj)
                0x0000000000004a24                mbedtls_platform_set_calloc_free
 .text.mbedtls_platform_zeroize
                0x0000000000004a38       0x18 modules/nrf/subsys/nrf_security/src/core/nrf_oberon/liboberon_psa_core.a(platform_util.c.obj)
                0x0000000000004a38                mbedtls_platform_zeroize
 .text.psa_mac_key_can_do
                0x0000000000004a50       0x40 modules/nrf/subsys/nrf_security/src/core/nrf_oberon/liboberon_psa_core.a(psa_crypto.c.obj)
 .text.psa_key_algorithm_permits
                0x0000000000004a90      0x1f8 modules/nrf/subsys/nrf_security/src/core/nrf_oberon/liboberon_psa_core.a(psa_crypto.c.obj)
 .text.psa_sign_verify_check_alg
                0x0000000000004c88       0x80 modules/nrf/subsys/nrf_security/src/core/nrf_oberon/liboberon_psa_core.a(psa_crypto.c.obj)
 .text.psa_get_and_lock_key_slot_with_policy
                0x0000000000004d08       0xdc modules/nrf/subsys/nrf_security/src/core/nrf_oberon/liboberon_psa_core.a(psa_crypto.c.obj)
 .text.psa_destroy_key
                0x0000000000004de4       0x5c modules/nrf/subsys/nrf_security/src/core/nrf_oberon/liboberon_psa_core.a(psa_crypto.c.obj)
                0x0000000000004de4                psa_destroy_key
 .text.psa_import_key
                0x0000000000004e40      0x180 modules/nrf/subsys/nrf_security/src/core/nrf_oberon/liboberon_psa_core.a(psa_crypto.c.obj)
                0x0000000000004e40                psa_import_key
 .text.psa_verify_message_builtin
                0x0000000000004fc0       0x94 modules/nrf/subsys/nrf_security/src/core/nrf_oberon/liboberon_psa_core.a(psa_crypto.c.obj)
                0x0000000000004fc0                psa_verify_message_builtin
 .text.mbedtls_psa_crypto_free
                0x0000000000005054       0x54 modules/nrf/subsys/nrf_security/src/core/nrf_oberon/liboberon_psa_core.a(psa_crypto.c.obj)
                0x0000000000005054                mbedtls_psa_crypto_free
 .text.psa_crypto_init
                0x00000000000050a8       0x7c modules/nrf/subsys/nrf_security/src/core/nrf_oberon/liboberon_psa_core.a(psa_crypto.c.obj)
                0x00000000000050a8                psa_crypto_init
 .text.psa_get_and_lock_key_slot_in_memory
                0x0000000000005124       0x6c modules/nrf/subsys/nrf_security/src/core/nrf_oberon/liboberon_psa_core.a(psa_crypto_slot_management.c.obj)
 .text.psa_initialize_key_slots
                0x0000000000005190       0x10 modules/nrf/subsys/nrf_security/src/core/nrf_oberon/liboberon_psa_core.a(psa_crypto_slot_management.c.obj)
                0x0000000000005190                psa_initialize_key_slots
 .text.psa_wipe_all_key_slots
                0x00000000000051a0       0x34 modules/nrf/subsys/nrf_security/src/core/nrf_oberon/liboberon_psa_core.a(psa_crypto_slot_management.c.obj)
                0x00000000000051a0                psa_wipe_all_key_slots
 .text.psa_reserve_free_key_slot
                0x00000000000051d4       0x84 modules/nrf/subsys/nrf_security/src/core/nrf_oberon/liboberon_psa_core.a(psa_crypto_slot_management.c.obj)
                0x00000000000051d4                psa_reserve_free_key_slot
 .text.psa_get_and_lock_key_slot
                0x0000000000005258      0x160 modules/nrf/subsys/nrf_security/src/core/nrf_oberon/liboberon_psa_core.a(psa_crypto_slot_management.c.obj)
                0x0000000000005258                psa_get_and_lock_key_slot
 .text.psa_driver_wrapper_verify_message
                0x00000000000053b8       0x70 modules/nrf/subsys/nrf_security/src/core/nrf_oberon/liboberon_psa_core.a(psa_crypto_driver_wrappers.c.obj)
                0x00000000000053b8                psa_driver_wrapper_verify_message
 .text.psa_driver_wrapper_verify_hash
                0x0000000000005428       0x44 modules/nrf/subsys/nrf_security/src/core/nrf_oberon/liboberon_psa_core.a(psa_crypto_driver_wrappers.c.obj)
                0x0000000000005428                psa_driver_wrapper_verify_hash
 .text.psa_driver_wrapper_get_key_buffer_size_from_key_data
                0x000000000000546c       0x30 modules/nrf/subsys/nrf_security/src/core/nrf_oberon/liboberon_psa_core.a(psa_crypto_driver_wrappers.c.obj)
                0x000000000000546c                psa_driver_wrapper_get_key_buffer_size_from_key_data
 .text.psa_driver_wrapper_get_key_buffer_size
                0x000000000000549c       0x30 modules/nrf/subsys/nrf_security/src/core/nrf_oberon/liboberon_psa_core.a(psa_crypto_driver_wrappers.c.obj)
                0x000000000000549c                psa_driver_wrapper_get_key_buffer_size
 .text.psa_driver_wrapper_import_key
                0x00000000000054cc       0x90 modules/nrf/subsys/nrf_security/src/core/nrf_oberon/liboberon_psa_core.a(psa_crypto_driver_wrappers.c.obj)
                0x00000000000054cc                psa_driver_wrapper_import_key
 .text.psa_driver_wrapper_get_builtin_key
                0x000000000000555c       0x38 modules/nrf/subsys/nrf_security/src/core/nrf_oberon/liboberon_psa_core.a(psa_crypto_driver_wrappers.c.obj)
                0x000000000000555c                psa_driver_wrapper_get_builtin_key
 .text.psa_driver_wrapper_hash_compute
                0x0000000000005594       0x1c modules/nrf/subsys/nrf_security/src/core/nrf_oberon/liboberon_psa_core.a(psa_crypto_driver_wrappers.c.obj)
                0x0000000000005594                psa_driver_wrapper_hash_compute
 .text.psa_driver_wrapper_hash_setup
                0x00000000000055b0       0x24 modules/nrf/subsys/nrf_security/src/core/nrf_oberon/liboberon_psa_core.a(psa_crypto_driver_wrappers.c.obj)
                0x00000000000055b0                psa_driver_wrapper_hash_setup
 .text.psa_driver_wrapper_destroy_builtin_key
                0x00000000000055d4       0x18 modules/nrf/subsys/nrf_security/src/core/nrf_oberon/liboberon_psa_core.a(psa_crypto_driver_wrappers.c.obj)
                0x00000000000055d4                psa_driver_wrapper_destroy_builtin_key
 .text.cracen_acquire
                0x00000000000055ec       0x40 modules/nrf/subsys/nrf_security/src/drivers/cracen/libcracen_psa_driver.a(cracen.c.obj)
                0x00000000000055ec                cracen_acquire
 .text.cracen_release
                0x000000000000562c       0x6c modules/nrf/subsys/nrf_security/src/drivers/cracen/libcracen_psa_driver.a(cracen.c.obj)
                0x000000000000562c                cracen_release
 .text.cracen_init
                0x0000000000005698       0x5c modules/nrf/subsys/nrf_security/src/drivers/cracen/libcracen_psa_driver.a(cracen.c.obj)
                0x0000000000005698                cracen_init
 .text.cracen_prepare_ik_key
                0x00000000000056f4       0x4c modules/nrf/subsys/nrf_security/src/drivers/cracen/libcracen_psa_driver.a(common.c.obj)
                0x00000000000056f4                cracen_prepare_ik_key
 .text.hash_get_algo
                0x0000000000005740       0x5c modules/nrf/subsys/nrf_security/src/drivers/cracen/libcracen_psa_driver.a(common.c.obj)
                0x0000000000005740                hash_get_algo
 .text.cracen_ecc_get_ecurve_from_psa
                0x000000000000579c       0xa4 modules/nrf/subsys/nrf_security/src/drivers/cracen/libcracen_psa_driver.a(common.c.obj)
                0x000000000000579c                cracen_ecc_get_ecurve_from_psa
 .text.cracen_ecc_check_public_key
                0x0000000000005840       0x80 modules/nrf/subsys/nrf_security/src/drivers/cracen/libcracen_psa_driver.a(common.c.obj)
                0x0000000000005840                cracen_ecc_check_public_key
 .text.cracen_get_opaque_size
                0x00000000000058c0       0x88 modules/nrf/subsys/nrf_security/src/drivers/cracen/libcracen_psa_driver.a(common.c.obj)
                0x00000000000058c0                cracen_get_opaque_size
 .text.lib_kmu_clear_all_events
                0x0000000000005948       0x24 modules/nrf/subsys/nrf_security/src/drivers/cracen/libcracen_psa_driver.a(lib_kmu.c.obj)
                0x0000000000005948                lib_kmu_clear_all_events
 .text.trigger_task_and_wait_for_event_or_error
                0x000000000000596c       0x54 modules/nrf/subsys/nrf_security/src/drivers/cracen/libcracen_psa_driver.a(lib_kmu.c.obj)
 .text.lib_kmu_provision_slot
                0x00000000000059c0       0x3c modules/nrf/subsys/nrf_security/src/drivers/cracen/libcracen_psa_driver.a(lib_kmu.c.obj)
                0x00000000000059c0                lib_kmu_provision_slot
 .text.lib_kmu_push_slot
                0x00000000000059fc       0x1c modules/nrf/subsys/nrf_security/src/drivers/cracen/libcracen_psa_driver.a(lib_kmu.c.obj)
                0x00000000000059fc                lib_kmu_push_slot
 .text.lib_kmu_revoke_slot
                0x0000000000005a18       0x34 modules/nrf/subsys/nrf_security/src/drivers/cracen/libcracen_psa_driver.a(lib_kmu.c.obj)
                0x0000000000005a18                lib_kmu_revoke_slot
 .text.lib_kmu_read_metadata
                0x0000000000005a4c       0x30 modules/nrf/subsys/nrf_security/src/drivers/cracen/libcracen_psa_driver.a(lib_kmu.c.obj)
                0x0000000000005a4c                lib_kmu_read_metadata
 .text.cracen_signature_ecc_verify
                0x0000000000005a7c      0x23c modules/nrf/subsys/nrf_security/src/drivers/cracen/libcracen_psa_driver.a(sign.c.obj)
 .text.cracen_ecdsa_verify_digest
                0x0000000000005cb8       0x98 modules/nrf/subsys/nrf_security/src/drivers/cracen/libcracen_psa_driver.a(ecdsa.c.obj)
                0x0000000000005cb8                cracen_ecdsa_verify_digest
 .text.ed25519_verify_internal
                0x0000000000005d50       0x5c modules/nrf/subsys/nrf_security/src/drivers/cracen/libcracen_psa_driver.a(ed25519.c.obj)
 .text.cracen_ed25519ph_verify
                0x0000000000005dac       0x4c modules/nrf/subsys/nrf_security/src/drivers/cracen/libcracen_psa_driver.a(ed25519.c.obj)
                0x0000000000005dac                cracen_ed25519ph_verify
 .text.cracen_ed25519_create_pubkey
                0x0000000000005df8       0x54 modules/nrf/subsys/nrf_security/src/drivers/cracen/libcracen_psa_driver.a(ed25519.c.obj)
                0x0000000000005df8                cracen_ed25519_create_pubkey
 .text.check_ecc_key_attributes
                0x0000000000005e4c       0xa0 modules/nrf/subsys/nrf_security/src/drivers/cracen/libcracen_psa_driver.a(key_management.c.obj)
 .text.cracen_import_key
                0x0000000000005eec      0x18c modules/nrf/subsys/nrf_security/src/drivers/cracen/libcracen_psa_driver.a(key_management.c.obj)
                0x0000000000005eec                cracen_import_key
 .text.cracen_get_builtin_key
                0x0000000000006078       0xa4 modules/nrf/subsys/nrf_security/src/drivers/cracen/libcracen_psa_driver.a(key_management.c.obj)
                0x0000000000006078                cracen_get_builtin_key
 .text.mbedtls_psa_platform_get_builtin_key
                0x000000000000611c       0x40 modules/nrf/subsys/nrf_security/src/drivers/cracen/libcracen_psa_driver.a(key_management.c.obj)
                0x000000000000611c                mbedtls_psa_platform_get_builtin_key
 .text.push_kmu_key_to_ram
                0x000000000000615c       0x4c modules/nrf/subsys/nrf_security/src/drivers/cracen/libcracen_psa_driver.a(kmu.c.obj)
 .text.cracen_kmu_destroy_key
                0x00000000000061a8       0x54 modules/nrf/subsys/nrf_security/src/drivers/cracen/libcracen_psa_driver.a(kmu.c.obj)
                0x00000000000061a8                cracen_kmu_destroy_key
 .text.cracen_kmu_provision
                0x00000000000061fc      0x294 modules/nrf/subsys/nrf_security/src/drivers/cracen/libcracen_psa_driver.a(kmu.c.obj)
                0x00000000000061fc                cracen_kmu_provision
 .text.cracen_kmu_get_key_slot
                0x0000000000006490       0x44 modules/nrf/subsys/nrf_security/src/drivers/cracen/libcracen_psa_driver.a(kmu.c.obj)
                0x0000000000006490                cracen_kmu_get_key_slot
 .text.cracen_kmu_get_builtin_key
                0x00000000000064d4      0x19c modules/nrf/subsys/nrf_security/src/drivers/cracen/libcracen_psa_driver.a(kmu.c.obj)
                0x00000000000064d4                cracen_kmu_get_builtin_key
 .text.sx_ba413_digest
                0x0000000000006670      0x12c modules/nrf/subsys/nrf_security/src/drivers/cracen/libcracen_psa_driver.a(hash.c.obj)
                0x0000000000006670                sx_ba413_digest
 .text.sx_hash_create_ba413
                0x000000000000679c       0x58 modules/nrf/subsys/nrf_security/src/drivers/cracen/libcracen_psa_driver.a(hash.c.obj)
 .text.sx_hw_reserve
                0x00000000000067f4       0x54 modules/nrf/subsys/nrf_security/src/drivers/cracen/libcracen_psa_driver.a(cmdma_hw.c.obj)
                0x00000000000067f4                sx_hw_reserve
 .text.sx_cmdma_release_hw
                0x0000000000006848       0x30 modules/nrf/subsys/nrf_security/src/drivers/cracen/libcracen_psa_driver.a(cmdma_hw.c.obj)
                0x0000000000006848                sx_cmdma_release_hw
 .text.cracen_isr_handler
                0x0000000000006878       0x68 modules/nrf/subsys/nrf_security/src/drivers/cracen/libcracen_psa_driver.a(interrupts.c.obj)
                0x0000000000006878                cracen_isr_handler
 .text.cracen_interrupts_init
                0x00000000000068e0       0x28 modules/nrf/subsys/nrf_security/src/drivers/cracen/libcracen_psa_driver.a(interrupts.c.obj)
                0x00000000000068e0                cracen_interrupts_init
 .text.cracen_wait_for_cm_interrupt
                0x0000000000006908       0x30 modules/nrf/subsys/nrf_security/src/drivers/cracen/libcracen_psa_driver.a(interrupts.c.obj)
                0x0000000000006908                cracen_wait_for_cm_interrupt
 .text.cracen_wait_for_pke_interrupt
                0x0000000000006938       0x24 modules/nrf/subsys/nrf_security/src/drivers/cracen/libcracen_psa_driver.a(interrupts.c.obj)
                0x0000000000006938                cracen_wait_for_pke_interrupt
 .text.sx_async_ed25519_ptmult_go
                0x000000000000695c       0x48 modules/nrf/subsys/nrf_security/src/drivers/cracen/libcracen_psa_driver.a(ed25519.c.obj)
                0x000000000000695c                sx_async_ed25519_ptmult_go
 .text.sx_async_ed25519_verify_go
                0x00000000000069a4       0xa0 modules/nrf/subsys/nrf_security/src/drivers/cracen/libcracen_psa_driver.a(ed25519.c.obj)
                0x00000000000069a4                sx_async_ed25519_verify_go
 .text.sx_pk_fetch_capabilities
                0x0000000000006a44       0x24 modules/nrf/subsys/nrf_security/src/drivers/cracen/libcracen_psa_driver.a(pk_baremetal.c.obj)
                0x0000000000006a44                sx_pk_fetch_capabilities
 .text.sx_pk_init
                0x0000000000006a68       0x3c modules/nrf/subsys/nrf_security/src/drivers/cracen/libcracen_psa_driver.a(pk_baremetal.c.obj)
                0x0000000000006a68                sx_pk_init
 .text.sx_pk_acquire_req
                0x0000000000006aa4       0x4c modules/nrf/subsys/nrf_security/src/drivers/cracen/libcracen_psa_driver.a(pk_baremetal.c.obj)
                0x0000000000006aa4                sx_pk_acquire_req
 .text.sx_get_current_req
                0x0000000000006af0        0x8 modules/nrf/subsys/nrf_security/src/drivers/cracen/libcracen_psa_driver.a(pk_baremetal.c.obj)
                0x0000000000006af0                sx_get_current_req
 .text.sx_pk_release_req
                0x0000000000006af8       0x2c modules/nrf/subsys/nrf_security/src/drivers/cracen/libcracen_psa_driver.a(pk_baremetal.c.obj)
                0x0000000000006af8                sx_pk_release_req
 .text.sx_pk_get_regs
                0x0000000000006b24        0x8 modules/nrf/subsys/nrf_security/src/drivers/cracen/libcracen_psa_driver.a(pk_baremetal.c.obj)
                0x0000000000006b24                sx_pk_get_regs
 .text.sx_pk_get_caps
                0x0000000000006b2c        0x8 modules/nrf/subsys/nrf_security/src/drivers/cracen/libcracen_psa_driver.a(pk_baremetal.c.obj)
                0x0000000000006b2c                sx_pk_get_caps
 .text.sx_pk_read_ik_capabilities
                0x0000000000006b34       0x24 modules/nrf/subsys/nrf_security/src/drivers/cracen/libcracen_psa_driver.a(ikhardware.c.obj)
                0x0000000000006b34                sx_pk_read_ik_capabilities
 .text.convert_ba414_status
                0x0000000000006b58       0x98 modules/nrf/subsys/nrf_security/src/drivers/cracen/libcracen_psa_driver.a(ba414_status.c.obj)
                0x0000000000006b58                convert_ba414_status
 .text.sx_pk_count_curve_params
                0x0000000000006bf0       0x30 modules/nrf/subsys/nrf_security/src/drivers/cracen/libcracen_psa_driver.a(ec_curves.c.obj)
                0x0000000000006bf0                sx_pk_count_curve_params
 .text.create_pubkey
                0x0000000000006c20       0x3c modules/nrf/subsys/nrf_security/src/drivers/cracen/libcracen_psa_driver.a(iksig.c.obj)
 .text.run_ik_genpubkey
                0x0000000000006c5c       0x74 modules/nrf/subsys/nrf_security/src/drivers/cracen/libcracen_psa_driver.a(iksig.c.obj)
 .text.exit_ikg
                0x0000000000006cd0       0x64 modules/nrf/subsys/nrf_security/src/drivers/cracen/libcracen_psa_driver.a(iksig.c.obj)
 .text.finish_ecdsa_ik_sign
                0x0000000000006d34       0x84 modules/nrf/subsys/nrf_security/src/drivers/cracen/libcracen_psa_driver.a(iksig.c.obj)
 .text.start_ecdsa_ik_sign
                0x0000000000006db8       0xb4 modules/nrf/subsys/nrf_security/src/drivers/cracen/libcracen_psa_driver.a(iksig.c.obj)
 .text.run_ecdsa_ik_hash
                0x0000000000006e6c       0x38 modules/nrf/subsys/nrf_security/src/drivers/cracen/libcracen_psa_driver.a(iksig.c.obj)
 .text.create_sign_digest
                0x0000000000006ea4       0x44 modules/nrf/subsys/nrf_security/src/drivers/cracen/libcracen_psa_driver.a(iksig.c.obj)
 .text.ik_sign_consume_digest
                0x0000000000006ee8       0x44 modules/nrf/subsys/nrf_security/src/drivers/cracen/libcracen_psa_driver.a(iksig.c.obj)
 .text.create_sign
                0x0000000000006f2c       0x34 modules/nrf/subsys/nrf_security/src/drivers/cracen/libcracen_psa_driver.a(iksig.c.obj)
 .text.si_sig_fetch_ikprivkey
                0x0000000000006f60       0x48 modules/nrf/subsys/nrf_security/src/drivers/cracen/libcracen_psa_driver.a(iksig.c.obj)
                0x0000000000006f60                si_sig_fetch_ikprivkey
 .text.sx_cmdma_newcmd
                0x0000000000006fa8       0x28 modules/nrf/subsys/nrf_security/src/drivers/cracen/libcracen_psa_driver.a(cmdma.c.obj)
                0x0000000000006fa8                sx_cmdma_newcmd
 .text.si_hash_create
                0x0000000000006fd0       0x60 modules/nrf/subsys/nrf_security/src/drivers/cracen/libcracen_psa_driver.a(hash.c.obj)
                0x0000000000006fd0                si_hash_create
 .text._OffsetAbsSyms
                0x0000000000007030        0x2 zephyr/CMakeFiles/offsets.dir/./arch/arm/core/offsets/offsets.c.obj
                0x0000000000007030                _OffsetAbsSyms
 .text.flash_area_get_device_id
                0x0000000000007032        0x4 app/libapp.a(flash_map_extended.c.obj)
                0x0000000000007032                flash_area_get_device_id
 .text.flash_area_get_sector
                0x0000000000007036       0x32 app/libapp.a(flash_map_extended.c.obj)
                0x0000000000007036                flash_area_get_sector
 .text.os_heap_init
                0x0000000000007068        0x2 app/libapp.a(os.c.obj)
                0x0000000000007068                os_heap_init
 .text.psa_hash_operation_init
                0x000000000000706a       0x12 app/libapp.a(image_validate.c.obj)
 .text.bootutil_tlv_iter_begin
                0x000000000000707c       0x9c app/libapp.a(tlv.c.obj)
                0x000000000000707c                bootutil_tlv_iter_begin
 .text.bootutil_tlv_iter_next
                0x0000000000007118       0x98 app/libapp.a(tlv.c.obj)
                0x0000000000007118                bootutil_tlv_iter_next
 .text.bootutil_tlv_iter_is_prot
                0x00000000000071b0       0x1c app/libapp.a(tlv.c.obj)
                0x00000000000071b0                bootutil_tlv_iter_is_prot
 .text.boot_fih_memequal
                0x00000000000071cc        0x4 app/libapp.a(bootutil_misc.c.obj)
                0x00000000000071cc                boot_fih_memequal
 .text.boot_trailer_sz
                0x00000000000071d0        0xa app/libapp.a(bootutil_misc.c.obj)
                0x00000000000071d0                boot_trailer_sz
 .text.boot_status_off
                0x00000000000071da       0x16 app/libapp.a(bootutil_misc.c.obj)
                0x00000000000071da                boot_status_off
 .text.boot_read_swap_size
                0x00000000000071f0       0x1c app/libapp.a(bootutil_misc.c.obj)
                0x00000000000071f0                boot_read_swap_size
 .text.boot_write_swap_size
                0x000000000000720c       0x1e app/libapp.a(bootutil_misc.c.obj)
                0x000000000000720c                boot_write_swap_size
 .text.boot_read_image_size
                0x000000000000722a       0x90 app/libapp.a(bootutil_misc.c.obj)
                0x000000000000722a                boot_read_image_size
 .text.boot_read_image_headers
                0x00000000000072ba       0x2c app/libapp.a(loader.c.obj)
 .text.boot_read_sectors
                0x00000000000072e6       0x44 app/libapp.a(loader.c.obj)
 .text.boot_status_reset
                0x000000000000732a       0x12 app/libapp.a(loader.c.obj)
                0x000000000000732a                boot_status_reset
 .text.boot_status_is_reset
                0x000000000000733c       0x1a app/libapp.a(loader.c.obj)
                0x000000000000733c                boot_status_is_reset
 .text.boot_write_status
                0x0000000000007356       0x64 app/libapp.a(loader.c.obj)
                0x0000000000007356                boot_write_status
 .text.boot_erase_region
                0x00000000000073ba        0x4 app/libapp.a(loader.c.obj)
                0x00000000000073ba                boot_erase_region
 .text.swap_erase_trailer_sectors
                0x00000000000073be       0x5a app/libapp.a(swap_misc.c.obj)
                0x00000000000073be                swap_erase_trailer_sectors
 .text.swap_status_init
                0x0000000000007418       0x3e app/libapp.a(swap_misc.c.obj)
                0x0000000000007418                swap_status_init
 .text.swap_read_status
                0x0000000000007456       0x7a app/libapp.a(swap_misc.c.obj)
                0x0000000000007456                swap_read_status
 .text.app_max_sectors
                0x00000000000074d0       0x22 app/libapp.a(swap_move.c.obj)
 .text.find_last_idx
                0x00000000000074f2       0x14 app/libapp.a(swap_move.c.obj)
                0x00000000000074f2                find_last_idx
 .text.boot_status_internal_off
                0x0000000000007506       0x26 app/libapp.a(swap_move.c.obj)
                0x0000000000007506                boot_status_internal_off
 .text.mbedtls_asn1_get_len
                0x000000000000752c       0x98 app/libapp.a(asn1parse.c.obj)
                0x000000000000752c                mbedtls_asn1_get_len
 .text.mbedtls_asn1_get_tag
                0x00000000000075c4       0x28 app/libapp.a(asn1parse.c.obj)
                0x00000000000075c4                mbedtls_asn1_get_tag
 .text.mbedtls_asn1_get_bitstring_null
                0x00000000000075ec       0x28 app/libapp.a(asn1parse.c.obj)
                0x00000000000075ec                mbedtls_asn1_get_bitstring_null
 .text.mbedtls_asn1_get_alg
                0x0000000000007614       0x94 app/libapp.a(asn1parse.c.obj)
                0x0000000000007614                mbedtls_asn1_get_alg
 .text.swap_write_block_size_check
                0x00000000000076a8       0x1c app/libapp.a(flash_check.c.obj)
                0x00000000000076a8                swap_write_block_size_check
 .text.arch_printk_char_out
                0x00000000000076c4        0x4 zephyr/libzephyr.a(printk.c.obj)
                0x00000000000076c4                arch_printk_char_out
 .text.printk   0x00000000000076c8       0x1a zephyr/libzephyr.a(printk.c.obj)
                0x00000000000076c8                printk
 .text.process_recheck
                0x00000000000076e2       0x38 zephyr/libzephyr.a(onoff.c.obj)
 .text.validate_args
                0x000000000000771a       0x20 zephyr/libzephyr.a(onoff.c.obj)
 .text.notify_one
                0x000000000000773a       0x2c zephyr/libzephyr.a(onoff.c.obj)
 .text.transition_complete
                0x0000000000007766       0x1a zephyr/libzephyr.a(onoff.c.obj)
 .text.onoff_manager_init
                0x0000000000007780       0x26 zephyr/libzephyr.a(onoff.c.obj)
                0x0000000000007780                onoff_manager_init
 .text.onoff_request
                0x00000000000077a6       0xae zephyr/libzephyr.a(onoff.c.obj)
                0x00000000000077a6                onoff_request
 .text.sys_notify_validate
                0x0000000000007854       0x22 zephyr/libzephyr.a(notify.c.obj)
                0x0000000000007854                sys_notify_validate
 .text.sys_notify_finalize
                0x0000000000007876       0x1a zephyr/libzephyr.a(notify.c.obj)
                0x0000000000007876                sys_notify_finalize
 .text._ConfigAbsSyms
                0x0000000000007890        0x2 zephyr/libzephyr.a(configs.c.obj)
                0x0000000000007890                _ConfigAbsSyms
 .text.z_log_minimal_printk
                0x0000000000007892       0x1a zephyr/libzephyr.a(log_minimal.c.obj)
                0x0000000000007892                z_log_minimal_printk
 .text.flash_area_close
                0x00000000000078ac        0x2 zephyr/libzephyr.a(flash_map.c.obj)
                0x00000000000078ac                flash_area_close
 .text.flash_area_read
                0x00000000000078ae       0x2a zephyr/libzephyr.a(flash_map.c.obj)
                0x00000000000078ae                flash_area_read
 .text.flash_area_write
                0x00000000000078d8       0x2a zephyr/libzephyr.a(flash_map.c.obj)
                0x00000000000078d8                flash_area_write
 .text.flash_area_erase
                0x0000000000007902       0x30 zephyr/libzephyr.a(flash_map.c.obj)
                0x0000000000007902                flash_area_erase
 .text.flash_area_align
                0x0000000000007932        0xe zephyr/libzephyr.a(flash_map.c.obj)
                0x0000000000007932                flash_area_align
 .text.flash_area_erased_val
                0x0000000000007940        0xe zephyr/libzephyr.a(flash_map.c.obj)
                0x0000000000007940                flash_area_erased_val
 .text.get_sectors_cb
                0x000000000000794e       0x44 zephyr/libzephyr.a(flash_map_layout.c.obj)
 .text.flash_area_get_sectors
                0x0000000000007992       0x32 zephyr/libzephyr.a(flash_map_layout.c.obj)
                0x0000000000007992                flash_area_get_sectors
 .text.z_arm_fatal_error
                0x00000000000079c4        0xc zephyr/arch/arch/arm/core/libarch__arm__core.a(fatal.c.obj)
                0x00000000000079c4                z_arm_fatal_error
 .text.z_do_kernel_oops
                0x00000000000079d0        0x8 zephyr/arch/arch/arm/core/libarch__arm__core.a(fatal.c.obj)
                0x00000000000079d0                z_do_kernel_oops
 .text.z_arm_nmi
                0x00000000000079d8        0xe zephyr/arch/arch/arm/core/libarch__arm__core.a(nmi.c.obj)
                0x00000000000079d8                z_arm_nmi
 .text._HandlerModeExit
                0x00000000000079e6        0x2 zephyr/arch/arch/arm/core/cortex_m/libarch__arm__core__cortex_m.a(exc_exit.c.obj)
                0x00000000000079e6                z_arm_int_exit
                0x00000000000079e6                z_arm_exc_exit
 .text.z_irq_spurious
                0x00000000000079e8        0x8 zephyr/arch/arch/arm/core/cortex_m/libarch__arm__core__cortex_m.a(irq_manage.c.obj)
                0x00000000000079e8                z_irq_spurious
 .text.arch_irq_unlock_outlined
                0x00000000000079f0        0xe zephyr/arch/arch/arm/core/cortex_m/libarch__arm__core__cortex_m.a(thread.c.obj)
                0x00000000000079f0                arch_irq_unlock_outlined
 .text.arch_irq_lock_outlined
                0x00000000000079fe       0x10 zephyr/arch/arch/arm/core/cortex_m/libarch__arm__core__cortex_m.a(thread.c.obj)
                0x00000000000079fe                arch_irq_lock_outlined
 .text.arch_cpu_atomic_idle
                0x0000000000007a0e       0x1e zephyr/arch/arch/arm/core/cortex_m/libarch__arm__core__cortex_m.a(cpu_idle.c.obj)
                0x0000000000007a0e                arch_cpu_atomic_idle
 .text.arm_cmse_mpu_region_get
                0x0000000000007a2c       0x12 zephyr/arch/arch/arm/core/cortex_m/cmse/libarch__arm__core__cortex_m__cmse.a(arm_core_cmse.c.obj)
                0x0000000000007a2c                arm_cmse_mpu_region_get
 .text.mpu_configure_region
                0x0000000000007a3e       0x32 zephyr/arch/arch/arm/core/mpu/libarch__arm__core__mpu.a(arm_mpu.c.obj)
 .text.strlen   0x0000000000007a70        0xe zephyr/lib/libc/minimal/liblib__libc__minimal.a(string.c.obj)
                0x0000000000007a70                strlen
 .text.memcmp   0x0000000000007a7e       0x20 zephyr/lib/libc/minimal/liblib__libc__minimal.a(string.c.obj)
                0x0000000000007a7e                memcmp
 .text.memcpy   0x0000000000007a9e       0x16 zephyr/lib/libc/minimal/liblib__libc__minimal.a(string.c.obj)
                0x0000000000007a9e                memcpy
 .text.memset   0x0000000000007ab4       0x12 zephyr/lib/libc/minimal/liblib__libc__minimal.a(string.c.obj)
                0x0000000000007ab4                memset
 .text._stdout_hook_default
                0x0000000000007ac6        0x6 zephyr/lib/libc/minimal/liblib__libc__minimal.a(stdout_console.c.obj)
 .text.cache_instr_flush_all
                0x0000000000007acc        0x6 zephyr/drivers/cache/libdrivers__cache.a(cache_nrf.c.obj)
                0x0000000000007acc                cache_instr_flush_all
 .text.get_status
                0x0000000000007ad2       0x12 zephyr/drivers/clock_control/libdrivers__clock_control.a(clock_control_nrf.c.obj)
 .text.stop     0x0000000000007ae4       0x50 zephyr/drivers/clock_control/libdrivers__clock_control.a(clock_control_nrf.c.obj)
 .text.api_stop
                0x0000000000007b34        0x6 zephyr/drivers/clock_control/libdrivers__clock_control.a(clock_control_nrf.c.obj)
 .text.async_start
                0x0000000000007b3a       0x5a zephyr/drivers/clock_control/libdrivers__clock_control.a(clock_control_nrf.c.obj)
 .text.api_start
                0x0000000000007b94        0xe zephyr/drivers/clock_control/libdrivers__clock_control.a(clock_control_nrf.c.obj)
 .text.api_blocking_start
                0x0000000000007ba2        0x6 zephyr/drivers/clock_control/libdrivers__clock_control.a(clock_control_nrf.c.obj)
 .text.onoff_started_callback
                0x0000000000007ba8       0x12 zephyr/drivers/clock_control/libdrivers__clock_control.a(clock_control_nrf.c.obj)
 .text.lfclk_start
                0x0000000000007bba        0x6 zephyr/drivers/clock_control/libdrivers__clock_control.a(clock_control_nrf.c.obj)
 .text.lfclk_stop
                0x0000000000007bc0        0x6 zephyr/drivers/clock_control/libdrivers__clock_control.a(clock_control_nrf.c.obj)
 .text.clock_event_handler
                0x0000000000007bc6       0x14 zephyr/drivers/clock_control/libdrivers__clock_control.a(clock_control_nrf.c.obj)
 .text.flash_get_page_info
                0x0000000000007bda       0x62 zephyr/drivers/flash/libdrivers__flash.a(flash_page_layout.c.obj)
 .text.z_impl_flash_get_page_info_by_offs
                0x0000000000007c3c        0x8 zephyr/drivers/flash/libdrivers__flash.a(flash_page_layout.c.obj)
                0x0000000000007c3c                z_impl_flash_get_page_info_by_offs
 .text.flash_page_foreach
                0x0000000000007c44       0x58 zephyr/drivers/flash/libdrivers__flash.a(flash_page_layout.c.obj)
                0x0000000000007c44                flash_page_foreach
 .text.nrf_rram_erase
                0x0000000000007c9c        0x8 zephyr/drivers/flash/libdrivers__flash.a(soc_flash_nrf_rram.c.obj)
 .text.nrf_rram_write
                0x0000000000007ca4       0x12 zephyr/drivers/flash/libdrivers__flash.a(soc_flash_nrf_rram.c.obj)
 .text.gpio_nrfx_port_get_raw
                0x0000000000007cb6        0xc zephyr/drivers/gpio/libdrivers__gpio.a(gpio_nrfx.c.obj)
 .text.gpio_nrfx_port_set_masked_raw
                0x0000000000007cc2       0x14 zephyr/drivers/gpio/libdrivers__gpio.a(gpio_nrfx.c.obj)
 .text.gpio_nrfx_port_set_bits_raw
                0x0000000000007cd6        0xa zephyr/drivers/gpio/libdrivers__gpio.a(gpio_nrfx.c.obj)
 .text.gpio_nrfx_port_clear_bits_raw
                0x0000000000007ce0        0xa zephyr/drivers/gpio/libdrivers__gpio.a(gpio_nrfx.c.obj)
 .text.gpio_nrfx_port_toggle_bits
                0x0000000000007cea       0x14 zephyr/drivers/gpio/libdrivers__gpio.a(gpio_nrfx.c.obj)
 .text.gpio_nrfx_manage_callback
                0x0000000000007cfe       0x52 zephyr/drivers/gpio/libdrivers__gpio.a(gpio_nrfx.c.obj)
 .text.pinctrl_lookup_state
                0x0000000000007d50       0x26 zephyr/drivers/pinctrl/libdrivers__pinctrl.a(common.c.obj)
                0x0000000000007d50                pinctrl_lookup_state
 .text.uarte_nrfx_isr_int
                0x0000000000007d76        0xa zephyr/drivers/serial/libdrivers__serial.a(uart_nrfx_uarte.c.obj)
 .text.uarte_nrfx_err_check
                0x0000000000007d80        0xe zephyr/drivers/serial/libdrivers__serial.a(uart_nrfx_uarte.c.obj)
 .text.uarte_nrfx_poll_in
                0x0000000000007d8e       0x26 zephyr/drivers/serial/libdrivers__serial.a(uart_nrfx_uarte.c.obj)
 .text.uarte_20_init
                0x0000000000007db4       0xb8 zephyr/drivers/serial/libdrivers__serial.a(uart_nrfx_uarte.c.obj)
 .text.mbedtls_heap_init
                0x0000000000007e6c        0xa modules/nrf/subsys/nrf_security/src/zephyr/libmbedtls_zephyr.a(mbedtls_heap.c.obj)
 .text._psa_crypto_init
                0x0000000000007e76       0x1e modules/nrf/subsys/nrf_security/src/zephyr/libmbedtls_zephyr.a(psa_crypto_init.c.obj)
 .text.boot_swap_info_off
                0x0000000000007e94        0xc modules/mcuboot/boot/bootutil/zephyr/libmcuboot_util.a(bootutil_public.c.obj)
                0x0000000000007e94                boot_swap_info_off
 .text.boot_magic_compatible_check
                0x0000000000007ea0       0x1c modules/mcuboot/boot/bootutil/zephyr/libmcuboot_util.a(bootutil_public.c.obj)
                0x0000000000007ea0                boot_magic_compatible_check
 .text.bootutil_buffer_is_erased
                0x0000000000007ebc       0x26 modules/mcuboot/boot/bootutil/zephyr/libmcuboot_util.a(bootutil_public.c.obj)
                0x0000000000007ebc                bootutil_buffer_is_erased
 .text.boot_read_flag
                0x0000000000007ee2       0x38 modules/mcuboot/boot/bootutil/zephyr/libmcuboot_util.a(bootutil_public.c.obj)
 .text.boot_write_trailer
                0x0000000000007f1a       0x5a modules/mcuboot/boot/bootutil/zephyr/libmcuboot_util.a(bootutil_public.c.obj)
                0x0000000000007f1a                boot_write_trailer
 .text.boot_write_trailer_flag
                0x0000000000007f74       0x14 modules/mcuboot/boot/bootutil/zephyr/libmcuboot_util.a(bootutil_public.c.obj)
                0x0000000000007f74                boot_write_trailer_flag
 .text.boot_write_image_ok
                0x0000000000007f88        0xe modules/mcuboot/boot/bootutil/zephyr/libmcuboot_util.a(bootutil_public.c.obj)
                0x0000000000007f88                boot_write_image_ok
 .text.boot_read_image_ok
                0x0000000000007f96        0xc modules/mcuboot/boot/bootutil/zephyr/libmcuboot_util.a(bootutil_public.c.obj)
                0x0000000000007f96                boot_read_image_ok
 .text.boot_read_swap_state_by_id
                0x0000000000007fa2       0x28 modules/mcuboot/boot/bootutil/zephyr/libmcuboot_util.a(bootutil_public.c.obj)
                0x0000000000007fa2                boot_read_swap_state_by_id
 .text.boot_write_swap_info
                0x0000000000007fca       0x22 modules/mcuboot/boot/bootutil/zephyr/libmcuboot_util.a(bootutil_public.c.obj)
                0x0000000000007fca                boot_write_swap_info
 .text.boot_write_copy_done
                0x0000000000007fec       0x10 modules/mcuboot/boot/bootutil/zephyr/libmcuboot_util.a(bootutil_public.c.obj)
                0x0000000000007fec                boot_write_copy_done
 .text.nrfx_isr
                0x0000000000007ffc        0x2 modules/hal_nordic/modules/hal_nordic/nrfx/libmodules__hal_nordic__nrfx.a(nrfx_glue.c.obj)
                0x0000000000007ffc                nrfx_isr
 .text.nrfx_busy_wait
                0x0000000000007ffe        0x4 modules/hal_nordic/modules/hal_nordic/nrfx/libmodules__hal_nordic__nrfx.a(nrfx_glue.c.obj)
                0x0000000000007ffe                nrfx_busy_wait
 .text.nrfx_clock_stop
                0x0000000000008002        0x4 modules/hal_nordic/modules/hal_nordic/nrfx/libmodules__hal_nordic__nrfx.a(nrfx_clock.c.obj)
                0x0000000000008002                nrfx_clock_stop
 .text.nrf_gpio_reconfigure
                0x0000000000008006       0x92 modules/hal_nordic/modules/hal_nordic/nrfx/libmodules__hal_nordic__nrfx.a(nrfx_gpiote.c.obj)
 .text.nrf_gpio_cfg_sense_set
                0x0000000000008098       0x1e modules/hal_nordic/modules/hal_nordic/nrfx/libmodules__hal_nordic__nrfx.a(nrfx_gpiote.c.obj)
 .text.call_handler
                0x00000000000080b6       0x3e modules/hal_nordic/modules/hal_nordic/nrfx/libmodules__hal_nordic__nrfx.a(nrfx_gpiote.c.obj)
 .text.__nrfy_internal_gpiote_events_process
                0x00000000000080f4       0x4e modules/hal_nordic/modules/hal_nordic/nrfx/libmodules__hal_nordic__nrfx.a(nrfx_gpiote.c.obj)
 .text.pin_trigger_disable
                0x0000000000008142       0x4a modules/hal_nordic/modules/hal_nordic/nrfx/libmodules__hal_nordic__nrfx.a(nrfx_gpiote.c.obj)
 .text.nrfx_gpiote_pin_uninit
                0x000000000000818c        0x4 modules/hal_nordic/modules/hal_nordic/nrfx/libmodules__hal_nordic__nrfx.a(nrfx_gpiote.c.obj)
                0x000000000000818c                nrfx_gpiote_pin_uninit
 .text.nrfx_gpiote_trigger_disable
                0x0000000000008190        0x4 modules/hal_nordic/modules/hal_nordic/nrfx/libmodules__hal_nordic__nrfx.a(nrfx_gpiote.c.obj)
                0x0000000000008190                nrfx_gpiote_trigger_disable
 .text.nrfx_rramc_write_enable_set
                0x0000000000008194        0x6 modules/hal_nordic/modules/hal_nordic/nrfx/libmodules__hal_nordic__nrfx.a(nrfx_rramc.c.obj)
                0x0000000000008194                nrfx_rramc_write_enable_set
 .text.z_impl_k_busy_wait
                0x000000000000819a        0x8 zephyr/kernel/libkernel.a(busy_wait.c.obj)
                0x000000000000819a                z_impl_k_busy_wait
 .text.z_device_state_init
                0x00000000000081a2        0x2 zephyr/kernel/libkernel.a(device.c.obj)
                0x00000000000081a2                z_device_state_init
 .text.z_impl_device_is_ready
                0x00000000000081a4       0x16 zephyr/kernel/libkernel.a(device.c.obj)
                0x00000000000081a4                z_impl_device_is_ready
 .text.arch_system_halt
                0x00000000000081ba       0x10 zephyr/kernel/libkernel.a(fatal.c.obj)
                0x00000000000081ba                arch_system_halt
 .text.k_sys_fatal_error_handler
                0x00000000000081ca        0x6 zephyr/kernel/libkernel.a(fatal.c.obj)
                0x00000000000081ca                k_sys_fatal_error_handler
 .text.z_fatal_error
                0x00000000000081d0       0x1e zephyr/kernel/libkernel.a(fatal.c.obj)
                0x00000000000081d0                z_fatal_error
 .text.do_device_init
                0x00000000000081ee       0x30 zephyr/kernel/libkernel.a(init.c.obj)
 .text.z_early_memset
                0x000000000000821e        0x4 zephyr/kernel/libkernel.a(init.c.obj)
                0x000000000000821e                z_early_memset
 .text.z_early_memcpy
                0x0000000000008222        0x4 zephyr/kernel/libkernel.a(init.c.obj)
                0x0000000000008222                z_early_memcpy
 .text.z_init_static
                0x0000000000008226        0x2 zephyr/kernel/libkernel.a(init_static.c.obj)
                0x0000000000008226                z_init_static
 .text.k_is_in_isr
                0x0000000000008228        0xc zephyr/kernel/libkernel.a(nothread.c.obj)
                0x0000000000008228                k_is_in_isr
 .text.next_timeout
                0x0000000000008234       0x32 zephyr/kernel/libkernel.a(timeout.c.obj)
 .text.platform_calloc_uninit
                0x0000000000008266        0x4 modules/nrf/subsys/nrf_security/src/core/nrf_oberon/liboberon_psa_core.a(platform.c.obj)
 .text.platform_free_uninit
                0x000000000000826a        0x2 modules/nrf/subsys/nrf_security/src/core/nrf_oberon/liboberon_psa_core.a(platform.c.obj)
 .text.mbedtls_zeroize_and_free
                0x000000000000826c       0x14 modules/nrf/subsys/nrf_security/src/core/nrf_oberon/liboberon_psa_core.a(platform_util.c.obj)
                0x000000000000826c                mbedtls_zeroize_and_free
 .text.psa_validate_ecc_key_attr
                0x0000000000008280       0xb8 modules/nrf/subsys/nrf_security/src/core/nrf_oberon/liboberon_psa_core.a(psa_crypto.c.obj)
 .text.psa_start_key_creation.constprop.0
                0x0000000000008338       0x98 modules/nrf/subsys/nrf_security/src/core/nrf_oberon/liboberon_psa_core.a(psa_crypto.c.obj)
 .text.psa_validate_unstructured_key_bit_size
                0x00000000000083d0       0x3e modules/nrf/subsys/nrf_security/src/core/nrf_oberon/liboberon_psa_core.a(psa_crypto.c.obj)
                0x00000000000083d0                psa_validate_unstructured_key_bit_size
 .text.psa_allocate_buffer_to_slot
                0x000000000000840e       0x26 modules/nrf/subsys/nrf_security/src/core/nrf_oberon/liboberon_psa_core.a(psa_crypto.c.obj)
                0x000000000000840e                psa_allocate_buffer_to_slot
 .text.psa_import_key_into_slot
                0x0000000000008434       0x44 modules/nrf/subsys/nrf_security/src/core/nrf_oberon/liboberon_psa_core.a(psa_crypto.c.obj)
                0x0000000000008434                psa_import_key_into_slot
 .text.psa_remove_key_data_from_memory
                0x0000000000008478       0x16 modules/nrf/subsys/nrf_security/src/core/nrf_oberon/liboberon_psa_core.a(psa_crypto.c.obj)
                0x0000000000008478                psa_remove_key_data_from_memory
 .text.psa_wipe_key_slot
                0x000000000000848e       0x3a modules/nrf/subsys/nrf_security/src/core/nrf_oberon/liboberon_psa_core.a(psa_crypto.c.obj)
                0x000000000000848e                psa_wipe_key_slot
 .text.psa_hash_abort
                0x00000000000084c8       0x16 modules/nrf/subsys/nrf_security/src/core/nrf_oberon/liboberon_psa_core.a(psa_crypto.c.obj)
                0x00000000000084c8                psa_hash_abort
 .text.psa_hash_setup
                0x00000000000084de       0x40 modules/nrf/subsys/nrf_security/src/core/nrf_oberon/liboberon_psa_core.a(psa_crypto.c.obj)
                0x00000000000084de                psa_hash_setup
 .text.psa_hash_update
                0x000000000000851e       0x28 modules/nrf/subsys/nrf_security/src/core/nrf_oberon/liboberon_psa_core.a(psa_crypto.c.obj)
                0x000000000000851e                psa_hash_update
 .text.psa_hash_finish
                0x0000000000008546       0x22 modules/nrf/subsys/nrf_security/src/core/nrf_oberon/liboberon_psa_core.a(psa_crypto.c.obj)
                0x0000000000008546                psa_hash_finish
 .text.psa_verify_message
                0x0000000000008568       0x4e modules/nrf/subsys/nrf_security/src/core/nrf_oberon/liboberon_psa_core.a(psa_crypto.c.obj)
                0x0000000000008568                psa_verify_message
 .text.psa_register_read
                0x00000000000085b6       0x1a modules/nrf/subsys/nrf_security/src/core/nrf_oberon/liboberon_psa_core.a(psa_crypto_slot_management.c.obj)
 .text.psa_is_valid_key_id
                0x00000000000085d0       0x22 modules/nrf/subsys/nrf_security/src/core/nrf_oberon/liboberon_psa_core.a(psa_crypto_slot_management.c.obj)
                0x00000000000085d0                psa_is_valid_key_id
 .text.psa_unregister_read
                0x00000000000085f2       0x2a modules/nrf/subsys/nrf_security/src/core/nrf_oberon/liboberon_psa_core.a(psa_crypto_slot_management.c.obj)
                0x00000000000085f2                psa_unregister_read
 .text.psa_unregister_read_under_mutex
                0x000000000000861c        0x4 modules/nrf/subsys/nrf_security/src/core/nrf_oberon/liboberon_psa_core.a(psa_crypto_slot_management.c.obj)
                0x000000000000861c                psa_unregister_read_under_mutex
 .text.psa_validate_key_location
                0x0000000000008620        0x4 modules/nrf/subsys/nrf_security/src/core/nrf_oberon/liboberon_psa_core.a(psa_crypto_slot_management.c.obj)
                0x0000000000008620                psa_validate_key_location
 .text.psa_validate_key_persistence
                0x0000000000008624        0xe modules/nrf/subsys/nrf_security/src/core/nrf_oberon/liboberon_psa_core.a(psa_crypto_slot_management.c.obj)
                0x0000000000008624                psa_validate_key_persistence
 .text.psa_driver_wrapper_init
                0x0000000000008632        0x4 modules/nrf/subsys/nrf_security/src/core/nrf_oberon/liboberon_psa_core.a(psa_crypto_driver_wrappers.c.obj)
                0x0000000000008632                psa_driver_wrapper_init
 .text.psa_driver_wrapper_free
                0x0000000000008636        0x2 modules/nrf/subsys/nrf_security/src/core/nrf_oberon/liboberon_psa_core.a(psa_crypto_driver_wrappers.c.obj)
                0x0000000000008636                psa_driver_wrapper_free
 .text.psa_driver_wrapper_hash_update
                0x0000000000008638       0x12 modules/nrf/subsys/nrf_security/src/core/nrf_oberon/liboberon_psa_core.a(psa_crypto_driver_wrappers.c.obj)
                0x0000000000008638                psa_driver_wrapper_hash_update
 .text.psa_driver_wrapper_hash_finish
                0x000000000000864a       0x18 modules/nrf/subsys/nrf_security/src/core/nrf_oberon/liboberon_psa_core.a(psa_crypto_driver_wrappers.c.obj)
                0x000000000000864a                psa_driver_wrapper_hash_finish
 .text.psa_driver_wrapper_hash_abort
                0x0000000000008662       0x16 modules/nrf/subsys/nrf_security/src/core/nrf_oberon/liboberon_psa_core.a(psa_crypto_driver_wrappers.c.obj)
                0x0000000000008662                psa_driver_wrapper_hash_abort
 .text.psa_driver_wrapper_init_random
                0x0000000000008678        0x4 modules/nrf/subsys/nrf_security/src/core/nrf_oberon/liboberon_psa_core.a(psa_crypto_driver_wrappers.c.obj)
                0x0000000000008678                psa_driver_wrapper_init_random
 .text.psa_driver_wrapper_free_random
                0x000000000000867c        0x4 modules/nrf/subsys/nrf_security/src/core/nrf_oberon/liboberon_psa_core.a(psa_crypto_driver_wrappers.c.obj)
                0x000000000000867c                psa_driver_wrapper_free_random
 .text.silex_statuscodes_to_psa
                0x0000000000008680       0xbc modules/nrf/subsys/nrf_security/src/drivers/cracen/libcracen_psa_driver.a(common.c.obj)
                0x0000000000008680                silex_statuscodes_to_psa
 .text.hash_all_inputs_with_context
                0x000000000000873c       0x50 modules/nrf/subsys/nrf_security/src/drivers/cracen/libcracen_psa_driver.a(common.c.obj)
                0x000000000000873c                hash_all_inputs_with_context
 .text.hash_all_inputs
                0x000000000000878c       0x1a modules/nrf/subsys/nrf_security/src/drivers/cracen/libcracen_psa_driver.a(common.c.obj)
                0x000000000000878c                hash_all_inputs
 .text.hash_input
                0x00000000000087a6       0x1a modules/nrf/subsys/nrf_security/src/drivers/cracen/libcracen_psa_driver.a(common.c.obj)
                0x00000000000087a6                hash_input
 .text.memcpy_check_non_zero
                0x00000000000087c0       0x24 modules/nrf/subsys/nrf_security/src/drivers/cracen/libcracen_psa_driver.a(mem_helpers.c.obj)
                0x00000000000087c0                memcpy_check_non_zero
 .text.safe_memset
                0x00000000000087e4       0x16 modules/nrf/subsys/nrf_security/src/drivers/cracen/libcracen_psa_driver.a(mem_helpers.c.obj)
                0x00000000000087e4                safe_memset
 .text.safe_memzero
                0x00000000000087fa       0x18 modules/nrf/subsys/nrf_security/src/drivers/cracen/libcracen_psa_driver.a(mem_helpers.c.obj)
                0x00000000000087fa                safe_memzero
 .text.lib_kmu_is_slot_empty
                0x0000000000008812       0x14 modules/nrf/subsys/nrf_security/src/drivers/cracen/libcracen_psa_driver.a(lib_kmu.c.obj)
                0x0000000000008812                lib_kmu_is_slot_empty
 .text.generate_ikg_pub_key
                0x0000000000008826       0x64 modules/nrf/subsys/nrf_security/src/drivers/cracen/libcracen_psa_driver.a(sign.c.obj)
 .text.cracen_verify_message
                0x000000000000888a       0x38 modules/nrf/subsys/nrf_security/src/drivers/cracen/libcracen_psa_driver.a(sign.c.obj)
                0x000000000000888a                cracen_verify_message
 .text.cracen_verify_hash
                0x00000000000088c2       0x38 modules/nrf/subsys/nrf_security/src/drivers/cracen/libcracen_psa_driver.a(sign.c.obj)
                0x00000000000088c2                cracen_verify_hash
 .text.digest2op
                0x00000000000088fa       0x26 modules/nrf/subsys/nrf_security/src/drivers/cracen/libcracen_psa_driver.a(ecdsa.c.obj)
 .text.cracen_ecdsa_verify_message
                0x0000000000008920       0x4a modules/nrf/subsys/nrf_security/src/drivers/cracen/libcracen_psa_driver.a(ecdsa.c.obj)
                0x0000000000008920                cracen_ecdsa_verify_message
 .text.cracen_ed25519_verify
                0x000000000000896a        0xe modules/nrf/subsys/nrf_security/src/drivers/cracen/libcracen_psa_driver.a(ed25519.c.obj)
                0x000000000000896a                cracen_ed25519_verify
 .text.init_or_resume_context
                0x0000000000008978       0x26 modules/nrf/subsys/nrf_security/src/drivers/cracen/libcracen_psa_driver.a(hash.c.obj)
 .text.cracen_hash_compute
                0x000000000000899e       0x7a modules/nrf/subsys/nrf_security/src/drivers/cracen/libcracen_psa_driver.a(hash.c.obj)
                0x000000000000899e                cracen_hash_compute
 .text.cracen_hash_setup
                0x0000000000008a18       0x2c modules/nrf/subsys/nrf_security/src/drivers/cracen/libcracen_psa_driver.a(hash.c.obj)
                0x0000000000008a18                cracen_hash_setup
 .text.cracen_hash_update
                0x0000000000008a44       0xcc modules/nrf/subsys/nrf_security/src/drivers/cracen/libcracen_psa_driver.a(hash.c.obj)
                0x0000000000008a44                cracen_hash_update
 .text.cracen_hash_finish
                0x0000000000008b10       0x6c modules/nrf/subsys/nrf_security/src/drivers/cracen/libcracen_psa_driver.a(hash.c.obj)
                0x0000000000008b10                cracen_hash_finish
 .text.psa_set_key_usage_flags.constprop.0
                0x0000000000008b7c       0x14 modules/nrf/subsys/nrf_security/src/drivers/cracen/libcracen_psa_driver.a(key_management.c.obj)
 .text.cracen_destroy_key
                0x0000000000008b90        0x4 modules/nrf/subsys/nrf_security/src/drivers/cracen/libcracen_psa_driver.a(key_management.c.obj)
                0x0000000000008b90                cracen_destroy_key
 .text.get_kmu_slot_count
                0x0000000000008b94       0x3e modules/nrf/subsys/nrf_security/src/drivers/cracen/libcracen_psa_driver.a(kmu.c.obj)
 .text.read_primary_slot_metadata
                0x0000000000008bd2       0x36 modules/nrf/subsys/nrf_security/src/drivers/cracen/libcracen_psa_driver.a(kmu.c.obj)
 .text.set_provisioning_in_progress
                0x0000000000008c08       0x30 modules/nrf/subsys/nrf_security/src/drivers/cracen/libcracen_psa_driver.a(kmu.c.obj)
 .text.clean_up_unfinished_provisioning
                0x0000000000008c38       0x46 modules/nrf/subsys/nrf_security/src/drivers/cracen/libcracen_psa_driver.a(kmu.c.obj)
 .text.cracen_kmu_prepare_key
                0x0000000000008c7e       0x38 modules/nrf/subsys/nrf_security/src/drivers/cracen/libcracen_psa_driver.a(kmu.c.obj)
                0x0000000000008c7e                cracen_kmu_prepare_key
 .text.sx_hash_free
                0x0000000000008cb6        0x6 modules/nrf/subsys/nrf_security/src/drivers/cracen/libcracen_psa_driver.a(hash.c.obj)
                0x0000000000008cb6                sx_hash_free
 .text.sx_hash_create
                0x0000000000008cbc        0x8 modules/nrf/subsys/nrf_security/src/drivers/cracen/libcracen_psa_driver.a(hash.c.obj)
                0x0000000000008cbc                sx_hash_create
 .text.sx_hash_resume_state
                0x0000000000008cc4       0x52 modules/nrf/subsys/nrf_security/src/drivers/cracen/libcracen_psa_driver.a(hash.c.obj)
                0x0000000000008cc4                sx_hash_resume_state
 .text.sx_hash_feed
                0x0000000000008d16       0x5e modules/nrf/subsys/nrf_security/src/drivers/cracen/libcracen_psa_driver.a(hash.c.obj)
                0x0000000000008d16                sx_hash_feed
 .text.sx_hash_save_state
                0x0000000000008d74       0x9e modules/nrf/subsys/nrf_security/src/drivers/cracen/libcracen_psa_driver.a(hash.c.obj)
                0x0000000000008d74                sx_hash_save_state
 .text.sx_hash_digest
                0x0000000000008e12       0x3a modules/nrf/subsys/nrf_security/src/drivers/cracen/libcracen_psa_driver.a(hash.c.obj)
                0x0000000000008e12                sx_hash_digest
 .text.sx_hash_status
                0x0000000000008e4c       0x24 modules/nrf/subsys/nrf_security/src/drivers/cracen/libcracen_psa_driver.a(hash.c.obj)
                0x0000000000008e4c                sx_hash_status
 .text.sx_hash_wait
                0x0000000000008e70       0x10 modules/nrf/subsys/nrf_security/src/drivers/cracen/libcracen_psa_driver.a(hash.c.obj)
                0x0000000000008e70                sx_hash_wait
 .text.sx_hash_get_alg_digestsz
                0x0000000000008e80        0x4 modules/nrf/subsys/nrf_security/src/drivers/cracen/libcracen_psa_driver.a(hash.c.obj)
                0x0000000000008e80                sx_hash_get_alg_digestsz
 .text.sx_hash_get_alg_blocksz
                0x0000000000008e84        0x4 modules/nrf/subsys/nrf_security/src/drivers/cracen/libcracen_psa_driver.a(hash.c.obj)
                0x0000000000008e84                sx_hash_get_alg_blocksz
 .text.sx_hash_get_digestsz
                0x0000000000008e88        0x6 modules/nrf/subsys/nrf_security/src/drivers/cracen/libcracen_psa_driver.a(hash.c.obj)
                0x0000000000008e88                sx_hash_get_digestsz
 .text.sx_pk_ecop2mem_be
                0x0000000000008e8e       0x20 modules/nrf/subsys/nrf_security/src/drivers/cracen/libcracen_psa_driver.a(sxbufops.c.obj)
                0x0000000000008e8e                sx_pk_ecop2mem_be
 .text.sx_pk_affpt2mem
                0x0000000000008eae       0x1e modules/nrf/subsys/nrf_security/src/drivers/cracen/libcracen_psa_driver.a(sxbufops.c.obj)
                0x0000000000008eae                sx_pk_affpt2mem
 .text.write_ed25519dgst
                0x0000000000008ecc       0x1e modules/nrf/subsys/nrf_security/src/drivers/cracen/libcracen_psa_driver.a(ed25519.c.obj)
 .text.sx_async_ed25519_ptmult_end
                0x0000000000008eea       0x2a modules/nrf/subsys/nrf_security/src/drivers/cracen/libcracen_psa_driver.a(ed25519.c.obj)
                0x0000000000008eea                sx_async_ed25519_ptmult_end
 .text.sx_ed25519_ptmult
                0x0000000000008f14       0x28 modules/nrf/subsys/nrf_security/src/drivers/cracen/libcracen_psa_driver.a(ed25519.c.obj)
                0x0000000000008f14                sx_ed25519_ptmult
 .text.sx_ed25519_verify
                0x0000000000008f3c       0x2c modules/nrf/subsys/nrf_security/src/drivers/cracen/libcracen_psa_driver.a(ed25519.c.obj)
                0x0000000000008f3c                sx_ed25519_verify
 .text.sx_clrpkmem
                0x0000000000008f68       0x3a modules/nrf/subsys/nrf_security/src/drivers/cracen/libcracen_psa_driver.a(iomem.c.obj)
                0x0000000000008f68                sx_clrpkmem
 .text.sx_wrpkmem
                0x0000000000008fa2       0x1c modules/nrf/subsys/nrf_security/src/drivers/cracen/libcracen_psa_driver.a(iomem.c.obj)
                0x0000000000008fa2                sx_wrpkmem
 .text.ba414ep_is_busy
                0x0000000000008fbe        0xa modules/nrf/subsys/nrf_security/src/drivers/cracen/libcracen_psa_driver.a(pk_baremetal.c.obj)
                0x0000000000008fbe                ba414ep_is_busy
 .text.ik_is_busy
                0x0000000000008fc8       0x14 modules/nrf/subsys/nrf_security/src/drivers/cracen/libcracen_psa_driver.a(pk_baremetal.c.obj)
                0x0000000000008fc8                ik_is_busy
 .text.is_busy  0x0000000000008fdc       0x1e modules/nrf/subsys/nrf_security/src/drivers/cracen/libcracen_psa_driver.a(pk_baremetal.c.obj)
                0x0000000000008fdc                is_busy
 .text.sx_clear_interrupt
                0x0000000000008ffa       0x1a modules/nrf/subsys/nrf_security/src/drivers/cracen/libcracen_psa_driver.a(pk_baremetal.c.obj)
                0x0000000000008ffa                sx_clear_interrupt
 .text.read_status
                0x0000000000009014       0x20 modules/nrf/subsys/nrf_security/src/drivers/cracen/libcracen_psa_driver.a(pk_baremetal.c.obj)
                0x0000000000009014                read_status
 .text.sx_pk_wait
                0x0000000000009034       0x24 modules/nrf/subsys/nrf_security/src/drivers/cracen/libcracen_psa_driver.a(pk_baremetal.c.obj)
                0x0000000000009034                sx_pk_wait
 .text.sx_pk_wrreg
                0x0000000000009058        0x6 modules/nrf/subsys/nrf_security/src/drivers/cracen/libcracen_psa_driver.a(pk_baremetal.c.obj)
                0x0000000000009058                sx_pk_wrreg
 .text.sx_pk_rdreg
                0x000000000000905e        0x6 modules/nrf/subsys/nrf_security/src/drivers/cracen/libcracen_psa_driver.a(pk_baremetal.c.obj)
                0x000000000000905e                sx_pk_rdreg
 .text.sx_pk_get_blinder
                0x0000000000009064        0x4 modules/nrf/subsys/nrf_security/src/drivers/cracen/libcracen_psa_driver.a(pk_baremetal.c.obj)
                0x0000000000009064                sx_pk_get_blinder
 .text.sx_pk_is_ik_cmd
                0x0000000000009068        0xa modules/nrf/subsys/nrf_security/src/drivers/cracen/libcracen_psa_driver.a(ikhardware.c.obj)
                0x0000000000009068                sx_pk_is_ik_cmd
 .text.sx_ik_read_status
                0x0000000000009072       0x2c modules/nrf/subsys/nrf_security/src/drivers/cracen/libcracen_psa_driver.a(ikhardware.c.obj)
                0x0000000000009072                sx_ik_read_status
 .text.sx_pk_run
                0x000000000000909e       0x26 modules/nrf/subsys/nrf_security/src/drivers/cracen/libcracen_psa_driver.a(ikhardware.c.obj)
                0x000000000000909e                sx_pk_run
 .text.sx_pk_get_status
                0x00000000000090c4       0x24 modules/nrf/subsys/nrf_security/src/drivers/cracen/libcracen_psa_driver.a(ikhardware.c.obj)
                0x00000000000090c4                sx_pk_get_status
 .text.sx_pk_list_ik_inslots
                0x00000000000090e8       0xa0 modules/nrf/subsys/nrf_security/src/drivers/cracen/libcracen_psa_driver.a(ikhardware.c.obj)
                0x00000000000090e8                sx_pk_list_ik_inslots
 .text.sx_pk_ik_derive_keys