Archive member included to satisfy reference by file (symbol)

app/libapp.a(main.c.obj)      (--whole-archive)
app/libapp.a(io.c.obj)        (--whole-archive)
app/libapp.a(flash_map_extended.c.obj)
                              (--whole-archive)
app/libapp.a(os.c.obj)        (--whole-archive)
app/libapp.a(keys.c.obj)      (--whole-archive)
app/libapp.a(image_validate.c.obj)
                              (--whole-archive)
app/libapp.a(tlv.c.obj)       (--whole-archive)
app/libapp.a(encrypted.c.obj)
                              (--whole-archive)
app/libapp.a(image_rsa.c.obj)
                              (--whole-archive)
app/libapp.a(image_ecdsa.c.obj)
                              (--whole-archive)
app/libapp.a(image_ed25519.c.obj)
                              (--whole-archive)
app/libapp.a(bootutil_misc.c.obj)
                              (--whole-archive)
app/libapp.a(fault_injection_hardening.c.obj)
                              (--whole-archive)
app/libapp.a(loader.c.obj)    (--whole-archive)
app/libapp.a(swap_misc.c.obj)
                              (--whole-archive)
app/libapp.a(caps.c.obj)      (--whole-archive)
app/libapp.a(swap_move.c.obj)
                              (--whole-archive)
app/libapp.a(asn1parse.c.obj)
                              (--whole-archive)
app/libapp.a(ed25519_psa.c.obj)
                              (--whole-archive)
app/libapp.a(autogen-pubkey.c.obj)
                              (--whole-archive)
app/libapp.a(arm_cleanup.c.obj)
                              (--whole-archive)
app/libapp.a(flash_check.c.obj)
                              (--whole-archive)
app/libapp.a(nrf_cleanup.c.obj)
                              (--whole-archive)
zephyr/libzephyr.a(heap.c.obj)
                              (--whole-archive)
zephyr/libzephyr.a(cbprintf_packaged.c.obj)
                              (--whole-archive)
zephyr/libzephyr.a(printk.c.obj)
                              (--whole-archive)
zephyr/libzephyr.a(sem.c.obj)
                              (--whole-archive)
zephyr/libzephyr.a(thread_entry.c.obj)
                              (--whole-archive)
zephyr/libzephyr.a(cbprintf_complete.c.obj)
                              (--whole-archive)
zephyr/libzephyr.a(cbprintf.c.obj)
                              (--whole-archive)
zephyr/libzephyr.a(assert.c.obj)
                              (--whole-archive)
zephyr/libzephyr.a(poweroff.c.obj)
                              (--whole-archive)
zephyr/libzephyr.a(dec.c.obj)
                              (--whole-archive)
zephyr/libzephyr.a(hex.c.obj)
                              (--whole-archive)
zephyr/libzephyr.a(rb.c.obj)  (--whole-archive)
zephyr/libzephyr.a(timeutil.c.obj)
                              (--whole-archive)
zephyr/libzephyr.a(bitarray.c.obj)
                              (--whole-archive)
zephyr/libzephyr.a(onoff.c.obj)
                              (--whole-archive)
zephyr/libzephyr.a(notify.c.obj)
                              (--whole-archive)
zephyr/libzephyr.a(last_section_id.c.obj)
                              (--whole-archive)
zephyr/libzephyr.a(configs.c.obj)
                              (--whole-archive)
zephyr/libzephyr.a(mem_attr.c.obj)
                              (--whole-archive)
zephyr/libzephyr.a(flash_map.c.obj)
                              (--whole-archive)
zephyr/libzephyr.a(flash_map_layout.c.obj)
                              (--whole-archive)
zephyr/libzephyr.a(tracing_none.c.obj)
                              (--whole-archive)
zephyr/libzephyr.a(flash_util.c.obj)
                              (--whole-archive)
zephyr/libzephyr.a(flash_map_partition_manager.c.obj)
                              (--whole-archive)
zephyr/arch/common/libarch__common.a(sw_isr_common.c.obj)
                              (--whole-archive)
zephyr/arch/arch/arm/core/libarch__arm__core.a(fatal.c.obj)
                              (--whole-archive)
zephyr/arch/arch/arm/core/libarch__arm__core.a(nmi.c.obj)
                              (--whole-archive)
zephyr/arch/arch/arm/core/libarch__arm__core.a(nmi_on_reset.S.obj)
                              (--whole-archive)
zephyr/arch/arch/arm/core/cortex_m/libarch__arm__core__cortex_m.a(exc_exit.c.obj)
                              (--whole-archive)
zephyr/arch/arch/arm/core/cortex_m/libarch__arm__core__cortex_m.a(fault.c.obj)
                              (--whole-archive)
zephyr/arch/arch/arm/core/cortex_m/libarch__arm__core__cortex_m.a(fault_s.S.obj)
                              (--whole-archive)
zephyr/arch/arch/arm/core/cortex_m/libarch__arm__core__cortex_m.a(fpu.c.obj)
                              (--whole-archive)
zephyr/arch/arch/arm/core/cortex_m/libarch__arm__core__cortex_m.a(reset.S.obj)
                              (--whole-archive)
zephyr/arch/arch/arm/core/cortex_m/libarch__arm__core__cortex_m.a(scb.c.obj)
                              (--whole-archive)
zephyr/arch/arch/arm/core/cortex_m/libarch__arm__core__cortex_m.a(thread_abort.c.obj)
[...]
Memory Configuration

Name             Origin             Length             Attributes
FLASH            0x0000000000000000 0x000000000000d800 xr
RAM              0x0000000020000000 0x000000000002f000 xw
IDT_LIST         0x00000000ffff7fff 0x0000000000008000 xw
*default*        0x0000000000000000 0xffffffffffffffff

Linker script and memory map

LOAD zephyr/CMakeFiles/zephyr_pre0.dir/misc/empty_file.c.obj
LOAD C:\Users\Lenovo\AppData\Local\Temp\ccgdLsTN.ltrans0.ltrans.o
LOAD C:\Users\Lenovo\AppData\Local\Temp\ccgdLsTN.ltrans1.ltrans.o
LOAD C:\Users\Lenovo\AppData\Local\Temp\cc8wACZ5.debug.temp.o
LOAD C:\Users\Lenovo\AppData\Local\Temp\ccq38Qm4.debug.temp.o
LOAD C:\Users\Lenovo\AppData\Local\Temp\ccYZcFO2.debug.temp.o
LOAD C:\Users\Lenovo\AppData\Local\Temp\ccmhOrC1.debug.temp.o
LOAD C:\Users\Lenovo\AppData\Local\Temp\cckrCzu0.debug.temp.o
LOAD C:\Users\Lenovo\AppData\Local\Temp\cciBqHmZ.debug.temp.o
LOAD C:\Users\Lenovo\AppData\Local\Temp\ccyEmF1X.debug.temp.o
LOAD C:\Users\Lenovo\AppData\Local\Temp\cc47NcLW.debug.temp.o
LOAD C:\Users\Lenovo\AppData\Local\Temp\ccorHFGU.debug.temp.o
LOAD C:\Users\Lenovo\AppData\Local\Temp\cc2WpeIS.debug.temp.o
LOAD C:\Users\Lenovo\AppData\Local\Temp\ccKgZ3CQ.debug.temp.o
LOAD C:\Users\Lenovo\AppData\Local\Temp\ccUSCuYO.debug.temp.o
LOAD C:\Users\Lenovo\AppData\Local\Temp\ccIVF4aN.debug.temp.o
LOAD C:\Users\Lenovo\AppData\Local\Temp\ccUcU3DK.debug.temp.o
LOAD C:\Users\Lenovo\AppData\Local\Temp\ccknBrQH.debug.temp.o
LOAD C:\Users\Lenovo\AppData\Local\Temp\cck6yZtF.debug.temp.o
LOAD C:\Users\Lenovo\AppData\Local\Temp\ccGWqxcD.debug.temp.o
LOAD C:\Users\Lenovo\AppData\Local\Temp\cc6KScHA.debug.temp.o
LOAD C:\Users\Lenovo\AppData\Local\Temp\ccIjFKfy.debug.temp.o
LOAD C:\Users\Lenovo\AppData\Local\Temp\ccenfn0u.debug.temp.o
LOAD C:\Users\Lenovo\AppData\Local\Temp\cceCR7Br.debug.temp.o
LOAD C:\Users\Lenovo\AppData\Local\Temp\ccuLsjio.debug.temp.o
LOAD C:\Users\Lenovo\AppData\Local\Temp\cc6BCell.debug.temp.o
LOAD C:\Users\Lenovo\AppData\Local\Temp\ccqfUiui.debug.temp.o
LOAD C:\Users\Lenovo\AppData\Local\Temp\ccM91vsf.debug.temp.o
LOAD C:\Users\Lenovo\AppData\Local\Temp\cc2EEsjg.debug.temp.o
LOAD C:\Users\Lenovo\AppData\Local\Temp\ccA7wQeh.debug.temp.o
LOAD C:\Users\Lenovo\AppData\Local\Temp\cc8zpeai.debug.temp.o
LOAD C:\Users\Lenovo\AppData\Local\Temp\ccWmCjSi.debug.temp.o
LOAD C:\Users\Lenovo\AppData\Local\Temp\ccqRUz1j.debug.temp.o
LOAD C:\Users\Lenovo\AppData\Local\Temp\ccasuVgl.debug.temp.o
LOAD C:\Users\Lenovo\AppData\Local\Temp\ccW1Icnm.debug.temp.o
LOAD C:\Users\Lenovo\AppData\Local\Temp\ccUvbkFm.debug.temp.o
LOAD C:\Users\Lenovo\AppData\Local\Temp\ccSZDrXm.debug.temp.o
LOAD C:\Users\Lenovo\AppData\Local\Temp\cc4MsN6m.debug.temp.o
LOAD C:\Users\Lenovo\AppData\Local\Temp\ccuXvIkn.debug.temp.o
LOAD C:\Users\Lenovo\AppData\Local\Temp\ccE7ut1n.debug.temp.o
LOAD C:\Users\Lenovo\AppData\Local\Temp\ccQIjuuo.debug.temp.o
LOAD C:\Users\Lenovo\AppData\Local\Temp\ccCU3teo.debug.temp.o
LOAD C:\Users\Lenovo\AppData\Local\Temp\ccqFRS2n.debug.temp.o
LOAD C:\Users\Lenovo\AppData\Local\Temp\ccKKRYEn.debug.temp.o
LOAD C:\Users\Lenovo\AppData\Local\Temp\cc4PR4gn.debug.temp.o
LOAD C:\Users\Lenovo\AppData\Local\Temp\cc0ycmgn.debug.temp.o
LOAD C:\Users\Lenovo\AppData\Local\Temp\ccaFLckn.debug.temp.o
LOAD C:\Users\Lenovo\AppData\Local\Temp\ccAx5kan.debug.temp.o
LOAD C:\Users\Lenovo\AppData\Local\Temp\cc0lzb4m.debug.temp.o
LOAD C:\Users\Lenovo\AppData\Local\Temp\ccg3LX9l.debug.temp.o
LOAD C:\Users\Lenovo\AppData\Local\Temp\ccCtGHkl.debug.temp.o
LOAD C:\Users\Lenovo\AppData\Local\Temp\ccyGCUhk.debug.temp.o
LOAD C:\Users\Lenovo\AppData\Local\Temp\ccMIqiMj.debug.temp.o
LOAD C:\Users\Lenovo\AppData\Local\Temp\cc8kTW2i.debug.temp.o
LOAD C:\Users\Lenovo\AppData\Local\Temp\ccIAq3gm.debug.temp.o
LOAD C:\Users\Lenovo\AppData\Local\Temp\ccGszKzp.debug.temp.o
LOAD C:\Users\Lenovo\AppData\Local\Temp\ccEEa9Ds.debug.temp.o
LOAD C:\Users\Lenovo\AppData\Local\Temp\ccO8FPMv.debug.temp.o
LOAD C:\Users\Lenovo\AppData\Local\Temp\ccwaYGiz.debug.temp.o
LOAD C:\Users\Lenovo\AppData\Local\Temp\ccwF27SC.debug.temp.o
LOAD C:\Users\Lenovo\AppData\Local\Temp\ccEKLPfG.debug.temp.o
LOAD C:\Users\Lenovo\AppData\Local\Temp\ccWKD4DJ.debug.temp.o
LOAD C:\Users\Lenovo\AppData\Local\Temp\ccMArE6M.debug.temp.o
LOAD C:\Users\Lenovo\AppData\Local\Temp\ccC4RjLP.debug.temp.o
LOAD C:\Users\Lenovo\AppData\Local\Temp\ccQItZuS.debug.temp.o
LOAD C:\Users\Lenovo\AppData\Local\Temp\cc6hoM0U.debug.temp.o
LOAD C:\Users\Lenovo\AppData\Local\Temp\ccwcnZWX.debug.temp.o
LOAD C:\Users\Lenovo\AppData\Local\Temp\ccuqZBK0.debug.temp.o
LOAD C:\Users\Lenovo\AppData\Local\Temp\ccGZMwC3.debug.temp.o
LOAD C:\Users\Lenovo\AppData\Local\Temp\cc8ApzG5.debug.temp.o
LOAD C:\Users\Lenovo\AppData\Local\Temp\cciZ9KQ7.debug.temp.o
LOAD C:\Users\Lenovo\AppData\Local\Temp\ccyoL4M9.debug.temp.o
LOAD C:\Users\Lenovo\AppData\Local\Temp\cc2IanOb.debug.temp.o
LOAD C:\Users\Lenovo\AppData\Local\Temp\ccETGece.debug.temp.o
LOAD C:\Users\Lenovo\AppData\Local\Temp\ccU40IEg.debug.temp.o
LOAD C:\Users\Lenovo\AppData\Local\Temp\ccO2LRSi.debug.temp.o
LOAD C:\Users\Lenovo\AppData\Local\Temp\cckW0lbl.debug.temp.o
LOAD C:\Users\Lenovo\AppData\Local\Temp\ccQPfQtn.debug.temp.o
LOAD C:\Users\Lenovo\AppData\Local\Temp\ccAiVo3o.debug.temp.o
LOAD C:\Users\Lenovo\AppData\Local\Temp\cc6Ndbpq.debug.temp.o
LOAD C:\Users\Lenovo\AppData\Local\Temp\ccCZhtMr.debug.temp.o
LOAD C:\Users\Lenovo\AppData\Local\Temp\ccC40vwt.debug.temp.o
LOAD C:\Users\Lenovo\AppData\Local\Temp\cc4hvG7u.debug.temp.o
LOAD C:\Users\Lenovo\AppData\Local\Temp\ccOsfiNw.debug.temp.o
LOAD C:\Users\Lenovo\AppData\Local\Temp\ccm5EClC.debug.temp.o
LOAD C:\Users\Lenovo\AppData\Local\Temp\ccuWOj1H.debug.temp.o
LOAD C:\Users\Lenovo\AppData\Local\Temp\ccgaiCxN.debug.temp.o
LOAD C:\Users\Lenovo\AppData\Local\Temp\ccKClHqT.debug.temp.o
LOAD C:\Users\Lenovo\AppData\Local\Temp\ccyDvDoZ.debug.temp.o
LOAD C:\Users\Lenovo\AppData\Local\Temp\ccgreud5.debug.temp.o
LOAD C:\Users\Lenovo\AppData\Local\Temp\ccOhFnba.debug.temp.o
LOAD C:\Users\Lenovo\AppData\Local\Temp\ccAthzdf.debug.temp.o
LOAD C:\Users\Lenovo\AppData\Local\Temp\ccOPH96j.debug.temp.o
LOAD C:\Users\Lenovo\AppData\Local\Temp\ccQZa7qp.debug.temp.o
LOAD C:\Users\Lenovo\AppData\Local\Temp\ccGfyixu.debug.temp.o
LOAD C:\Users\Lenovo\AppData\Local\Temp\ccwvVtDz.debug.temp.o
LOAD C:\Users\Lenovo\AppData\Local\Temp\ccKnUfOE.debug.temp.o
LOAD C:\Users\Lenovo\AppData\Local\Temp\ccSigwbJ.debug.temp.o
LOAD C:\Users\Lenovo\AppData\Local\Temp\cckIC5CN.debug.temp.o
LOAD C:\Users\Lenovo\AppData\Local\Temp\ccclpCSR.debug.temp.o
LOAD C:\Users\Lenovo\AppData\Local\Temp\ccoufJcW.debug.temp.o
LOAD C:\Users\Lenovo\AppData\Local\Temp\ccWO7qT0.debug.temp.o
LOAD C:\Users\Lenovo\AppData\Local\Temp\ccQKn0E5.debug.temp.o
LOAD C:\Users\Lenovo\AppData\Local\Temp\ccUjzQca.debug.temp.o
LOAD C:\Users\Lenovo\AppData\Local\Temp\ccYY3C0d.debug.temp.o
LOAD C:\Users\Lenovo\AppData\Local\Temp\cc8MDGSh.debug.temp.o
LOAD C:\Users\Lenovo\AppData\Local\Temp\ccCXZTwl.debug.temp.o
LOAD C:\Users\Lenovo\AppData\Local\Temp\ccCwYIBp.debug.temp.o
LOAD C:\Users\Lenovo\AppData\Local\Temp\ccanxGxt.debug.temp.o
LOAD C:\Users\Lenovo\AppData\Local\Temp\ccaWffyx.debug.temp.o
LOAD C:\Users\Lenovo\AppData\Local\Temp\ccoAtQvF.debug.temp.o
LOAD C:\Users\Lenovo\AppData\Local\Temp\ccIhBQfN.debug.temp.o
LOAD C:\Users\Lenovo\AppData\Local\Temp\cc2YIQZU.debug.temp.o
LOAD C:\Users\Lenovo\AppData\Local\Temp\ccsbLsc3.debug.temp.o
LOAD C:\Users\Lenovo\AppData\Local\Temp\ccoE9tgb.debug.temp.o
LOAD C:\Users\Lenovo\AppData\Local\Temp\ccyYfWoj.debug.temp.o
LOAD C:\Users\Lenovo\AppData\Local\Temp\ccOvr4Mq.debug.temp.o
LOAD C:\Users\Lenovo\AppData\Local\Temp\ccAjZB2x.debug.temp.o
LOAD C:\Users\Lenovo\AppData\Local\Temp\ccKPjCEF.debug.temp.o
LOAD C:\Users\Lenovo\AppData\Local\Temp\ccuUmdiN.debug.temp.o
LOAD C:\Users\Lenovo\AppData\Local\Temp\ccw4PiKU.debug.temp.o
LOAD C:\Users\Lenovo\AppData\Local\Temp\ccmYXTg2.debug.temp.o
LOAD C:\Users\Lenovo\AppData\Local\Temp\ccmjF1Z8.debug.temp.o
LOAD C:\Users\Lenovo\AppData\Local\Temp\ccmEm9If.debug.temp.o
LOAD C:\Users\Lenovo\AppData\Local\Temp\ccEsQQwm.debug.temp.o
LOAD C:\Users\Lenovo\AppData\Local\Temp\ccGgGL6s.debug.temp.o
LOAD C:\Users\Lenovo\AppData\Local\Temp\ccMCKxKz.debug.temp.o
LOAD C:\Users\Lenovo\AppData\Local\Temp\cceEkMKG.debug.temp.o
LOAD C:\Users\Lenovo\AppData\Local\Temp\cccWgqCN.debug.temp.o
LOAD C:\Users\Lenovo\AppData\Local\Temp\ccGkg0LT.debug.temp.o
LOAD C:\Users\Lenovo\AppData\Local\Temp\ccSPBd0Z.debug.temp.o
LOAD C:\Users\Lenovo\AppData\Local\Temp\ccasdE55.debug.temp.o
LOAD C:\Users\Lenovo\AppData\Local\Temp\ccuNpaCc.debug.temp.o
LOAD C:\Users\Lenovo\AppData\Local\Temp\cc2NfGYi.debug.temp.o
LOAD C:\Users\Lenovo\AppData\Local\Temp\ccEcxmet.debug.temp.o
LOAD C:\Users\Lenovo\AppData\Local\Temp\ccCa9CyD.debug.temp.o
LOAD C:\Users\Lenovo\AppData\Local\Temp\ccCzA9EN.debug.temp.o
LOAD C:\Users\Lenovo\AppData\Local\Temp\ccuYtzRX.debug.temp.o
LOAD C:\Users\Lenovo\AppData\Local\Temp\ccOdLJq8.debug.temp.o
LOAD C:\Users\Lenovo\AppData\Local\Temp\cc4WmQ4i.debug.temp.o
LOAD C:\Users\Lenovo\AppData\Local\Temp\ccsgDdvt.debug.temp.o
LOAD C:\Users\Lenovo\AppData\Local\Temp\ccYH9jZD.debug.temp.o
LOAD C:\Users\Lenovo\AppData\Local\Temp\ccm5FmFN.debug.temp.o
LOAD C:\Users\Lenovo\AppData\Local\Temp\cc2VYYpX.debug.temp.o
LOAD C:\Users\Lenovo\AppData\Local\Temp\cckEDlX6.debug.temp.o
LOAD C:\Users\Lenovo\AppData\Local\Temp\ccuGY5yg.debug.temp.o
LOAD C:\Users\Lenovo\AppData\Local\Temp\cco0aDxq.debug.temp.o
LOAD C:\Users\Lenovo\AppData\Local\Temp\ccCwcgCA.debug.temp.o
LOAD C:\Users\Lenovo\AppData\Local\Temp\ccmHE4sK.debug.temp.o
LOAD C:\Users\Lenovo\AppData\Local\Temp\ccNhLkoM.debug.temp.o
LOAD C:\Users\Lenovo\AppData\Local\Temp\ccArcboO.debug.temp.o
LOAD C:\Users\Lenovo\AppData\Local\Temp\ccLDQ8eQ.debug.temp.o
LOAD C:\Users\Lenovo\AppData\Local\Temp\ccqVrvuS.debug.temp.o
LOAD C:\Users\Lenovo\AppData\Local\Temp\ccTqbfOU.debug.temp.o
LOAD C:\Users\Lenovo\AppData\Local\Temp\ccCgfGUW.debug.temp.o
LOAD C:\Users\Lenovo\AppData\Local\Temp\cctsOChY.debug.temp.o
LOAD C:\Users\Lenovo\AppData\Local\Temp\ccyj1yuZ.debug.temp.o
LOAD C:\Users\Lenovo\AppData\Local\Temp\cctbNf90.debug.temp.o
LOAD C:\Users\Lenovo\AppData\Local\Temp\ccwfVdS2.debug.temp.o
LOAD C:\Users\Lenovo\AppData\Local\Temp\ccXLnmn4.debug.temp.o
LOAD C:\Users\Lenovo\AppData\Local\Temp\ccGjcuX5.debug.temp.o
LOAD C:\Users\Lenovo\AppData\Local\Temp\cczgN7N6.debug.temp.o
LOAD C:\Users\Lenovo\AppData\Local\Temp\ccW0PAs7.debug.temp.o
LOAD C:\Users\Lenovo\AppData\Local\Temp\ccBI8ub8.debug.temp.o
LOAD C:\Users\Lenovo\AppData\Local\Temp\ccGdy9g9.debug.temp.o
LOAD C:\Users\Lenovo\AppData\Local\Temp\ccLIXNma.debug.temp.o
LOAD C:\Users\Lenovo\AppData\Local\Temp\ccclhsxb.debug.temp.o
LOAD C:\Users\Lenovo\AppData\Local\Temp\ccJYreuc.debug.temp.o
LOAD C:\Users\Lenovo\AppData\Local\Temp\ccmd8Rud.debug.temp.o
LOAD C:\Users\Lenovo\AppData\Local\Temp\ccdX81Ld.debug.temp.o
LOAD C:\Users\Lenovo\AppData\Local\Temp\cc4G9b3d.debug.temp.o
LOAD C:\Users\Lenovo\AppData\Local\Temp\cc9Hd36d.debug.temp.o
LOAD C:\Users\Lenovo\AppData\Local\Temp\ccuDglfe.debug.temp.o
LOAD C:\Users\Lenovo\AppData\Local\Temp\ccPU8XLe.debug.temp.o
LOAD C:\Users\Lenovo\AppData\Local\Temp\ccGqkJ9e.debug.temp.o
LOAD C:\Users\Lenovo\AppData\Local\Temp\ccJugFuj.debug.temp.o
LOAD C:\Users\Lenovo\AppData\Local\Temp\ccQsGaBn.debug.temp.o
LOAD C:\Users\Lenovo\AppData\Local\Temp\ccB5UQ8r.debug.temp.o
LOAD C:\Users\Lenovo\AppData\Local\Temp\ccMNDExw.debug.temp.o
LOAD C:\Users\Lenovo\AppData\Local\Temp\ccBcWA2A.debug.temp.o
LOAD C:\Users\Lenovo\AppData\Local\Temp\cck61BJE.debug.temp.o
LOAD C:\Users\Lenovo\AppData\Local\Temp\ccDkZLhI.debug.temp.o
LOAD C:\Users\Lenovo\AppData\Local\Temp\cc8mnmUL.debug.temp.o
LOAD C:\Users\Lenovo\AppData\Local\Temp\cc3cSGTP.debug.temp.o
LOAD C:\Users\Lenovo\AppData\Local\Temp\cc6G9SWT.debug.temp.o
LOAD C:\Users\Lenovo\AppData\Local\Temp\ccFnHWQX.debug.temp.o
LOAD C:\Users\Lenovo\AppData\Local\Temp\ccc93WW0.debug.temp.o
LOAD C:\Users\Lenovo\AppData\Local\Temp\cc3sxO73.debug.temp.o
LOAD C:\Users\Lenovo\AppData\Local\Temp\ccmnW746.debug.temp.o
LOAD C:\Users\Lenovo\AppData\Local\Temp\ccVbkS69.debug.temp.o
LOAD C:\Users\Lenovo\AppData\Local\Temp\ccYT439c.debug.temp.o
LOAD C:\Users\Lenovo\AppData\Local\Temp\ccvZXRzg.debug.temp.o
LOAD C:\Users\Lenovo\AppData\Local\Temp\ccAou5Qj.debug.temp.o
LOAD C:\Users\Lenovo\AppData\Local\Temp\ccbAFDcn.debug.temp.o
LOAD C:\Users\Lenovo\AppData\Local\Temp\ccuqG5Np.debug.temp.o
LOAD C:\Users\Lenovo\AppData\Local\Temp\cchsJFgs.debug.temp.o
LOAD C:\Users\Lenovo\AppData\Local\Temp\cc2C5c6u.debug.temp.o
LOAD C:\Users\Lenovo\AppData\Local\Temp\ccnKKD0x.debug.temp.o
LOAD zephyr/CMakeFiles/offsets.dir/./arch/arm/core/offsets/offsets.c.obj
LOAD app/libapp.a
LOAD zephyr/libzephyr.a
LOAD zephyr/arch/common/libarch__common.a
LOAD zephyr/arch/arch/arm/core/libarch__arm__core.a
LOAD zephyr/arch/arch/arm/core/cortex_m/libarch__arm__core__cortex_m.a
LOAD zephyr/arch/arch/arm/core/cortex_m/cmse/libarch__arm__core__cortex_m__cmse.a
LOAD zephyr/arch/arch/arm/core/mpu/libarch__arm__core__mpu.a
LOAD zephyr/lib/libc/minimal/liblib__libc__minimal.a
LOAD zephyr/lib/libc/common/liblib__libc__common.a
LOAD zephyr/soc/soc/nrf54l15/libsoc__nordic.a
LOAD zephyr/drivers/cache/libdrivers__cache.a
LOAD zephyr/drivers/clock_control/libdrivers__clock_control.a
LOAD zephyr/drivers/flash/libdrivers__flash.a
LOAD zephyr/drivers/gpio/libdrivers__gpio.a
LOAD zephyr/drivers/pinctrl/libdrivers__pinctrl.a
LOAD zephyr/drivers/sensor/nordic/temp/libdrivers__sensor__nordic__temp.a
LOAD zephyr/drivers/spi/libdrivers__spi.a
LOAD zephyr/drivers/timer/libdrivers__timer.a
LOAD modules/nrf/lib/fprotect/lib..__nrf__lib__fprotect.a
LOAD modules/nrf/subsys/nrf_security/src/zephyr/libmbedtls_zephyr.a
LOAD modules/mcuboot/boot/bootutil/zephyr/libmcuboot_util.a
LOAD modules/hal_nordic/modules/hal_nordic/nrfx/libmodules__hal_nordic__nrfx.a
LOAD zephyr/kernel/libkernel.a
LOAD zephyr/arch/common/libisr_tables.a
LOAD modules/nrf/subsys/nrf_security/src/libmbedcrypto.a
LOAD modules/nrf/subsys/nrf_security/src/core/nrf_oberon/liboberon_psa_core.a
LOAD modules/nrf/subsys/nrf_security/src/drivers/cracen/libcracen_psa_driver.a
LOAD modules/nrf/subsys/nrf_security/src/libmbedcrypto_base.a
LOAD modules/nrf/subsys/nrf_security/src/libnrf_security_utils.a
LOAD zephyr/kernel/libkernel.a
LOAD c:/ncs/toolchains/0b393f9e1b/opt/zephyr-sdk/arm-zephyr-eabi/bin/../lib/gcc/arm-zephyr-eabi/12.2.0/thumb/v8-m.main/nofp\libgcc.a
                0x0000000000000020                _region_min_align = 0x20

.rel.plt        0x0000000000000000        0x0
 *(SORT_BY_ALIGNMENT(.rel.plt))
                [!provide]                        PROVIDE (__rel_iplt_start = .)
 *(SORT_BY_ALIGNMENT(.rel.iplt))
 .rel.iplt      0x0000000000000000        0x0 zephyr/arch/arch/arm/core/libarch__arm__core.a(nmi_on_reset.S.obj)
                [!provide]                        PROVIDE (__rel_iplt_end = .)

.rela.plt       0x0000000000000000        0x0
 *(SORT_BY_ALIGNMENT(.rela.plt))
                [!provide]                        PROVIDE (__rela_iplt_start = .)
 *(SORT_BY_ALIGNMENT(.rela.iplt))
                [!provide]                        PROVIDE (__rela_iplt_end = .)

.rel.dyn
 *(SORT_BY_ALIGNMENT(.rel.*))

.rela.dyn
 *(SORT_BY_ALIGNMENT(.rela.*))

/DISCARD/
 *(SORT_BY_ALIGNMENT(.plt))

/DISCARD/
 *(SORT_BY_ALIGNMENT(.iplt))
                0x0000000000000000                __rom_region_start = 0x0

rom_start       0x0000000000000000       0x40
                0x0000000000000000                __rom_start_address = .
 FILL mask 0x00
                0x0000000000000000                . = (. + (0x0 - (. - __rom_start_address)))
                0x0000000000000000                . = ALIGN (0x4)
                0x0000000000000000                . = ALIGN (0x80)
                0x0000000000000000                . = ALIGN (0x800)
                0x0000000000000000                _vector_start = .
 *(SORT_BY_ALIGNMENT(.exc_vector_table))
 *(SORT_BY_ALIGNMENT(.exc_vector_table.*))
 .exc_vector_table._vector_table_section
                0x0000000000000000       0x40 zephyr/arch/arch/arm/core/cortex_m/libarch__arm__core__cortex_m.a(vector_table.S.obj)
                0x0000000000000000                _vector_table
 *(SORT_BY_ALIGNMENT(.vectors))
                0x0000000000000040                _vector_end = .
                0x0000000000000040                . = ALIGN (0x4)
 *(SORT_BY_ALIGNMENT(.gnu.linkonce.irq_vector_table*))
                0x0000000000000040                _vector_end = .

text            0x0000000000000040     0x9750
                0x0000000000000040                __text_region_start = .
 *(SORT_BY_ALIGNMENT(.text))
 .text          0x0000000000000040       0x30 c:/ncs/toolchains/0b393f9e1b/opt/zephyr-sdk/arm-zephyr-eabi/bin/../lib/gcc/arm-zephyr-eabi/12.2.0/thumb/v8-m.main/nofp\libgcc.a(_aeabi_uldivmod.o)
                0x0000000000000040                __aeabi_uldivmod
 .text          0x0000000000000070        0x4 c:/ncs/toolchains/0b393f9e1b/opt/zephyr-sdk/arm-zephyr-eabi/bin/../lib/gcc/arm-zephyr-eabi/12.2.0/thumb/v8-m.main/nofp\libgcc.a(_dvmd_tls.o)
                0x0000000000000070                __aeabi_idiv0
                0x0000000000000070                __aeabi_ldiv0
 .text          0x0000000000000074      0x29c c:/ncs/toolchains/0b393f9e1b/opt/zephyr-sdk/arm-zephyr-eabi/bin/../lib/gcc/arm-zephyr-eabi/12.2.0/thumb/v8-m.main/nofp\libgcc.a(_udivmoddi4.o)
                0x0000000000000074                __udivmoddi4
 *(SORT_BY_ALIGNMENT(.text.*))
 .text.process_event
                0x0000000000000310      0x21c C:\Users\Lenovo\AppData\Local\Temp\ccgdLsTN.ltrans0.ltrans.o
 .text.z_arm_clear_arm_mpu_config
                0x000000000000052c       0x24 C:\Users\Lenovo\AppData\Local\Temp\ccgdLsTN.ltrans0.ltrans.o
 .text.region_allocate_and_init
                0x0000000000000550       0x48 C:\Users\Lenovo\AppData\Local\Temp\ccgdLsTN.ltrans0.ltrans.o
 .text.nrf54l_errata_31.lto_priv.0
                0x0000000000000598       0x20 C:\Users\Lenovo\AppData\Local\Temp\ccgdLsTN.ltrans0.ltrans.o
 .text.nordicsemi_nrf54l_init
                0x00000000000005b8       0xb0 C:\Users\Lenovo\AppData\Local\Temp\ccgdLsTN.ltrans0.ltrans.o
 .text.onoff_stop
                0x0000000000000668       0x30 C:\Users\Lenovo\AppData\Local\Temp\ccgdLsTN.ltrans0.ltrans.o
 .text.onoff_start
                0x0000000000000698       0x44 C:\Users\Lenovo\AppData\Local\Temp\ccgdLsTN.ltrans0.ltrans.o
 .text.hf_request
                0x00000000000006dc       0x24 C:\Users\Lenovo\AppData\Local\Temp\ccgdLsTN.ltrans0.ltrans.o
 .text.timeout_handler
                0x0000000000000700       0x20 C:\Users\Lenovo\AppData\Local\Temp\ccgdLsTN.ltrans0.ltrans.o
 .text.nrf_rram_get_size
                0x0000000000000720       0x10 C:\Users\Lenovo\AppData\Local\Temp\ccgdLsTN.ltrans0.ltrans.o
 .text.nrf_rram_get_parameters
                0x0000000000000730        0x8 C:\Users\Lenovo\AppData\Local\Temp\ccgdLsTN.ltrans0.ltrans.o
 .text.nrf_rram_page_layout
                0x0000000000000738       0x10 C:\Users\Lenovo\AppData\Local\Temp\ccgdLsTN.ltrans0.ltrans.o
 .text.nrf_rram_init
                0x0000000000000748       0x24 C:\Users\Lenovo\AppData\Local\Temp\ccgdLsTN.ltrans0.ltrans.o
 .text.spi_nor_init
                0x000000000000076c       0x1c C:\Users\Lenovo\AppData\Local\Temp\ccgdLsTN.ltrans0.ltrans.o
 .text.flash_nor_get_parameters
                0x0000000000000788        0x8 C:\Users\Lenovo\AppData\Local\Temp\ccgdLsTN.ltrans0.ltrans.o
 .text.nrfx_gpio_handler
                0x0000000000000790       0x58 C:\Users\Lenovo\AppData\Local\Temp\ccgdLsTN.ltrans0.ltrans.o
 .text.hfclk_on_callback
                0x00000000000007e8        0xc C:\Users\Lenovo\AppData\Local\Temp\ccgdLsTN.ltrans0.ltrans.o
 .text.temp_nrf5_channel_get
                0x00000000000007f4       0x2c C:\Users\Lenovo\AppData\Local\Temp\ccgdLsTN.ltrans0.ltrans.o
 .text.k_busy_wait.lto_priv.0
                0x0000000000000820       0x24 C:\Users\Lenovo\AppData\Local\Temp\ccgdLsTN.ltrans0.ltrans.o
 .text.mbedtls_heap_init
                0x0000000000000844       0x80 C:\Users\Lenovo\AppData\Local\Temp\ccgdLsTN.ltrans0.ltrans.o
 .text.nrf54l_handle_approtect_signal
                0x00000000000008c4       0x34 C:\Users\Lenovo\AppData\Local\Temp\ccgdLsTN.ltrans0.ltrans.o
 .text.nrfx_flag32_free
                0x00000000000008f8       0x38 C:\Users\Lenovo\AppData\Local\Temp\ccgdLsTN.ltrans0.ltrans.o
 .text.clock_stop
                0x0000000000000930       0xd8 C:\Users\Lenovo\AppData\Local\Temp\ccgdLsTN.ltrans0.ltrans.o
 .text.generic_hfclk_stop.lto_priv.0
                0x0000000000000a08       0x34 C:\Users\Lenovo\AppData\Local\Temp\ccgdLsTN.ltrans0.ltrans.o
                0x0000000000000a08                generic_hfclk_stop.lto_priv.0
 .text.nrfx_clock_start
                0x0000000000000a3c       0xd0 C:\Users\Lenovo\AppData\Local\Temp\ccgdLsTN.ltrans0.ltrans.o
 .text.nrfx_clock_calibration_start
                0x0000000000000b0c       0x68 C:\Users\Lenovo\AppData\Local\Temp\ccgdLsTN.ltrans0.ltrans.o
 .text.get_pin_idx
                0x0000000000000b74       0x14 C:\Users\Lenovo\AppData\Local\Temp\ccgdLsTN.ltrans0.ltrans.o
 .text.pin_in_use_by_te
                0x0000000000000b88       0x24 C:\Users\Lenovo\AppData\Local\Temp\ccgdLsTN.ltrans0.ltrans.o
 .text.pin_is_output
                0x0000000000000bac       0x24 C:\Users\Lenovo\AppData\Local\Temp\ccgdLsTN.ltrans0.ltrans.o
 .text.pin_te_get
                0x0000000000000bd0       0x24 C:\Users\Lenovo\AppData\Local\Temp\ccgdLsTN.ltrans0.ltrans.o
 .text.release_handler
                0x0000000000000bf4       0x70 C:\Users\Lenovo\AppData\Local\Temp\ccgdLsTN.ltrans0.ltrans.o
 .text.z_sys_init_run_level
                0x0000000000000c64       0x48 C:\Users\Lenovo\AppData\Local\Temp\ccgdLsTN.ltrans0.ltrans.o
 .text.adjust_owner_prio
                0x0000000000000cac       0x9c C:\Users\Lenovo\AppData\Local\Temp\ccgdLsTN.ltrans0.ltrans.o
 .text.remove_timeout
                0x0000000000000d48       0x20 C:\Users\Lenovo\AppData\Local\Temp\ccgdLsTN.ltrans0.ltrans.o
 .text.verify_header
                0x0000000000000d68       0x40 C:\Users\Lenovo\AppData\Local\Temp\ccgdLsTN.ltrans0.ltrans.o
 .text.verify_chain
                0x0000000000000da8       0x3c C:\Users\Lenovo\AppData\Local\Temp\ccgdLsTN.ltrans0.ltrans.o
 .text.api_blocking_start.lto_priv.0
                0x0000000000000de4       0x34 C:\Users\Lenovo\AppData\Local\Temp\ccgdLsTN.ltrans0.ltrans.o
                0x0000000000000de4                api_blocking_start.lto_priv.0
 .text.generic_hfclk_start.lto_priv.0
                0x0000000000000e18       0x78 C:\Users\Lenovo\AppData\Local\Temp\ccgdLsTN.ltrans0.ltrans.o
                0x0000000000000e18                generic_hfclk_start.lto_priv.0
 .text.nrfx_flag32_alloc
                0x0000000000000e90       0x40 C:\Users\Lenovo\AppData\Local\Temp\ccgdLsTN.ltrans0.ltrans.o
 .text.buffer_alloc_calloc_mutexed
                0x0000000000000ed0      0x138 C:\Users\Lenovo\AppData\Local\Temp\ccgdLsTN.ltrans0.ltrans.o
 .text.buffer_alloc_free_mutexed
                0x0000000000001008      0x138 C:\Users\Lenovo\AppData\Local\Temp\ccgdLsTN.ltrans0.ltrans.o
 .text.bootutil_sha_init.lto_priv.0
                0x0000000000001140       0x40 C:\Users\Lenovo\AppData\Local\Temp\ccgdLsTN.ltrans0.ltrans.o
                0x0000000000001140                bootutil_sha_init.lto_priv.0
 .text.flash_area_open
                0x0000000000001180       0x38 C:\Users\Lenovo\AppData\Local\Temp\ccgdLsTN.ltrans0.ltrans.o
                0x0000000000001180                flash_area_open
 .text._HandlerModeExit
                0x00000000000011b8       0x28 C:\Users\Lenovo\AppData\Local\Temp\ccgdLsTN.ltrans0.ltrans.o
                0x00000000000011b8                z_arm_int_exit
                0x00000000000011b8                z_arm_exc_exit
 .text.z_arm_init_arch_hw_at_boot
                0x00000000000011e0       0x4c C:\Users\Lenovo\AppData\Local\Temp\ccgdLsTN.ltrans0.ltrans.o
                0x00000000000011e0                z_arm_init_arch_hw_at_boot
 .text.__NVIC_EnableIRQ.lto_priv.0
                0x000000000000122c       0x1c C:\Users\Lenovo\AppData\Local\Temp\ccgdLsTN.ltrans0.ltrans.o
                0x000000000000122c                __NVIC_EnableIRQ.lto_priv.0
 .text.__NVIC_DisableIRQ.lto_priv.0
                0x0000000000001248       0x24 C:\Users\Lenovo\AppData\Local\Temp\ccgdLsTN.ltrans0.ltrans.o
                0x0000000000001248                __NVIC_DisableIRQ.lto_priv.0
 .text.nrfx_spim_uninit
                0x000000000000126c       0x8c C:\Users\Lenovo\AppData\Local\Temp\ccgdLsTN.ltrans0.ltrans.o
 .text.__NVIC_SetPriority.lto_priv.0.lto_priv.0
                0x00000000000012f8       0x28 C:\Users\Lenovo\AppData\Local\Temp\ccgdLsTN.ltrans0.ltrans.o
                0x00000000000012f8                __NVIC_SetPriority.lto_priv.0.lto_priv.0
 .text.clk_init
                0x0000000000001320       0x9c C:\Users\Lenovo\AppData\Local\Temp\ccgdLsTN.ltrans0.ltrans.o
 .text.gpio_nrfx_init
                0x00000000000013bc       0x9c C:\Users\Lenovo\AppData\Local\Temp\ccgdLsTN.ltrans0.ltrans.o
 .text.temp_nrf5_init
                0x0000000000001458       0x44 C:\Users\Lenovo\AppData\Local\Temp\ccgdLsTN.ltrans0.ltrans.o
 .text.nrf_rram_read
                0x000000000000149c       0x2c C:\Users\Lenovo\AppData\Local\Temp\ccgdLsTN.ltrans0.ltrans.o
 .text.nrf_gpio_pin_port_decode.lto_priv.0.lto_priv.0
                0x00000000000014c8       0x20 C:\Users\Lenovo\AppData\Local\Temp\ccgdLsTN.ltrans0.ltrans.o
                0x00000000000014c8                nrf_gpio_pin_port_decode.lto_priv.1.lto_priv.0
                0x00000000000014c8                nrf_gpio_pin_port_decode.lto_priv.0.lto_priv.0
 .text.pin_trigger_enable
                0x00000000000014e8       0xb0 C:\Users\Lenovo\AppData\Local\Temp\ccgdLsTN.ltrans0.ltrans.o
 .text.gpiote_input_configure
                0x0000000000001598      0x1e8 C:\Users\Lenovo\AppData\Local\Temp\ccgdLsTN.ltrans0.ltrans.o
 .text.gpio_nrfx_pin_configure
                0x0000000000001780      0x27c C:\Users\Lenovo\AppData\Local\Temp\ccgdLsTN.ltrans0.ltrans.o
 .text.gpio_nrfx_pin_interrupt_configure
                0x00000000000019fc      0x100 C:\Users\Lenovo\AppData\Local\Temp\ccgdLsTN.ltrans0.ltrans.o
 .text.counter.lto_priv.0
                0x0000000000001afc       0x50 C:\Users\Lenovo\AppData\Local\Temp\ccgdLsTN.ltrans0.ltrans.o
                0x0000000000001afc                counter.lto_priv.0
 .text.elapsed  0x0000000000001b4c       0x2c C:\Users\Lenovo\AppData\Local\Temp\ccgdLsTN.ltrans0.ltrans.o
 .text.next_timeout
                0x0000000000001b78       0x2c C:\Users\Lenovo\AppData\Local\Temp\ccgdLsTN.ltrans0.ltrans.o
 .text.sys_clock_timeout_handler
                0x0000000000001ba4       0xe0 C:\Users\Lenovo\AppData\Local\Temp\ccgdLsTN.ltrans0.ltrans.o
 .text.sys_clock_tick_get
                0x0000000000001c84       0x30 C:\Users\Lenovo\AppData\Local\Temp\ccgdLsTN.ltrans0.ltrans.o
 .text.boot_read_swap_state
                0x0000000000001cb4       0xb4 C:\Users\Lenovo\AppData\Local\Temp\ccgdLsTN.ltrans0.ltrans.o
                0x0000000000001cb4                boot_read_swap_state
 .text.boot_write_magic
                0x0000000000001d68       0x40 C:\Users\Lenovo\AppData\Local\Temp\ccgdLsTN.ltrans0.ltrans.o
                0x0000000000001d68                boot_write_magic
 .text.SystemInit
                0x0000000000001da8       0xf8 C:\Users\Lenovo\AppData\Local\Temp\ccgdLsTN.ltrans0.ltrans.o
                0x0000000000001da8                SystemInit
 .text.z_impl_k_mutex_lock
                0x0000000000001ea0       0xdc C:\Users\Lenovo\AppData\Local\Temp\ccgdLsTN.ltrans0.ltrans.o
                0x0000000000001ea0                z_impl_k_mutex_lock
 .text.z_swap_irqlock.lto_priv.0
                0x0000000000001f7c       0x34 C:\Users\Lenovo\AppData\Local\Temp\ccgdLsTN.ltrans0.ltrans.o
                0x0000000000001f7c                z_swap_irqlock.lto_priv.0
 .text.z_reschedule_unlocked.lto_priv.0
                0x0000000000001fb0       0x34 C:\Users\Lenovo\AppData\Local\Temp\ccgdLsTN.ltrans0.ltrans.o
 .text.cal_hf_callback
                0x0000000000001fe4       0xc8 C:\Users\Lenovo\AppData\Local\Temp\ccgdLsTN.ltrans0.ltrans.o
 .text.z_impl_k_yield
                0x00000000000020ac       0x78 C:\Users\Lenovo\AppData\Local\Temp\ccgdLsTN.ltrans0.ltrans.o
 .text.ready_thread.lto_priv.0
                0x0000000000002124       0x84 C:\Users\Lenovo\AppData\Local\Temp\ccgdLsTN.ltrans0.ltrans.o
                0x0000000000002124                ready_thread.lto_priv.0
 .text.z_prep_c
                0x00000000000021a8      0x418 C:\Users\Lenovo\AppData\Local\Temp\ccgdLsTN.ltrans0.ltrans.o
                0x00000000000021a8                z_prep_c
 .text.unready_thread.lto_priv.0
                0x00000000000025c0       0x4c C:\Users\Lenovo\AppData\Local\Temp\ccgdLsTN.ltrans0.ltrans.o
                0x00000000000025c0                unready_thread.lto_priv.0
 .text.z_add_timeout
                0x000000000000260c       0x88 C:\Users\Lenovo\AppData\Local\Temp\ccgdLsTN.ltrans0.ltrans.o
                0x000000000000260c                z_add_timeout
 .text.k_sleep.lto_priv.0
                0x0000000000002694       0x84 C:\Users\Lenovo\AppData\Local\Temp\ccgdLsTN.ltrans0.ltrans.o
 .text.sys_clock_driver_init
                0x0000000000002718      0x290 C:\Users\Lenovo\AppData\Local\Temp\ccgdLsTN.ltrans0.ltrans.o
 .text.z_timer_expiration_handler
                0x00000000000029a8       0xa0 C:\Users\Lenovo\AppData\Local\Temp\ccgdLsTN.ltrans0.ltrans.o
 .text.z_abort_timeout
                0x0000000000002a48       0x48 C:\Users\Lenovo\AppData\Local\Temp\ccgdLsTN.ltrans0.ltrans.o
                0x0000000000002a48                z_abort_timeout
 .text.lfclk_stop.lto_priv.0
                0x0000000000002a90       0x60 C:\Users\Lenovo\AppData\Local\Temp\ccgdLsTN.ltrans0.ltrans.o
                0x0000000000002a90                lfclk_stop.lto_priv.0
 .text.start_cycle
                0x0000000000002af0       0x54 C:\Users\Lenovo\AppData\Local\Temp\ccgdLsTN.ltrans0.ltrans.o
 .text.clock_event_handler
                0x0000000000002b44       0x5c C:\Users\Lenovo\AppData\Local\Temp\ccgdLsTN.ltrans0.ltrans.o
 .text.measure_temperature
                0x0000000000002ba0       0x80 C:\Users\Lenovo\AppData\Local\Temp\ccgdLsTN.ltrans0.ltrans.o
 .text.z_impl_k_thread_abort
                0x0000000000002c20      0x124 C:\Users\Lenovo\AppData\Local\Temp\ccgdLsTN.ltrans0.ltrans.o
 .text.z_arm_fault
                0x0000000000002d44       0xf8 C:\Users\Lenovo\AppData\Local\Temp\ccgdLsTN.ltrans0.ltrans.o
                0x0000000000002d44                z_arm_fault
 .text.z_thread_entry
                0x0000000000002e3c       0x18 C:\Users\Lenovo\AppData\Local\Temp\ccgdLsTN.ltrans0.ltrans.o
 .text.k_sys_work_q_init
                0x0000000000002e54       0x9c C:\Users\Lenovo\AppData\Local\Temp\ccgdLsTN.ltrans0.ltrans.o
 .text.bg_thread_main
                0x0000000000002ef0      0x5d4 C:\Users\Lenovo\AppData\Local\Temp\ccgdLsTN.ltrans0.ltrans.o
 .text.work_queue_main
                0x00000000000034c4      0x134 C:\Users\Lenovo\AppData\Local\Temp\ccgdLsTN.ltrans0.ltrans.o
 .text.spi_nrfx_init
                0x00000000000035f8      0x128 C:\Users\Lenovo\AppData\Local\Temp\ccgdLsTN.ltrans0.ltrans.o
 .text.transfer_next_chunk
                0x0000000000003720      0x214 C:\Users\Lenovo\AppData\Local\Temp\ccgdLsTN.ltrans0.ltrans.o
 .text.nrf_write
                0x0000000000003934       0x84 C:\Users\Lenovo\AppData\Local\Temp\ccgdLsTN.ltrans0.ltrans.o
 .text.spi_nrfx_transceive
                0x00000000000039b8      0x5e8 C:\Users\Lenovo\AppData\Local\Temp\ccgdLsTN.ltrans0.ltrans.o
 .text.z_impl_k_mutex_unlock
                0x0000000000003fa0       0x84 C:\Users\Lenovo\AppData\Local\Temp\ccgdLsTN.ltrans0.ltrans.o
                0x0000000000003fa0                z_impl_k_mutex_unlock
 .text.temp_nrf5_sample_fetch
                0x0000000000004024       0x70 C:\Users\Lenovo\AppData\Local\Temp\ccgdLsTN.ltrans0.ltrans.o
 .text.mbedtls_platform_zeroize.part.0
                0x0000000000004094       0x14 C:\Users\Lenovo\AppData\Local\Temp\ccgdLsTN.ltrans1.ltrans.o
 .text.mbedtls_zeroize_and_free
                0x00000000000040a8       0x1c C:\Users\Lenovo\AppData\Local\Temp\ccgdLsTN.ltrans1.ltrans.o
 .text.psa_allocate_buffer_to_slot
                0x00000000000040c4       0x2c C:\Users\Lenovo\AppData\Local\Temp\ccgdLsTN.ltrans1.ltrans.o
 .text.psa_get_key_slots_initialized
                0x00000000000040f0       0x24 C:\Users\Lenovo\AppData\Local\Temp\ccgdLsTN.ltrans1.ltrans.o
 .text.cracen_ecc_get_ecurve_from_psa
                0x0000000000004114       0xa4 C:\Users\Lenovo\AppData\Local\Temp\ccgdLsTN.ltrans1.ltrans.o
 .text.cracen_get_opaque_size
                0x00000000000041b8       0x88 C:\Users\Lenovo\AppData\Local\Temp\ccgdLsTN.ltrans1.ltrans.o
 .text.lib_kmu_clear_all_events
                0x0000000000004240       0x24 C:\Users\Lenovo\AppData\Local\Temp\ccgdLsTN.ltrans1.ltrans.o
 .text.trigger_task_and_wait_for_event_or_error
                0x0000000000004264       0x54 C:\Users\Lenovo\AppData\Local\Temp\ccgdLsTN.ltrans1.ltrans.o
 .text.lib_kmu_read_metadata
                0x00000000000042b8       0x28 C:\Users\Lenovo\AppData\Local\Temp\ccgdLsTN.ltrans1.ltrans.o
 .text.sx_ba413_digest
                0x00000000000042e0      0x12c C:\Users\Lenovo\AppData\Local\Temp\ccgdLsTN.ltrans1.ltrans.o
 .text.sx_pk_fetch_capabilities
                0x000000000000440c       0x60 C:\Users\Lenovo\AppData\Local\Temp\ccgdLsTN.ltrans1.ltrans.o
 .text.convert_ba414_status
                0x000000000000446c       0x98 C:\Users\Lenovo\AppData\Local\Temp\ccgdLsTN.ltrans1.ltrans.o
 .text.run_ecdsa_ik_hash
                0x0000000000004504       0x3c C:\Users\Lenovo\AppData\Local\Temp\ccgdLsTN.ltrans1.ltrans.o
 .text.create_sign
                0x0000000000004540       0x80 C:\Users\Lenovo\AppData\Local\Temp\ccgdLsTN.ltrans1.ltrans.o
 .text.create_sign_digest
                0x00000000000045c0       0x40 C:\Users\Lenovo\AppData\Local\Temp\ccgdLsTN.ltrans1.ltrans.o
 .text.create_pubkey
                0x0000000000004600       0x3c C:\Users\Lenovo\AppData\Local\Temp\ccgdLsTN.ltrans1.ltrans.o
 .text.check_ecc_key_attributes.constprop.0
                0x000000000000463c       0x9c C:\Users\Lenovo\AppData\Local\Temp\ccgdLsTN.ltrans1.ltrans.o
 .text.psa_key_algorithm_permits.constprop.0
                0x00000000000046d8       0x10 C:\Users\Lenovo\AppData\Local\Temp\ccgdLsTN.ltrans1.ltrans.o
 .text.nrfx_rramc_write_enable_set.constprop.0
                0x00000000000046e8       0x14 C:\Users\Lenovo\AppData\Local\Temp\ccgdLsTN.ltrans1.ltrans.o
 .text.lib_kmu_revoke_slot
                0x00000000000046fc       0x30 C:\Users\Lenovo\AppData\Local\Temp\ccgdLsTN.ltrans1.ltrans.o
 .text.set_provisioning_in_progress
                0x000000000000472c       0x54 C:\Users\Lenovo\AppData\Local\Temp\ccgdLsTN.ltrans1.ltrans.o
 .text.psa_reserve_free_key_slot
                0x0000000000004780       0x84 C:\Users\Lenovo\AppData\Local\Temp\ccgdLsTN.ltrans1.ltrans.o
 .text.psa_unregister_read_under_mutex
                0x0000000000004804       0x30 C:\Users\Lenovo\AppData\Local\Temp\ccgdLsTN.ltrans1.ltrans.o
 .text.ik_sign_consume_digest
                0x0000000000004834       0x3c C:\Users\Lenovo\AppData\Local\Temp\ccgdLsTN.ltrans1.ltrans.o
 .text.cracen_acquire
                0x0000000000004870       0x3c C:\Users\Lenovo\AppData\Local\Temp\ccgdLsTN.ltrans1.ltrans.o
 .text.sx_hash_create_ba413.lto_priv.0
                0x00000000000048ac       0xa4 C:\Users\Lenovo\AppData\Local\Temp\ccgdLsTN.ltrans1.ltrans.o
                0x00000000000048ac                sx_hash_create_ba413.lto_priv.0
 .text.cracen_release
                0x0000000000004950       0x68 C:\Users\Lenovo\AppData\Local\Temp\ccgdLsTN.ltrans1.ltrans.o
 .text.sx_cmdma_release_hw
                0x00000000000049b8       0x1c C:\Users\Lenovo\AppData\Local\Temp\ccgdLsTN.ltrans1.ltrans.o
 .text.sx_pk_release_req
                0x00000000000049d4       0x28 C:\Users\Lenovo\AppData\Local\Temp\ccgdLsTN.ltrans1.ltrans.o
 .text.sx_pk_list_ik_inslots
                0x00000000000049fc      0x130 C:\Users\Lenovo\AppData\Local\Temp\ccgdLsTN.ltrans1.ltrans.o
 .text.sx_pk_list_ecc_inslots
                0x0000000000004b2c      0x18c C:\Users\Lenovo\AppData\Local\Temp\ccgdLsTN.ltrans1.ltrans.o
 .text.swap_erase_trailer_sectors.constprop.0
                0x0000000000004cb8       0x64 C:\Users\Lenovo\AppData\Local\Temp\ccgdLsTN.ltrans1.ltrans.o
 .text.boot_read_image_size.constprop.0
                0x0000000000004d1c       0x98 C:\Users\Lenovo\AppData\Local\Temp\ccgdLsTN.ltrans1.ltrans.o
 .text.boot_find_status.constprop.0
                0x0000000000004db4       0x24 C:\Users\Lenovo\AppData\Local\Temp\ccgdLsTN.ltrans1.ltrans.o
 .text.boot_copy_region.constprop.0
                0x0000000000004dd8       0x5c C:\Users\Lenovo\AppData\Local\Temp\ccgdLsTN.ltrans1.ltrans.o
 .text.psa_crypto_init
                0x0000000000004e34      0x230 C:\Users\Lenovo\AppData\Local\Temp\ccgdLsTN.ltrans1.ltrans.o
                0x0000000000004e34                psa_crypto_init
 .text.push_kmu_key_to_ram
                0x0000000000005064       0x94 C:\Users\Lenovo\AppData\Local\Temp\ccgdLsTN.ltrans1.ltrans.o
 .text.cracen_kmu_get_builtin_key
                0x00000000000050f8      0x1b8 C:\Users\Lenovo\AppData\Local\Temp\ccgdLsTN.ltrans1.ltrans.o
 .text.psa_driver_wrapper_get_builtin_key
                0x00000000000052b0       0xdc C:\Users\Lenovo\AppData\Local\Temp\ccgdLsTN.ltrans1.ltrans.o
 .text.psa_get_and_lock_key_slot
                0x000000000000538c      0x24c C:\Users\Lenovo\AppData\Local\Temp\ccgdLsTN.ltrans1.ltrans.o
 .text.clkstarted_handle.constprop.0
                0x00000000000055d8       0x4c C:\Users\Lenovo\AppData\Local\Temp\ccgdLsTN.ltrans1.ltrans.o
                0x00000000000055d8                clkstarted_handle.constprop.0
 .text.usage_fault.constprop.0
                0x0000000000005624       0x5c C:\Users\Lenovo\AppData\Local\Temp\ccgdLsTN.ltrans1.ltrans.o
                0x0000000000005624                usage_fault.constprop.0
 .text.bus_fault.constprop.0
                0x0000000000005680       0x6c C:\Users\Lenovo\AppData\Local\Temp\ccgdLsTN.ltrans1.ltrans.o
                0x0000000000005680                bus_fault.constprop.0
 .text.mem_manage_fault.constprop.0
                0x00000000000056ec       0x78 C:\Users\Lenovo\AppData\Local\Temp\ccgdLsTN.ltrans1.ltrans.o
                0x00000000000056ec                mem_manage_fault.constprop.0
 .text.printk.constprop.0
                0x0000000000005764      0x7a0 C:\Users\Lenovo\AppData\Local\Temp\ccgdLsTN.ltrans1.ltrans.o
                0x0000000000005764                printk.constprop.0
 .text.boot_read_image_headers.constprop.0
                0x0000000000005f04       0xdc C:\Users\Lenovo\AppData\Local\Temp\ccgdLsTN.ltrans1.ltrans.o
                0x0000000000005f04                boot_read_image_headers.constprop.0
 .text.boot_swap_type_multi.constprop.0
                0x0000000000005fe0       0xbc C:\Users\Lenovo\AppData\Local\Temp\ccgdLsTN.ltrans1.ltrans.o
                0x0000000000005fe0                boot_swap_type_multi.constprop.0
 .text.z_pend_curr.constprop.0
                0x000000000000609c       0x84 C:\Users\Lenovo\AppData\Local\Temp\ccgdLsTN.ltrans1.ltrans.o
                0x000000000000609c                z_pend_curr.constprop.0
 .text.sys_clock_set_timeout.constprop.0
                0x0000000000006120      0x108 C:\Users\Lenovo\AppData\Local\Temp\ccgdLsTN.ltrans1.ltrans.o
                0x0000000000006120                sys_clock_set_timeout.constprop.0
 .text.z_reschedule.constprop.0
                0x0000000000006228       0x28 C:\Users\Lenovo\AppData\Local\Temp\ccgdLsTN.ltrans1.ltrans.o
                0x0000000000006228                z_reschedule.constprop.0
 .text.cracen_wait_for_interrupt
                0x0000000000006250       0x48 C:\Users\Lenovo\AppData\Local\Temp\ccgdLsTN.ltrans1.ltrans.o
 .text.sx_hash_status
                0x0000000000006298       0xb4 C:\Users\Lenovo\AppData\Local\Temp\ccgdLsTN.ltrans1.ltrans.o
                0x0000000000006298                sx_hash_status
 .text.sx_pk_wait
                0x000000000000634c       0x58 C:\Users\Lenovo\AppData\Local\Temp\ccgdLsTN.ltrans1.ltrans.o
 .text.sx_pk_acquire_req
                0x00000000000063a4       0x54 C:\Users\Lenovo\AppData\Local\Temp\ccgdLsTN.ltrans1.ltrans.o
 .text.exit_ikg
                0x00000000000063f8       0x60 C:\Users\Lenovo\AppData\Local\Temp\ccgdLsTN.ltrans1.ltrans.o
 .text.finish_ecdsa_ik_sign
                0x0000000000006458       0x78 C:\Users\Lenovo\AppData\Local\Temp\ccgdLsTN.ltrans1.ltrans.o
 .text.start_ecdsa_ik_sign
                0x00000000000064d0       0xa8 C:\Users\Lenovo\AppData\Local\Temp\ccgdLsTN.ltrans1.ltrans.o
 .text.run_ik_genpubkey
                0x0000000000006578       0x74 C:\Users\Lenovo\AppData\Local\Temp\ccgdLsTN.ltrans1.ltrans.o
 .text.cracen_import_key.constprop.0
                0x00000000000065ec      0x378 C:\Users\Lenovo\AppData\Local\Temp\ccgdLsTN.ltrans1.ltrans.o
 .text.bootutil_img_validate.constprop.0
                0x0000000000006964      0xa40 C:\Users\Lenovo\AppData\Local\Temp\ccgdLsTN.ltrans1.ltrans.o
 .text.boot_validate_slot.constprop.0
                0x00000000000073a4       0xa4 C:\Users\Lenovo\AppData\Local\Temp\ccgdLsTN.ltrans1.ltrans.o
                0x00000000000073a4                boot_validate_slot.constprop.0
 .text.nrf_gpio_cfg.constprop.0
                0x0000000000007448       0x44 C:\Users\Lenovo\AppData\Local\Temp\ccgdLsTN.ltrans1.ltrans.o
                0x0000000000007448                nrf_gpio_cfg.constprop.0
 .text.pinctrl_apply_state.constprop.0
                0x000000000000748c      0x128 C:\Users\Lenovo\AppData\Local\Temp\ccgdLsTN.ltrans1.ltrans.o
                0x000000000000748c                pinctrl_apply_state.constprop.0
 .text.boot_write_status.constprop.0
                0x00000000000075b4       0x80 C:\Users\Lenovo\AppData\Local\Temp\ccgdLsTN.ltrans1.ltrans.o
 .text.boot_swap_image.constprop.0
                0x0000000000007634      0x28c C:\Users\Lenovo\AppData\Local\Temp\ccgdLsTN.ltrans1.ltrans.o
                0x0000000000007634                boot_swap_image.constprop.0
 .text.z_SysNmiOnReset
                0x00000000000078c0        0x8 zephyr/arch/arch/arm/core/libarch__arm__core.a(nmi_on_reset.S.obj)
                0x00000000000078c0                z_SysNmiOnReset
 .text.__fault  0x00000000000078c8       0x14 zephyr/arch/arch/arm/core/cortex_m/libarch__arm__core__cortex_m.a(fault_s.S.obj)
                0x00000000000078c8                z_arm_usage_fault
                0x00000000000078c8                z_arm_mpu_fault
                0x00000000000078c8                z_arm_exc_spurious
                0x00000000000078c8                z_arm_debug_monitor
                0x00000000000078c8                z_arm_hard_fault
                0x00000000000078c8                z_arm_bus_fault
 .text._reset_section
                0x00000000000078dc       0x60 zephyr/arch/arch/arm/core/cortex_m/libarch__arm__core__cortex_m.a(reset.S.obj)
                0x00000000000078dc                __start
                0x00000000000078dc                z_arm_reset
 .text.z_arm_pendsv
                0x000000000000793c       0x48 zephyr/arch/arch/arm/core/cortex_m/libarch__arm__core__cortex_m.a(swap_helper.S.obj)
                0x000000000000793c                z_arm_pendsv
 .text.z_arm_svc
                0x0000000000007984       0x24 zephyr/arch/arch/arm/core/cortex_m/libarch__arm__core__cortex_m.a(swap_helper.S.obj)
                0x0000000000007984                z_arm_svc
 .text.psa_hash_operation_init
                0x00000000000079a8       0x12 C:\Users\Lenovo\AppData\Local\Temp\ccgdLsTN.ltrans0.ltrans.o
 .text.arch_printk_char_out
                0x00000000000079ba        0x4 C:\Users\Lenovo\AppData\Local\Temp\ccgdLsTN.ltrans0.ltrans.o
 .text.char_out.lto_priv.0
                0x00000000000079be        0x4 C:\Users\Lenovo\AppData\Local\Temp\ccgdLsTN.ltrans0.ltrans.o
                0x00000000000079be                char_out.lto_priv.0
 .text.notify_one
                0x00000000000079c2       0x24 C:\Users\Lenovo\AppData\Local\Temp\ccgdLsTN.ltrans0.ltrans.o
 .text.process_recheck
                0x00000000000079e6       0x38 C:\Users\Lenovo\AppData\Local\Temp\ccgdLsTN.ltrans0.ltrans.o
 .text.transition_complete
                0x0000000000007a1e       0x1a C:\Users\Lenovo\AppData\Local\Temp\ccgdLsTN.ltrans0.ltrans.o
 .text.onoff_request
                0x0000000000007a38       0xc0 C:\Users\Lenovo\AppData\Local\Temp\ccgdLsTN.ltrans0.ltrans.o
 .text.onoff_release
                0x0000000000007af8       0x48 C:\Users\Lenovo\AppData\Local\Temp\ccgdLsTN.ltrans0.ltrans.o
 .text.device_is_ready.lto_priv.0
                0x0000000000007b40       0x16 C:\Users\Lenovo\AppData\Local\Temp\ccgdLsTN.ltrans0.ltrans.o
 .text.flash_area_close
                0x0000000000007b56        0x2 C:\Users\Lenovo\AppData\Local\Temp\ccgdLsTN.ltrans0.ltrans.o
                0x0000000000007b56                flash_area_close
 .text.arm_cmse_mpu_region_get
                0x0000000000007b58       0x12 C:\Users\Lenovo\AppData\Local\Temp\ccgdLsTN.ltrans0.ltrans.o
 .text.mpu_configure_region
                0x0000000000007b6a       0x32 C:\Users\Lenovo\AppData\Local\Temp\ccgdLsTN.ltrans0.ltrans.o
 .text.memset   0x0000000000007b9c       0x12 C:\Users\Lenovo\AppData\Local\Temp\ccgdLsTN.ltrans0.ltrans.o
                0x0000000000007b9c                memset
 .text.get_status.lto_priv.0
                0x0000000000007bae       0x12 C:\Users\Lenovo\AppData\Local\Temp\ccgdLsTN.ltrans0.ltrans.o
                0x0000000000007bae                get_status.lto_priv.0
 .text.stop     0x0000000000007bc0       0x52 C:\Users\Lenovo\AppData\Local\Temp\ccgdLsTN.ltrans0.ltrans.o
 .text.api_stop.lto_priv.0
                0x0000000000007c12        0x6 C:\Users\Lenovo\AppData\Local\Temp\ccgdLsTN.ltrans0.ltrans.o
                0x0000000000007c12                api_stop.lto_priv.0
 .text.async_start
                0x0000000000007c18       0x5c C:\Users\Lenovo\AppData\Local\Temp\ccgdLsTN.ltrans0.ltrans.o
 .text.api_start.lto_priv.0
                0x0000000000007c74        0xe C:\Users\Lenovo\AppData\Local\Temp\ccgdLsTN.ltrans0.ltrans.o
                0x0000000000007c74                api_start.lto_priv.0
 .text.onoff_started_callback
                0x0000000000007c82       0x12 C:\Users\Lenovo\AppData\Local\Temp\ccgdLsTN.ltrans0.ltrans.o
 .text.pm_device_driver_init.lto_priv.0
                0x0000000000007c94       0x20 C:\Users\Lenovo\AppData\Local\Temp\ccgdLsTN.ltrans0.ltrans.o
 .text.spi_nor_pages_layout
                0x0000000000007cb4        0xc C:\Users\Lenovo\AppData\Local\Temp\ccgdLsTN.ltrans0.ltrans.o
 .text.flash_nor_get_size
                0x0000000000007cc0        0xc C:\Users\Lenovo\AppData\Local\Temp\ccgdLsTN.ltrans0.ltrans.o
 .text.gpio_nrfx_port_get_raw
                0x0000000000007ccc        0xc C:\Users\Lenovo\AppData\Local\Temp\ccgdLsTN.ltrans0.ltrans.o
 .text.gpio_nrfx_port_set_masked_raw
                0x0000000000007cd8       0x14 C:\Users\Lenovo\AppData\Local\Temp\ccgdLsTN.ltrans0.ltrans.o
 .text.gpio_nrfx_port_set_bits_raw
                0x0000000000007cec        0xa C:\Users\Lenovo\AppData\Local\Temp\ccgdLsTN.ltrans0.ltrans.o
 .text.gpio_nrfx_port_clear_bits_raw
                0x0000000000007cf6        0xa C:\Users\Lenovo\AppData\Local\Temp\ccgdLsTN.ltrans0.ltrans.o
 .text.gpio_nrfx_port_toggle_bits
                0x0000000000007d00       0x14 C:\Users\Lenovo\AppData\Local\Temp\ccgdLsTN.ltrans0.ltrans.o
 .text.gpio_nrfx_manage_callback
                0x0000000000007d14       0x52 C:\Users\Lenovo\AppData\Local\Temp\ccgdLsTN.ltrans0.ltrans.o
 .text.gpio_pin_set_dt
                0x0000000000007d66       0x28 C:\Users\Lenovo\AppData\Local\Temp\ccgdLsTN.ltrans0.ltrans.o
 .text._spi_context_cs_control
                0x0000000000007d8e       0x40 C:\Users\Lenovo\AppData\Local\Temp\ccgdLsTN.ltrans0.ltrans.o
 .text.lfclk_start.lto_priv.0
                0x0000000000007dce        0x6 C:\Users\Lenovo\AppData\Local\Temp\ccgdLsTN.ltrans0.ltrans.o
                0x0000000000007dce                lfclk_start.lto_priv.0
 .text.__nrfy_internal_grtc_event_handle
                0x0000000000007dd4       0x2a C:\Users\Lenovo\AppData\Local\Temp\ccgdLsTN.ltrans0.ltrans.o
 .text.__nrfy_internal_spim_events_process
                0x0000000000007dfe       0x7c C:\Users\Lenovo\AppData\Local\Temp\ccgdLsTN.ltrans0.ltrans.o
 .text.spim_abort
                0x0000000000007e7a       0x2c C:\Users\Lenovo\AppData\Local\Temp\ccgdLsTN.ltrans0.ltrans.o
 .text.idle     0x0000000000007ea6       0x28 C:\Users\Lenovo\AppData\Local\Temp\ccgdLsTN.ltrans0.ltrans.o
 .text.sys_dlist_remove.lto_priv.0
                0x0000000000007ece       0x10 C:\Users\Lenovo\AppData\Local\Temp\ccgdLsTN.ltrans0.ltrans.o
 .text.platform_calloc_uninit
                0x0000000000007ede        0x4 C:\Users\Lenovo\AppData\Local\Temp\ccgdLsTN.ltrans0.ltrans.o
 .text.k_sem_take.lto_priv.0
                0x0000000000007ee2       0x3c C:\Users\Lenovo\AppData\Local\Temp\ccgdLsTN.ltrans0.ltrans.o
 .text.acquire_device
                0x0000000000007f1e        0xa C:\Users\Lenovo\AppData\Local\Temp\ccgdLsTN.ltrans0.ltrans.o
 .text.spim_pin_uninit
                0x0000000000007f28       0x18 C:\Users\Lenovo\AppData\Local\Temp\ccgdLsTN.ltrans0.ltrans.o
 .text.spim_nrfx_pm_action
                0x0000000000007f40       0x18 C:\Users\Lenovo\AppData\Local\Temp\ccgdLsTN.ltrans0.ltrans.o
 .text._psa_crypto_init
                0x0000000000007f58       0x1e C:\Users\Lenovo\AppData\Local\Temp\ccgdLsTN.ltrans0.ltrans.o
 .text.bootutil_sha_finish.lto_priv.0
                0x0000000000007f76       0x7a C:\Users\Lenovo\AppData\Local\Temp\ccgdLsTN.ltrans0.ltrans.o
                0x0000000000007f76                bootutil_sha_finish.lto_priv.0
 .text.boot_status_is_reset
                0x0000000000007ff0       0x1a C:\Users\Lenovo\AppData\Local\Temp\ccgdLsTN.ltrans0.ltrans.o
                0x0000000000007ff0                boot_status_is_reset
 .text.mbedtls_asn1_get_len
                0x000000000000800a       0x98 C:\Users\Lenovo\AppData\Local\Temp\ccgdLsTN.ltrans0.ltrans.o
                0x000000000000800a                mbedtls_asn1_get_len
 .text.mbedtls_asn1_get_tag
                0x00000000000080a2       0x28 C:\Users\Lenovo\AppData\Local\Temp\ccgdLsTN.ltrans0.ltrans.o
                0x00000000000080a2                mbedtls_asn1_get_tag
 .text.psa_extend_key_usage_flags.lto_priv.0.lto_priv.0
                0x00000000000080ca       0x1a C:\Users\Lenovo\AppData\Local\Temp\ccgdLsTN.ltrans0.ltrans.o
                0x00000000000080ca                psa_extend_key_usage_flags.lto_priv.1.lto_priv.0
                0x00000000000080ca                psa_extend_key_usage_flags.lto_priv.0.lto_priv.0
 .text.flash_get_write_block_size.lto_priv.0.lto_priv.0
                0x00000000000080e4        0xc C:\Users\Lenovo\AppData\Local\Temp\ccgdLsTN.ltrans0.ltrans.o
                0x00000000000080e4                flash_get_write_block_size.lto_priv.0.lto_priv.0
                0x00000000000080e4                flash_get_write_block_size.lto_priv.1.lto_priv.0
 .text.boot_status_off
                0x00000000000080f0       0x18 C:\Users\Lenovo\AppData\Local\Temp\ccgdLsTN.ltrans0.ltrans.o
                0x00000000000080f0                boot_status_off
 .text.encode_uint.lto_priv.0
                0x0000000000008108       0x90 C:\Users\Lenovo\AppData\Local\Temp\ccgdLsTN.ltrans0.ltrans.o
                0x0000000000008108                encode_uint.lto_priv.0
 .text._ConfigAbsSyms
                0x0000000000008198        0x2 C:\Users\Lenovo\AppData\Local\Temp\ccgdLsTN.ltrans0.ltrans.o
                0x0000000000008198                _ConfigAbsSyms
 .text.flash_area_read
                0x000000000000819a       0x2a C:\Users\Lenovo\AppData\Local\Temp\ccgdLsTN.ltrans0.ltrans.o
                0x000000000000819a                flash_area_read
 .text.boot_read_swap_size
                0x00000000000081c4       0x18 C:\Users\Lenovo\AppData\Local\Temp\ccgdLsTN.ltrans0.ltrans.o
                0x00000000000081c4                boot_read_swap_size
 .text.flash_area_write
                0x00000000000081dc       0x2a C:\Users\Lenovo\AppData\Local\Temp\ccgdLsTN.ltrans0.ltrans.o
                0x00000000000081dc                flash_area_write
 .text.flash_area_erase
                0x0000000000008206       0x30 C:\Users\Lenovo\AppData\Local\Temp\ccgdLsTN.ltrans0.ltrans.o
                0x0000000000008206                flash_area_erase
 .text.flash_area_erased_val
                0x0000000000008236        0xe C:\Users\Lenovo\AppData\Local\Temp\ccgdLsTN.ltrans0.ltrans.o
                0x0000000000008236                flash_area_erased_val
 .text.bootutil_buffer_is_erased
                0x0000000000008244       0x22 C:\Users\Lenovo\AppData\Local\Temp\ccgdLsTN.ltrans0.ltrans.o
 .text.boot_read_flag
                0x0000000000008266       0x38 C:\Users\Lenovo\AppData\Local\Temp\ccgdLsTN.ltrans0.ltrans.o
 .text.z_arm_nmi
                0x000000000000829e        0xe C:\Users\Lenovo\AppData\Local\Temp\ccgdLsTN.ltrans0.ltrans.o
                0x000000000000829e                z_arm_nmi
 .text.irq_connect00
                0x00000000000082ac        0x8 C:\Users\Lenovo\AppData\Local\Temp\ccgdLsTN.ltrans0.ltrans.o
 .text.arch_irq_unlock_outlined
                0x00000000000082b4        0xe C:\Users\Lenovo\AppData\Local\Temp\ccgdLsTN.ltrans0.ltrans.o
                0x00000000000082b4                arch_irq_unlock_outlined
 .text.memcpy   0x00000000000082c2       0x16 C:\Users\Lenovo\AppData\Local\Temp\ccgdLsTN.ltrans0.ltrans.o
                0x00000000000082c2                memcpy
 .text.spi_nor_access
                0x00000000000082d8       0x8e C:\Users\Lenovo\AppData\Local\Temp\ccgdLsTN.ltrans0.ltrans.o
 .text.spi_nor_rdsr
                0x0000000000008366       0x22 C:\Users\Lenovo\AppData\Local\Temp\ccgdLsTN.ltrans0.ltrans.o
 .text.spi_nor_write_protection_set
                0x0000000000008388       0x3a C:\Users\Lenovo\AppData\Local\Temp\ccgdLsTN.ltrans0.ltrans.o
 .text.memcmp.part.0
                0x00000000000083c2       0x1a C:\Users\Lenovo\AppData\Local\Temp\ccgdLsTN.ltrans0.ltrans.o
                0x00000000000083c2                memcmp.part.0
 .text.nrf_gpio_cfg_sense_set
                0x00000000000083dc       0x26 C:\Users\Lenovo\AppData\Local\Temp\ccgdLsTN.ltrans0.ltrans.o
 .text.pin_trigger_disable
                0x0000000000008402       0x46 C:\Users\Lenovo\AppData\Local\Temp\ccgdLsTN.ltrans0.ltrans.o
 .text.nrf_gpio_pin_set.lto_priv.0.lto_priv.0
                0x0000000000008448       0x18 C:\Users\Lenovo\AppData\Local\Temp\ccgdLsTN.ltrans0.ltrans.o
                0x0000000000008448                nrf_gpio_pin_set.lto_priv.1.lto_priv.0
                0x0000000000008448                nrf_gpio_pin_set.lto_priv.0.lto_priv.0
 .text.nrf_gpio_pin_clear.lto_priv.0.lto_priv.0
                0x0000000000008460       0x18 C:\Users\Lenovo\AppData\Local\Temp\ccgdLsTN.ltrans0.ltrans.o
                0x0000000000008460                nrf_gpio_pin_clear.lto_priv.1.lto_priv.0
                0x0000000000008460                nrf_gpio_pin_clear.lto_priv.0.lto_priv.0
 .text.sys_clock_cycle_get_32
                0x0000000000008478       0x1e C:\Users\Lenovo\AppData\Local\Temp\ccgdLsTN.ltrans0.ltrans.o
 .text.enter_dpd
                0x0000000000008496       0x4c C:\Users\Lenovo\AppData\Local\Temp\ccgdLsTN.ltrans0.ltrans.o
 .text.boot_read_swap_state_by_id
                0x00000000000084e2       0x22 C:\Users\Lenovo\AppData\Local\Temp\ccgdLsTN.ltrans0.ltrans.o
                0x00000000000084e2                boot_read_swap_state_by_id
 .text.boot_write_trailer
                0x0000000000008504       0x5c C:\Users\Lenovo\AppData\Local\Temp\ccgdLsTN.ltrans0.ltrans.o
                0x0000000000008504                boot_write_trailer
 .text.boot_write_swap_size
                0x0000000000008560       0x1e C:\Users\Lenovo\AppData\Local\Temp\ccgdLsTN.ltrans0.ltrans.o
                0x0000000000008560                boot_write_swap_size
 .text.boot_write_image_ok
                0x000000000000857e       0x1c C:\Users\Lenovo\AppData\Local\Temp\ccgdLsTN.ltrans0.ltrans.o
                0x000000000000857e                boot_write_image_ok
 .text.unpend_thread_no_timeout.lto_priv.0.lto_priv.0
                0x000000000000859a       0x14 C:\Users\Lenovo\AppData\Local\Temp\ccgdLsTN.ltrans0.ltrans.o
                0x000000000000859a                unpend_thread_no_timeout.lto_priv.2.lto_priv.0
                0x000000000000859a                unpend_thread_no_timeout.lto_priv.0.lto_priv.0
 .text.z_ready_thread
                0x00000000000085ae       0x1e C:\Users\Lenovo\AppData\Local\Temp\ccgdLsTN.ltrans0.ltrans.o
 .text.z_sched_wake_thread
                0x00000000000085cc       0x46 C:\Users\Lenovo\AppData\Local\Temp\ccgdLsTN.ltrans0.ltrans.o
                0x00000000000085cc                z_sched_wake_thread
 .text.z_thread_timeout
                0x0000000000008612        0x8 C:\Users\Lenovo\AppData\Local\Temp\ccgdLsTN.ltrans0.ltrans.o
                0x0000000000008612                z_thread_timeout
 .text.spi_nor_wait_until_ready
                0x000000000000861a       0x34 C:\Users\Lenovo\AppData\Local\Temp\ccgdLsTN.ltrans0.ltrans.o
 .text.exit_dpd
                0x000000000000864e       0xa2 C:\Users\Lenovo\AppData\Local\Temp\ccgdLsTN.ltrans0.ltrans.o
 .text.z_abort_thread_timeout.lto_priv.0.lto_priv.0
                0x00000000000086f0        0x6 C:\Users\Lenovo\AppData\Local\Temp\ccgdLsTN.ltrans0.ltrans.o
                0x00000000000086f0                z_abort_thread_timeout.lto_priv.2.lto_priv.0
                0x00000000000086f0                z_abort_thread_timeout.lto_priv.0.lto_priv.0
 .text.z_arm_fatal_error
                0x00000000000086f6       0x24 C:\Users\Lenovo\AppData\Local\Temp\ccgdLsTN.ltrans0.ltrans.o
 .text.z_do_kernel_oops
                0x000000000000871a        0xa C:\Users\Lenovo\AppData\Local\Temp\ccgdLsTN.ltrans0.ltrans.o
                0x000000000000871a                z_do_kernel_oops
 .text.z_impl_k_wakeup
                0x0000000000008724       0x44 C:\Users\Lenovo\AppData\Local\Temp\ccgdLsTN.ltrans0.ltrans.o
 .text.k_sem_give.lto_priv.0
                0x0000000000008768       0x4e C:\Users\Lenovo\AppData\Local\Temp\ccgdLsTN.ltrans0.ltrans.o
 .text.spi_context_unlock_unconditionally
                0x00000000000087b6       0x20 C:\Users\Lenovo\AppData\Local\Temp\ccgdLsTN.ltrans0.ltrans.o
 .text.spi_nrfx_release
                0x00000000000087d6       0x24 C:\Users\Lenovo\AppData\Local\Temp\ccgdLsTN.ltrans0.ltrans.o
 .text.finish_transaction
                0x00000000000087fa       0x22 C:\Users\Lenovo\AppData\Local\Temp\ccgdLsTN.ltrans0.ltrans.o
 .text.event_handler
                0x000000000000881c       0xb2 C:\Users\Lenovo\AppData\Local\Temp\ccgdLsTN.ltrans0.ltrans.o
 .text.release_device
                0x00000000000088ce        0x6 C:\Users\Lenovo\AppData\Local\Temp\ccgdLsTN.ltrans0.ltrans.o
 .text.spi_nor_read
                0x00000000000088d4       0x3e C:\Users\Lenovo\AppData\Local\Temp\ccgdLsTN.ltrans0.ltrans.o
 .text.spi_nor_write
                0x0000000000008912       0xbe C:\Users\Lenovo\AppData\Local\Temp\ccgdLsTN.ltrans0.ltrans.o
 .text.spi_nor_erase
                0x00000000000089d0      0x112 C:\Users\Lenovo\AppData\Local\Temp\ccgdLsTN.ltrans0.ltrans.o
 .text.spi_nor_pm_control
                0x0000000000008ae2      0x264 C:\Users\Lenovo\AppData\Local\Temp\ccgdLsTN.ltrans0.ltrans.o
 .text.nrf_rram_write
                0x0000000000008d46       0x12 C:\Users\Lenovo\AppData\Local\Temp\ccgdLsTN.ltrans0.ltrans.o
 .text.nrf_rram_erase
                0x0000000000008d58        0x8 C:\Users\Lenovo\AppData\Local\Temp\ccgdLsTN.ltrans0.ltrans.o
 .text.blocking_start_callback
                0x0000000000008d60        0x6 C:\Users\Lenovo\AppData\Local\Temp\ccgdLsTN.ltrans0.ltrans.o
 .text.psa_register_read
                0x0000000000008d66       0x1a C:\Users\Lenovo\AppData\Local\Temp\ccgdLsTN.ltrans1.ltrans.o
 .text.safe_memzero
                0x0000000000008d80       0x18 C:\Users\Lenovo\AppData\Local\Temp\ccgdLsTN.ltrans1.ltrans.o
 .text.sx_hash_resume_state
                0x0000000000008d98       0x52 C:\Users\Lenovo\AppData\Local\Temp\ccgdLsTN.ltrans1.ltrans.o
 .text.sx_pk_run
                0x0000000000008dea       0x2e C:\Users\Lenovo\AppData\Local\Temp\ccgdLsTN.ltrans1.ltrans.o
 .text.sx_pk_get_output_ops
                0x0000000000008e18       0x30 C:\Users\Lenovo\AppData\Local\Temp\ccgdLsTN.ltrans1.ltrans.o
 .text.sx_ik_read_status
                0x0000000000008e48       0x1e C:\Users\Lenovo\AppData\Local\Temp\ccgdLsTN.ltrans1.ltrans.o
 .text.si_wq_wake_next
                0x0000000000008e66       0x20 C:\Users\Lenovo\AppData\Local\Temp\ccgdLsTN.ltrans1.ltrans.o
 .text.si_silexpk_status
                0x0000000000008e86       0x2e C:\Users\Lenovo\AppData\Local\Temp\ccgdLsTN.ltrans1.ltrans.o
 .text.mbedtls_mutex_init_fn
                0x0000000000008eb4        0xc C:\Users\Lenovo\AppData\Local\Temp\ccgdLsTN.ltrans1.ltrans.o
                0x0000000000008eb4                mbedtls_mutex_init_fn
 .text.outs.constprop.0
                0x0000000000008ec0       0x28 C:\Users\Lenovo\AppData\Local\Temp\ccgdLsTN.ltrans1.ltrans.o
 .text.sx_cmdma_start.constprop.0
                0x0000000000008ee8       0x9e C:\Users\Lenovo\AppData\Local\Temp\ccgdLsTN.ltrans1.ltrans.o
 .text.clean_up_unfinished_provisioning
                0x0000000000008f86       0x48 C:\Users\Lenovo\AppData\Local\Temp\ccgdLsTN.ltrans1.ltrans.o
 .text.psa_wipe_key_slot
                0x0000000000008fce       0x46 C:\Users\Lenovo\AppData\Local\Temp\ccgdLsTN.ltrans1.ltrans.o
 .text.psa_unregister_read
                0x0000000000009014       0x2a C:\Users\Lenovo\AppData\Local\Temp\ccgdLsTN.ltrans1.ltrans.o
 .text.sx_clrpkmem
                0x000000000000903e       0x3a C:\Users\Lenovo\AppData\Local\Temp\ccgdLsTN.ltrans1.ltrans.o
 .text.sx_wrpkmem
                0x0000000000009078       0x1c C:\Users\Lenovo\AppData\Local\Temp\ccgdLsTN.ltrans1.ltrans.o
 .text.read_primary_slot_metadata
                0x0000000000009094       0x36 C:\Users\Lenovo\AppData\Local\Temp\ccgdLsTN.ltrans1.ltrans.o
 .text.mbedtls_mutex_lock_fn
                0x00000000000090ca        0x8 C:\Users\Lenovo\AppData\Local\Temp\ccgdLsTN.ltrans1.ltrans.o
                0x00000000000090ca                mbedtls_mutex_lock_fn
 .text.mbedtls_mutex_unlock_fn
                0x00000000000090d2        0x4 C:\Users\Lenovo\AppData\Local\Temp\ccgdLsTN.ltrans1.ltrans.o
                0x00000000000090d2                mbedtls_mutex_unlock_fn
 .text.sx_hash_save_state
                0x00000000000090d6       0x9a C:\Users\Lenovo\AppData\Local\Temp\ccgdLsTN.ltrans1.ltrans.o
 .text.hash_partial_run
                0x0000000000009170       0x14 C:\Users\Lenovo\AppData\Local\Temp\ccgdLsTN.ltrans1.ltrans.o
 .text.restore_ik_statuscode
                0x0000000000009184       0x18 C:\Users\Lenovo\AppData\Local\Temp\ccgdLsTN.ltrans1.ltrans.o
 .text.psa_hash_abort
                0x000000000000919c       0x1e C:\Users\Lenovo\AppData\Local\Temp\ccgdLsTN.ltrans1.ltrans.o
                0x000000000000919c                psa_hash_abort
 .text.silex_statuscodes_to_psa
                0x00000000000091ba       0xbc C:\Users\Lenovo\AppData\Local\Temp\ccgdLsTN.ltrans1.ltrans.o
                0x00000000000091ba                silex_statuscodes_to_psa
 .text.init_or_resume_context.lto_priv.0
                0x0000000000009276       0x28 C:\Users\Lenovo\AppData\Local\Temp\ccgdLsTN.ltrans1.ltrans.o
                0x0000000000009276                init_or_resume_context.lto_priv.0
 .text.sx_hash_feed
                0x000000000000929e       0x5e C:\Users\Lenovo\AppData\Local\Temp\ccgdLsTN.ltrans1.ltrans.o
                0x000000000000929e                sx_hash_feed
 .text.hash_consume
                0x00000000000092fc       0x30 C:\Users\Lenovo\AppData\Local\Temp\ccgdLsTN.ltrans1.ltrans.o
 .text.sx_hash_digest
                0x000000000000932c       0x36 C:\Users\Lenovo\AppData\Local\Temp\ccgdLsTN.ltrans1.ltrans.o
                0x000000000000932c                sx_hash_digest
 .text.hash_produce
                0x0000000000009362       0x28 C:\Users\Lenovo\AppData\Local\Temp\ccgdLsTN.ltrans1.ltrans.o
 .text.spi_context_get_next_buf.constprop.0
                0x000000000000938a       0x26 C:\Users\Lenovo\AppData\Local\Temp\ccgdLsTN.ltrans1.ltrans.o
                0x000000000000938a                spi_context_get_next_buf.constprop.0
 .text.flash_area_get_sectors.constprop.0
                0x00000000000093b0       0x94 C:\Users\Lenovo\AppData\Local\Temp\ccgdLsTN.ltrans1.ltrans.o
                0x00000000000093b0                flash_area_get_sectors.constprop.0
 .text.swap_set_copy_done.constprop.0
                0x0000000000009444       0x2e C:\Users\Lenovo\AppData\Local\Temp\ccgdLsTN.ltrans1.ltrans.o
                0x0000000000009444                swap_set_copy_done.constprop.0
 .text.swap_set_image_ok.constprop.0
                0x0000000000009472       0x30 C:\Users\Lenovo\AppData\Local\Temp\ccgdLsTN.ltrans1.ltrans.o
                0x0000000000009472                swap_set_image_ok.constprop.0
 .text.k_event_post_internal.constprop.0
                0x00000000000094a2       0x9e C:\Users\Lenovo\AppData\Local\Temp\ccgdLsTN.ltrans1.ltrans.o
 .text.hash_all_inputs_with_context
                0x0000000000009540       0x48 C:\Users\Lenovo\AppData\Local\Temp\ccgdLsTN.ltrans1.ltrans.o
 .text.psa_hash_update
                0x0000000000009588       0xe0 C:\Users\Lenovo\AppData\Local\Temp\ccgdLsTN.ltrans1.ltrans.o
 .text.hash_status
                0x0000000000009668       0x2c C:\Users\Lenovo\AppData\Local\Temp\ccgdLsTN.ltrans1.ltrans.o
 .text.hash_wait
                0x0000000000009694       0x26 C:\Users\Lenovo\AppData\Local\Temp\ccgdLsTN.ltrans1.ltrans.o
 .text.si_silexpk_wait
                0x00000000000096ba       0x10 C:\Users\Lenovo\AppData\Local\Temp\ccgdLsTN.ltrans1.ltrans.o
 .text.finish_ik_pubkey
                0x00000000000096ca       0x40 C:\Users\Lenovo\AppData\Local\Temp\ccgdLsTN.ltrans1.ltrans.o
 .text.start_ecdsa_ik_sign_wq
                0x000000000000970a        0xc C:\Users\Lenovo\AppData\Local\Temp\ccgdLsTN.ltrans1.ltrans.o
 .text.run_ik_sign
                0x0000000000009716        0x4 C:\Users\Lenovo\AppData\Local\Temp\ccgdLsTN.ltrans1.ltrans.o
 .text.pin_init.constprop.0
                0x000000000000971a       0x30 C:\Users\Lenovo\AppData\Local\Temp\ccgdLsTN.ltrans1.ltrans.o
                0x000000000000971a                pin_init.constprop.0
 .text.z_sched_wake.constprop.0
                0x000000000000974a       0x44 C:\Users\Lenovo\AppData\Local\Temp\ccgdLsTN.ltrans1.ltrans.o
                0x000000000000974a                z_sched_wake.constprop.0
 .text._OffsetAbsSyms
                0x000000000000978e        0x2 zephyr/CMakeFiles/offsets.dir/./arch/arm/core/offsets/offsets.c.obj
                0x000000000000978e                _OffsetAbsSyms
 *(SORT_BY_ALIGNMENT(.TEXT.*))
 *(SORT_BY_ALIGNMENT(.gnu.linkonce.t.*))
 *(SORT_BY_ALIGNMENT(.glue_7t))
 .glue_7t       0x0000000000009790        0x0 linker stubs
 *(SORT_BY_ALIGNMENT(.glue_7))
 .glue_7        0x0000000000009790        0x0 linker stubs
 *(SORT_BY_ALIGNMENT(.vfp11_veneer))
 .vfp11_veneer  0x0000000000009790        0x0 linker stubs
 *(SORT_BY_ALIGNMENT(.v4_bx))
 .v4_bx         0x0000000000009790        0x0 linker stubs
                0x0000000000009790                . = ALIGN (0x4)
                0x0000000000009790                __text_region_end = .

.ARM.exidx      0x0000000000009790        0x8
                0x0000000000009790                __exidx_start = .
 *(SORT_BY_ALIGNMENT(.ARM.exidx*) SORT_BY_ALIGNMENT(gnu.linkonce.armexidx.*))
 .ARM.exidx     0x0000000000009790        0x8 c:/ncs/toolchains/0b393f9e1b/opt/zephyr-sdk/arm-zephyr-eabi/bin/../lib/gcc/arm-zephyr-eabi/12.2.0/thumb/v8-m.main/nofp\libgcc.a(_udivmoddi4.o)
                0x0000000000009798                __exidx_end = .
                0x0000000000009798                __rodata_region_start = .

initlevel       0x0000000000009798       0x68
                0x0000000000009798                __init_start = .
                0x0000000000009798                __init_EARLY_start = .
 *(SORT_BY_NAME(SORT_BY_ALIGNMENT(.z_init_EARLY?_*)))
 *(SORT_BY_NAME(SORT_BY_ALIGNMENT(.z_init_EARLY??_*)))
                0x0000000000009798                __init_PRE_KERNEL_1_start = .
 *(SORT_BY_NAME(SORT_BY_ALIGNMENT(.z_init_PRE_KERNEL_1?_*)))
 .z_init_PRE_KERNEL_10_0_
                0x0000000000009798        0x8 C:\Users\Lenovo\AppData\Local\Temp\ccgdLsTN.ltrans0.ltrans.o
 *(SORT_BY_NAME(SORT_BY_ALIGNMENT(.z_init_PRE_KERNEL_1??_*)))
 .z_init_PRE_KERNEL_130_00056_
                0x00000000000097a0        0x8 C:\Users\Lenovo\AppData\Local\Temp\ccgdLsTN.ltrans0.ltrans.o
 .z_init_PRE_KERNEL_140_00010_
                0x00000000000097a8        0x8 C:\Users\Lenovo\AppData\Local\Temp\ccgdLsTN.ltrans0.ltrans.o
 .z_init_PRE_KERNEL_140_00012_
                0x00000000000097b0        0x8 C:\Users\Lenovo\AppData\Local\Temp\ccgdLsTN.ltrans0.ltrans.o
 .z_init_PRE_KERNEL_140_00023_
                0x00000000000097b8        0x8 C:\Users\Lenovo\AppData\Local\Temp\ccgdLsTN.ltrans0.ltrans.o
                0x00000000000097c0                __init_PRE_KERNEL_2_start = .
 *(SORT_BY_NAME(SORT_BY_ALIGNMENT(.z_init_PRE_KERNEL_2?_*)))
 .z_init_PRE_KERNEL_20_0_
                0x00000000000097c0        0x8 C:\Users\Lenovo\AppData\Local\Temp\ccgdLsTN.ltrans0.ltrans.o
 *(SORT_BY_NAME(SORT_BY_ALIGNMENT(.z_init_PRE_KERNEL_2??_*)))
                0x00000000000097c8                __init_POST_KERNEL_start = .
 *(SORT_BY_NAME(SORT_BY_ALIGNMENT(.z_init_POST_KERNEL?_*)))
 *(SORT_BY_NAME(SORT_BY_ALIGNMENT(.z_init_POST_KERNEL??_*)))
 .z_init_POST_KERNEL40_0_
                0x00000000000097c8        0x8 C:\Users\Lenovo\AppData\Local\Temp\ccgdLsTN.ltrans0.ltrans.o
 .z_init_POST_KERNEL50_00116_
                0x00000000000097d0        0x8 C:\Users\Lenovo\AppData\Local\Temp\ccgdLsTN.ltrans0.ltrans.o
 .z_init_POST_KERNEL50_00121_
                0x00000000000097d8        0x8 C:\Users\Lenovo\AppData\Local\Temp\ccgdLsTN.ltrans0.ltrans.o
 .z_init_POST_KERNEL50_0_
                0x00000000000097e0       0x10 C:\Users\Lenovo\AppData\Local\Temp\ccgdLsTN.ltrans0.ltrans.o
 .z_init_POST_KERNEL80_00117_
                0x00000000000097f0        0x8 C:\Users\Lenovo\AppData\Local\Temp\ccgdLsTN.ltrans0.ltrans.o
 .z_init_POST_KERNEL90_00091_
                0x00000000000097f8        0x8 C:\Users\Lenovo\AppData\Local\Temp\ccgdLsTN.ltrans0.ltrans.o
                0x0000000000009800                __init_APPLICATION_start = .
 *(SORT_BY_NAME(SORT_BY_ALIGNMENT(.z_init_APPLICATION?_*)))
 *(SORT_BY_NAME(SORT_BY_ALIGNMENT(.z_init_APPLICATION??_*)))
                0x0000000000009800                __init_SMP_start = .
 *(SORT_BY_NAME(SORT_BY_ALIGNMENT(.z_init_SMP?_*)))
 *(SORT_BY_NAME(SORT_BY_ALIGNMENT(.z_init_SMP??_*)))
                0x0000000000009800                __init_end = .
                0x0000000000009800                __deferred_init_list_start = .
 *(SORT_BY_ALIGNMENT(.z_deferred_init*))
                0x0000000000009800                __deferred_init_list_end = .

device_area     0x0000000000009800       0xa0
                0x0000000000009800                _device_list_start = .
 *(SORT_BY_NAME(SORT_BY_ALIGNMENT(._device.static.*_?_*)))
 *(SORT_BY_NAME(SORT_BY_ALIGNMENT(._device.static.*_??_*)))
 ._device.static.1_30_
                0x0000000000009800       0x14 C:\Users\Lenovo\AppData\Local\Temp\ccgdLsTN.ltrans0.ltrans.o
                0x0000000000009800                __device_dts_ord_56
 ._device.static.1_40_
                0x0000000000009814       0x3c C:\Users\Lenovo\AppData\Local\Temp\ccgdLsTN.ltrans0.ltrans.o
                0x0000000000009814                __device_dts_ord_10
                0x0000000000009828                __device_dts_ord_23
                0x000000000000983c                __device_dts_ord_12
 ._device.static.3_50_
                0x0000000000009850       0x28 C:\Users\Lenovo\AppData\Local\Temp\ccgdLsTN.ltrans0.ltrans.o
                0x0000000000009850                __device_dts_ord_116
                0x0000000000009864                __device_dts_ord_121
 ._device.static.3_80_
                0x0000000000009878       0x14 C:\Users\Lenovo\AppData\Local\Temp\ccgdLsTN.ltrans0.ltrans.o
                0x0000000000009878                __device_dts_ord_117
 ._device.static.3_90_
                0x000000000000988c       0x14 C:\Users\Lenovo\AppData\Local\Temp\ccgdLsTN.ltrans0.ltrans.o
                0x000000000000988c                __device_dts_ord_91
                0x00000000000098a0                _device_list_end = .

sw_isr_table    0x00000000000098a0        0x0
                0x00000000000098a0                . = ALIGN (0x4)
 *(SORT_BY_ALIGNMENT(.gnu.linkonce.sw_isr_table*))

initlevel_error
                0x0000000000009798        0x0
 *(SORT_BY_NAME(SORT_BY_ALIGNMENT(.z_init_[_A-Z0-9]*)))
                0x0000000000000001                ASSERT ((SIZEOF (initlevel_error) == 0x0), Undefined initialization levels used.)

app_shmem_regions
                0x00000000000098a0        0x0
                0x00000000000098a0                __app_shmem_regions_start = .
 *(SORT_BY_NAME(SORT_BY_ALIGNMENT(.app_regions.*)))
                0x00000000000098a0                __app_shmem_regions_end = .

k_p4wq_initparam_area
                0x00000000000098a0        0x0
                0x00000000000098a0                _k_p4wq_initparam_list_start = .
 *(SORT_BY_NAME(SORT_BY_ALIGNMENT(._k_p4wq_initparam.static.*)))
                0x00000000000098a0                _k_p4wq_initparam_list_end = .

_static_thread_data_area
                0x00000000000098a0        0x0
                0x00000000000098a0                __static_thread_data_list_start = .
 *(SORT_BY_NAME(SORT_BY_ALIGNMENT(.__static_thread_data.static.*)))
                0x00000000000098a0                __static_thread_data_list_end = .

device_deps     0x00000000000098a0        0x0
                0x00000000000098a0                __device_deps_start = .
 *(SORT_BY_NAME(SORT_BY_ALIGNMENT(.__device_deps_pass2*)))
                0x00000000000098a0                __device_deps_end = .

flash_driver_api_area
                0x00000000000098a0       0x30
                0x00000000000098a0                _flash_driver_api_list_start = .
 *(SORT_BY_NAME(SORT_BY_ALIGNMENT(._flash_driver_api.static.*)))
 ._flash_driver_api.static.nrf_rram_api_
                0x00000000000098a0       0x18 C:\Users\Lenovo\AppData\Local\Temp\ccgdLsTN.ltrans0.ltrans.o
 ._flash_driver_api.static.spi_nor_api_
                0x00000000000098b8       0x18 C:\Users\Lenovo\AppData\Local\Temp\ccgdLsTN.ltrans0.ltrans.o
                0x00000000000098d0                _flash_driver_api_list_end = .

gpio_driver_api_area
                0x00000000000098d0       0x24
                0x00000000000098d0                _gpio_driver_api_list_start = .
 *(SORT_BY_NAME(SORT_BY_ALIGNMENT(._gpio_driver_api.static.*)))
 ._gpio_driver_api.static.gpio_nrfx_drv_api_funcs_
                0x00000000000098d0       0x24 C:\Users\Lenovo\AppData\Local\Temp\ccgdLsTN.ltrans0.ltrans.o
                0x00000000000098f4                _gpio_driver_api_list_end = .

sensor_driver_api_area
                0x00000000000098f4       0x1c
                0x00000000000098f4                _sensor_driver_api_list_start = .
 *(SORT_BY_NAME(SORT_BY_ALIGNMENT(._sensor_driver_api.static.*)))
 ._sensor_driver_api.static.temp_nrf5_driver_api_
                0x00000000000098f4       0x1c C:\Users\Lenovo\AppData\Local\Temp\ccgdLsTN.ltrans0.ltrans.o
                0x0000000000009910                _sensor_driver_api_list_end = .

spi_driver_api_area
                0x0000000000009910        0x8
                0x0000000000009910                _spi_driver_api_list_start = .
 *(SORT_BY_NAME(SORT_BY_ALIGNMENT(._spi_driver_api.static.*)))
 ._spi_driver_api.static.spi_nrfx_driver_api_
                0x0000000000009910        0x8 C:\Users\Lenovo\AppData\Local\Temp\ccgdLsTN.ltrans0.ltrans.o
                0x0000000000009918                _spi_driver_api_list_end = .

shared_irq_driver_api_area
                0x0000000000009918        0x0
                0x0000000000009918                _shared_irq_driver_api_list_start = .
 *(SORT_BY_NAME(SORT_BY_ALIGNMENT(._shared_irq_driver_api.static.*)))
                0x0000000000009918                _shared_irq_driver_api_list_end = .

crypto_driver_api_area
                0x0000000000009918        0x0
                0x0000000000009918                _crypto_driver_api_list_start = .
 *(SORT_BY_NAME(SORT_BY_ALIGNMENT(._crypto_driver_api.static.*)))
                0x0000000000009918                _crypto_driver_api_list_end = .

adc_driver_api_area
                0x0000000000009918        0x0
                0x0000000000009918                _adc_driver_api_list_start = .
 *(SORT_BY_NAME(SORT_BY_ALIGNMENT(._adc_driver_api.static.*)))
                0x0000000000009918                _adc_driver_api_list_end = .

auxdisplay_driver_api_area
                0x0000000000009918        0x0
                0x0000000000009918                _auxdisplay_driver_api_list_start = .
 *(SORT_BY_NAME(SORT_BY_ALIGNMENT(._auxdisplay_driver_api.static.*)))
                0x0000000000009918                _auxdisplay_driver_api_list_end = .

bbram_driver_api_area
                0x0000000000009918        0x0
                0x0000000000009918                _bbram_driver_api_list_start = .
 *(SORT_BY_NAME(SORT_BY_ALIGNMENT(._bbram_driver_api.static.*)))
                0x0000000000009918                _bbram_driver_api_list_end = .

bt_hci_driver_api_area
                0x0000000000009918        0x0
                0x0000000000009918                _bt_hci_driver_api_list_start = .
 *(SORT_BY_NAME(SORT_BY_ALIGNMENT(._bt_hci_driver_api.static.*)))
                0x0000000000009918                _bt_hci_driver_api_list_end = .

can_driver_api_area
                0x0000000000009918        0x0
                0x0000000000009918                _can_driver_api_list_start = .
 *(SORT_BY_NAME(SORT_BY_ALIGNMENT(._can_driver_api.static.*)))
                0x0000000000009918                _can_driver_api_list_end = .

cellular_driver_api_area
                0x0000000000009918        0x0
                0x0000000000009918                _cellular_driver_api_list_start = .
 *(SORT_BY_NAME(SORT_BY_ALIGNMENT(._cellular_driver_api.static.*)))
                0x0000000000009918                _cellular_driver_api_list_end = .

charger_driver_api_area
                0x0000000000009918        0x0
                0x0000000000009918                _charger_driver_api_list_start = .
 *(SORT_BY_NAME(SORT_BY_ALIGNMENT(._charger_driver_api.static.*)))
                0x0000000000009918                _charger_driver_api_list_end = .

clock_control_driver_api_area
                0x0000000000009918       0x1c
                0x0000000000009918                _clock_control_driver_api_list_start = .
 *(SORT_BY_NAME(SORT_BY_ALIGNMENT(._clock_control_driver_api.static.*)))
 ._clock_control_driver_api.static.clock_control_api_
                0x0000000000009918       0x1c C:\Users\Lenovo\AppData\Local\Temp\ccgdLsTN.ltrans0.ltrans.o
                0x0000000000009918                clock_control_api.lto_priv.0
                0x0000000000009934                _clock_control_driver_api_list_end = .

comparator_driver_api_area
                0x0000000000009934        0x0
                0x0000000000009934                _comparator_driver_api_list_start = .
 *(SORT_BY_NAME(SORT_BY_ALIGNMENT(._comparator_driver_api.static.*)))
                0x0000000000009934                _comparator_driver_api_list_end = .

coredump_driver_api_area
                0x0000000000009934        0x0
                0x0000000000009934                _coredump_driver_api_list_start = .
 *(SORT_BY_NAME(SORT_BY_ALIGNMENT(._coredump_driver_api.static.*)))
                0x0000000000009934                _coredump_driver_api_list_end = .

counter_driver_api_area
                0x0000000000009934        0x0
                0x0000000000009934                _counter_driver_api_list_start = .
 *(SORT_BY_NAME(SORT_BY_ALIGNMENT(._counter_driver_api.static.*)))
                0x0000000000009934                _counter_driver_api_list_end = .

dac_driver_api_area
                0x0000000000009934        0x0
                0x0000000000009934                _dac_driver_api_list_start = .
 *(SORT_BY_NAME(SORT_BY_ALIGNMENT(._dac_driver_api.static.*)))
                0x0000000000009934                _dac_driver_api_list_end = .

dai_driver_api_area
                0x0000000000009934        0x0
                0x0000000000009934                _dai_driver_api_list_start = .
 *(SORT_BY_NAME(SORT_BY_ALIGNMENT(._dai_driver_api.static.*)))
                0x0000000000009934                _dai_driver_api_list_end = .

display_driver_api_area
                0x0000000000009934        0x0
                0x0000000000009934                _display_driver_api_list_start = .
 *(SORT_BY_NAME(SORT_BY_ALIGNMENT(._display_driver_api.static.*)))
                0x0000000000009934                _display_driver_api_list_end = .

dma_driver_api_area
                0x0000000000009934        0x0
                0x0000000000009934                _dma_driver_api_list_start = .
 *(SORT_BY_NAME(SORT_BY_ALIGNMENT(._dma_driver_api.static.*)))
                0x0000000000009934                _dma_driver_api_list_end = .

edac_driver_api_area
                0x0000000000009934        0x0
                0x0000000000009934                _edac_driver_api_list_start = .
 *(SORT_BY_NAME(SORT_BY_ALIGNMENT(._edac_driver_api.static.*)))
                0x0000000000009934                _edac_driver_api_list_end = .

eeprom_driver_api_area
                0x0000000000009934        0x0
                0x0000000000009934                _eeprom_driver_api_list_start = .
 *(SORT_BY_NAME(SORT_BY_ALIGNMENT(._eeprom_driver_api.static.*)))
                0x0000000000009934                _eeprom_driver_api_list_end = .

emul_bbram_driver_api_area
                0x0000000000009934        0x0
                0x0000000000009934                _emul_bbram_driver_api_list_start = .
 *(SORT_BY_NAME(SORT_BY_ALIGNMENT(._emul_bbram_driver_api.static.*)))
                0x0000000000009934                _emul_bbram_driver_api_list_end = .

fuel_gauge_emul_driver_api_area
                0x0000000000009934        0x0
                0x0000000000009934                _fuel_gauge_emul_driver_api_list_start = .
 *(SORT_BY_NAME(SORT_BY_ALIGNMENT(._fuel_gauge_emul_driver_api.static.*)))
                0x0000000000009934                _fuel_gauge_emul_driver_api_list_end = .

emul_sensor_driver_api_area
                0x0000000000009934        0x0
                0x0000000000009934                _emul_sensor_driver_api_list_start = .
 *(SORT_BY_NAME(SORT_BY_ALIGNMENT(._emul_sensor_driver_api.static.*)))
                0x0000000000009934                _emul_sensor_driver_api_list_end = .

entropy_driver_api_area
                0x0000000000009934        0x0
                0x0000000000009934                _entropy_driver_api_list_start = .
 *(SORT_BY_NAME(SORT_BY_ALIGNMENT(._entropy_driver_api.static.*)))
                0x0000000000009934                _entropy_driver_api_list_end = .

espi_driver_api_area
                0x0000000000009934        0x0
                0x0000000000009934                _espi_driver_api_list_start = .
 *(SORT_BY_NAME(SORT_BY_ALIGNMENT(._espi_driver_api.static.*)))
                0x0000000000009934                _espi_driver_api_list_end = .

espi_saf_driver_api_area
                0x0000000000009934        0x0
                0x0000000000009934                _espi_saf_driver_api_list_start = .
 *(SORT_BY_NAME(SORT_BY_ALIGNMENT(._espi_saf_driver_api.static.*)))
                0x0000000000009934                _espi_saf_driver_api_list_end = .

fpga_driver_api_area
                0x0000000000009934        0x0
                0x0000000000009934                _fpga_driver_api_list_start = .
 *(SORT_BY_NAME(SORT_BY_ALIGNMENT(._fpga_driver_api.static.*)))
                0x0000000000009934                _fpga_driver_api_list_end = .

fuel_gauge_driver_api_area
                0x0000000000009934        0x0
                0x0000000000009934                _fuel_gauge_driver_api_list_start = .
 *(SORT_BY_NAME(SORT_BY_ALIGNMENT(._fuel_gauge_driver_api.static.*)))
                0x0000000000009934                _fuel_gauge_driver_api_list_end = .

gnss_driver_api_area
                0x0000000000009934        0x0
                0x0000000000009934                _gnss_driver_api_list_start = .
 *(SORT_BY_NAME(SORT_BY_ALIGNMENT(._gnss_driver_api.static.*)))
                0x0000000000009934                _gnss_driver_api_list_end = .

haptics_driver_api_area
                0x0000000000009934        0x0
                0x0000000000009934                _haptics_driver_api_list_start = .
 *(SORT_BY_NAME(SORT_BY_ALIGNMENT(._haptics_driver_api.static.*)))
                0x0000000000009934                _haptics_driver_api_list_end = .

hwspinlock_driver_api_area
                0x0000000000009934        0x0
                0x0000000000009934                _hwspinlock_driver_api_list_start = .
 *(SORT_BY_NAME(SORT_BY_ALIGNMENT(._hwspinlock_driver_api.static.*)))
                0x0000000000009934                _hwspinlock_driver_api_list_end = .

i2c_driver_api_area
                0x0000000000009934        0x0
                0x0000000000009934                _i2c_driver_api_list_start = .
 *(SORT_BY_NAME(SORT_BY_ALIGNMENT(._i2c_driver_api.static.*)))
                0x0000000000009934                _i2c_driver_api_list_end = .

i2c_target_driver_api_area
                0x0000000000009934        0x0
                0x0000000000009934                _i2c_target_driver_api_list_start = .
 *(SORT_BY_NAME(SORT_BY_ALIGNMENT(._i2c_target_driver_api.static.*)))
                0x0000000000009934                _i2c_target_driver_api_list_end = .

i2s_driver_api_area
                0x0000000000009934        0x0
                0x0000000000009934                _i2s_driver_api_list_start = .
 *(SORT_BY_NAME(SORT_BY_ALIGNMENT(._i2s_driver_api.static.*)))
                0x0000000000009934                _i2s_driver_api_list_end = .

i3c_driver_api_area
                0x0000000000009934        0x0
                0x0000000000009934                _i3c_driver_api_list_start = .
 *(SORT_BY_NAME(SORT_BY_ALIGNMENT(._i3c_driver_api.static.*)))
                0x0000000000009934                _i3c_driver_api_list_end = .

ipm_driver_api_area
                0x0000000000009934        0x0
                0x0000000000009934                _ipm_driver_api_list_start = .
 *(SORT_BY_NAME(SORT_BY_ALIGNMENT(._ipm_driver_api.static.*)))
                0x0000000000009934                _ipm_driver_api_list_end = .

kscan_driver_api_area
                0x0000000000009934        0x0
                0x0000000000009934                _kscan_driver_api_list_start = .
 *(SORT_BY_NAME(SORT_BY_ALIGNMENT(._kscan_driver_api.static.*)))
                0x0000000000009934                _kscan_driver_api_list_end = .

led_driver_api_area
                0x0000000000009934        0x0
                0x0000000000009934                _led_driver_api_list_start = .
 *(SORT_BY_NAME(SORT_BY_ALIGNMENT(._led_driver_api.static.*)))
                0x0000000000009934                _led_driver_api_list_end = .

led_strip_driver_api_area
                0x0000000000009934        0x0
                0x0000000000009934                _led_strip_driver_api_list_start = .
 *(SORT_BY_NAME(SORT_BY_ALIGNMENT(._led_strip_driver_api.static.*)))
                0x0000000000009934                _led_strip_driver_api_list_end = .

lora_driver_api_area
                0x0000000000009934        0x0
                0x0000000000009934                _lora_driver_api_list_start = .
 *(SORT_BY_NAME(SORT_BY_ALIGNMENT(._lora_driver_api.static.*)))
                0x0000000000009934                _lora_driver_api_list_end = .

mbox_driver_api_area
                0x0000000000009934        0x0
                0x0000000000009934                _mbox_driver_api_list_start = .
 *(SORT_BY_NAME(SORT_BY_ALIGNMENT(._mbox_driver_api.static.*)))
                0x0000000000009934                _mbox_driver_api_list_end = .

mdio_driver_api_area
                0x0000000000009934        0x0
                0x0000000000009934                _mdio_driver_api_list_start = .
 *(SORT_BY_NAME(SORT_BY_ALIGNMENT(._mdio_driver_api.static.*)))
                0x0000000000009934                _mdio_driver_api_list_end = .

mipi_dbi_driver_api_area
                0x0000000000009934        0x0
                0x0000000000009934                _mipi_dbi_driver_api_list_start = .
 *(SORT_BY_NAME(SORT_BY_ALIGNMENT(._mipi_dbi_driver_api.static.*)))
                0x0000000000009934                _mipi_dbi_driver_api_list_end = .

mipi_dsi_driver_api_area
                0x0000000000009934        0x0
                0x0000000000009934                _mipi_dsi_driver_api_list_start = .
 *(SORT_BY_NAME(SORT_BY_ALIGNMENT(._mipi_dsi_driver_api.static.*)))
                0x0000000000009934                _mipi_dsi_driver_api_list_end = .

mspi_driver_api_area
                0x0000000000009934        0x0
                0x0000000000009934                _mspi_driver_api_list_start = .
 *(SORT_BY_NAME(SORT_BY_ALIGNMENT(._mspi_driver_api.static.*)))
                0x0000000000009934                _mspi_driver_api_list_end = .

peci_driver_api_area
                0x0000000000009934        0x0
                0x0000000000009934                _peci_driver_api_list_start = .
 *(SORT_BY_NAME(SORT_BY_ALIGNMENT(._peci_driver_api.static.*)))
                0x0000000000009934                _peci_driver_api_list_end = .

ps2_driver_api_area
                0x0000000000009934        0x0
                0x0000000000009934                _ps2_driver_api_list_start = .
 *(SORT_BY_NAME(SORT_BY_ALIGNMENT(._ps2_driver_api.static.*)))
                0x0000000000009934                _ps2_driver_api_list_end = .

ptp_clock_driver_api_area
                0x0000000000009934        0x0
                0x0000000000009934                _ptp_clock_driver_api_list_start = .
 *(SORT_BY_NAME(SORT_BY_ALIGNMENT(._ptp_clock_driver_api.static.*)))
                0x0000000000009934                _ptp_clock_driver_api_list_end = .

pwm_driver_api_area
                0x0000000000009934        0x0
                0x0000000000009934                _pwm_driver_api_list_start = .
 *(SORT_BY_NAME(SORT_BY_ALIGNMENT(._pwm_driver_api.static.*)))
                0x0000000000009934                _pwm_driver_api_list_end = .

regulator_parent_driver_api_area
                0x0000000000009934        0x0
                0x0000000000009934                _regulator_parent_driver_api_list_start = .
 *(SORT_BY_NAME(SORT_BY_ALIGNMENT(._regulator_parent_driver_api.static.*)))
                0x0000000000009934                _regulator_parent_driver_api_list_end = .

regulator_driver_api_area
                0x0000000000009934        0x0
                0x0000000000009934                _regulator_driver_api_list_start = .
 *(SORT_BY_NAME(SORT_BY_ALIGNMENT(._regulator_driver_api.static.*)))
                0x0000000000009934                _regulator_driver_api_list_end = .

reset_driver_api_area
                0x0000000000009934        0x0
                0x0000000000009934                _reset_driver_api_list_start = .
 *(SORT_BY_NAME(SORT_BY_ALIGNMENT(._reset_driver_api.static.*)))
                0x0000000000009934                _reset_driver_api_list_end = .

retained_mem_driver_api_area
                0x0000000000009934        0x0
                0x0000000000009934                _retained_mem_driver_api_list_start = .
 *(SORT_BY_NAME(SORT_BY_ALIGNMENT(._retained_mem_driver_api.static.*)))
                0x0000000000009934                _retained_mem_driver_api_list_end = .

rtc_driver_api_area
                0x0000000000009934        0x0
                0x0000000000009934                _rtc_driver_api_list_start = .
 *(SORT_BY_NAME(SORT_BY_ALIGNMENT(._rtc_driver_api.static.*)))
                0x0000000000009934                _rtc_driver_api_list_end = .

sdhc_driver_api_area
                0x0000000000009934        0x0
                0x0000000000009934                _sdhc_driver_api_list_start = .
 *(SORT_BY_NAME(SORT_BY_ALIGNMENT(._sdhc_driver_api.static.*)))
                0x0000000000009934                _sdhc_driver_api_list_end = .

smbus_driver_api_area
                0x0000000000009934        0x0
                0x0000000000009934                _smbus_driver_api_list_start = .
 *(SORT_BY_NAME(SORT_BY_ALIGNMENT(._smbus_driver_api.static.*)))
                0x0000000000009934                _smbus_driver_api_list_end = .

stepper_driver_api_area
                0x0000000000009934        0x0
                0x0000000000009934                _stepper_driver_api_list_start = .
 *(SORT_BY_NAME(SORT_BY_ALIGNMENT(._stepper_driver_api.static.*)))
                0x0000000000009934                _stepper_driver_api_list_end = .

syscon_driver_api_area
                0x0000000000009934        0x0
                0x0000000000009934                _syscon_driver_api_list_start = .
 *(SORT_BY_NAME(SORT_BY_ALIGNMENT(._syscon_driver_api.static.*)))
                0x0000000000009934                _syscon_driver_api_list_end = .

tee_driver_api_area
                0x0000000000009934        0x0
                0x0000000000009934                _tee_driver_api_list_start = .
 *(SORT_BY_NAME(SORT_BY_ALIGNMENT(._tee_driver_api.static.*)))
                0x0000000000009934                _tee_driver_api_list_end = .

video_driver_api_area
                0x0000000000009934        0x0